Component: ARM Compiler 5.06 update 1 (build 61) Tool: armlink [4d35a8]

==============================================================================

Section Cross References

    main.o(i.Modular_Init) refers to stm32f4xx_hal.o(i.HAL_Init) for HAL_Init
    main.o(i.Modular_Init) refers to sys.o(i.Stm32_Clock_Init) for Stm32_Clock_Init
    main.o(i.Modular_Init) refers to delay.o(i.delay_init) for delay_init
    main.o(i.Modular_Init) refers to usart.o(i.uart_init) for uart_init
    main.o(i.Modular_Init) refers to led.o(i.LED_Init) for LED_Init
    main.o(i.Modular_Init) refers to key.o(i.KEY_Init) for KEY_Init
    main.o(i.Modular_Init) refers to sdram.o(i.SDRAM_Init) for SDRAM_Init
    main.o(i.Modular_Init) refers to lcd.o(i.LCD_Init) for LCD_Init
    main.o(i.Read_ID) refers to _printf_percent.o(.ARM.Collect$$_printf_percent$$00000000) for _printf_percent
    main.o(i.Read_ID) refers to _printf_x.o(.ARM.Collect$$_printf_percent$$0000000C) for _printf_x
    main.o(i.Read_ID) refers to _printf_hex_int.o(.text) for _printf_longlong_hex
    main.o(i.Read_ID) refers to ads1256.o(i.ADS1256_ReadChipID) for ADS1256_ReadChipID
    main.o(i.Read_ID) refers to noretval__2printf.o(.text) for __2printf
    main.o(i.Screen_Init) refers to lcd.o(i.LCD_ShowString) for LCD_ShowString
    main.o(i.Screen_Init) refers to lcd.o(.data) for POINT_COLOR
    main.o(i.main) refers to main.o(i.Modular_Init) for Modular_Init
    main.o(i.main) refers to main.o(i.Screen_Init) for Screen_Init
    main.o(i.main) refers to delay.o(i.delay_ms) for delay_ms
    main.o(i.main) refers to ad9851.o(i.Ad9850_Init) for Ad9850_Init
    main.o(i.main) refers to ads1256.o(i.bsp_InitADS1256) for bsp_InitADS1256
    main.o(i.main) refers to ads1256.o(i.bsp_Cfg_ADS1256) for bsp_Cfg_ADS1256
    main.o(i.main) refers to main.o(i.Read_ID) for Read_ID
    main.o(i.main) refers to led.o(i.LED_Test) for LED_Test
    stm32f4xx_it.o(i.SysTick_Handler) refers to stm32f4xx_hal.o(i.HAL_IncTick) for HAL_IncTick
    system_stm32f4xx.o(i.SystemCoreClockUpdate) refers to system_stm32f4xx.o(.data) for .data
    startup_stm32f429xx.o(STACK) refers (Special) to heapauxi.o(.text) for __use_two_region_memory
    startup_stm32f429xx.o(HEAP) refers (Special) to heapauxi.o(.text) for __use_two_region_memory
    startup_stm32f429xx.o(RESET) refers (Special) to heapauxi.o(.text) for __use_two_region_memory
    startup_stm32f429xx.o(RESET) refers to startup_stm32f429xx.o(STACK) for __initial_sp
    startup_stm32f429xx.o(RESET) refers to startup_stm32f429xx.o(.text) for Reset_Handler
    startup_stm32f429xx.o(RESET) refers to stm32f4xx_it.o(i.NMI_Handler) for NMI_Handler
    startup_stm32f429xx.o(RESET) refers to stm32f4xx_it.o(i.HardFault_Handler) for HardFault_Handler
    startup_stm32f429xx.o(RESET) refers to stm32f4xx_it.o(i.MemManage_Handler) for MemManage_Handler
    startup_stm32f429xx.o(RESET) refers to stm32f4xx_it.o(i.BusFault_Handler) for BusFault_Handler
    startup_stm32f429xx.o(RESET) refers to stm32f4xx_it.o(i.UsageFault_Handler) for UsageFault_Handler
    startup_stm32f429xx.o(RESET) refers to stm32f4xx_it.o(i.SVC_Handler) for SVC_Handler
    startup_stm32f429xx.o(RESET) refers to stm32f4xx_it.o(i.DebugMon_Handler) for DebugMon_Handler
    startup_stm32f429xx.o(RESET) refers to stm32f4xx_it.o(i.PendSV_Handler) for PendSV_Handler
    startup_stm32f429xx.o(RESET) refers to stm32f4xx_it.o(i.SysTick_Handler) for SysTick_Handler
    startup_stm32f429xx.o(RESET) refers to ads1256.o(i.EXTI9_5_IRQHandler) for EXTI9_5_IRQHandler
    startup_stm32f429xx.o(RESET) refers to timer.o(i.TIM3_IRQHandler) for TIM3_IRQHandler
    startup_stm32f429xx.o(RESET) refers to usart.o(i.USART1_IRQHandler) for USART1_IRQHandler
    startup_stm32f429xx.o(.text) refers (Special) to heapauxi.o(.text) for __use_two_region_memory
    startup_stm32f429xx.o(.text) refers to system_stm32f4xx.o(i.SystemInit) for SystemInit
    startup_stm32f429xx.o(.text) refers to __main.o(!!!main) for __main
    startup_stm32f429xx.o(.text) refers to startup_stm32f429xx.o(HEAP) for Heap_Mem
    startup_stm32f429xx.o(.text) refers to startup_stm32f429xx.o(STACK) for Stack_Mem
    stm32f4xx_hal.o(i.HAL_DeInit) refers to stm32f4xx_hal.o(i.HAL_MspDeInit) for HAL_MspDeInit
    stm32f4xx_hal.o(i.HAL_Delay) refers to stm32f4xx_hal.o(i.HAL_GetTick) for HAL_GetTick
    stm32f4xx_hal.o(i.HAL_GetTick) refers to stm32f4xx_hal.o(.data) for .data
    stm32f4xx_hal.o(i.HAL_IncTick) refers to stm32f4xx_hal.o(.data) for .data
    stm32f4xx_hal.o(i.HAL_Init) refers to stm32f4xx_hal_cortex.o(i.HAL_NVIC_SetPriorityGrouping) for HAL_NVIC_SetPriorityGrouping
    stm32f4xx_hal.o(i.HAL_Init) refers to stm32f4xx_hal.o(i.HAL_InitTick) for HAL_InitTick
    stm32f4xx_hal.o(i.HAL_Init) refers to stm32f4xx_hal.o(i.HAL_MspInit) for HAL_MspInit
    stm32f4xx_hal.o(i.HAL_InitTick) refers to stm32f4xx_hal_rcc.o(i.HAL_RCC_GetHCLKFreq) for HAL_RCC_GetHCLKFreq
[...]
    i.HAL_GPIO_Write                         0x0800105a   Section        0  stm32f4xx_hal_gpio.o(i.HAL_GPIO_Write)
    i.HAL_GPIO_WritePin                      0x0800105e   Section        0  stm32f4xx_hal_gpio.o(i.HAL_GPIO_WritePin)
    i.HAL_GetTick                            0x08001068   Section        0  stm32f4xx_hal.o(i.HAL_GetTick)
    i.HAL_IncTick                            0x08001074   Section        0  stm32f4xx_hal.o(i.HAL_IncTick)
    i.HAL_Init                               0x08001084   Section        0  stm32f4xx_hal.o(i.HAL_Init)
    i.HAL_InitTick                           0x080010b8   Section        0  stm32f4xx_hal.o(i.HAL_InitTick)
    i.HAL_LTDC_ConfigLayer                   0x080010da   Section        0  stm32f4xx_hal_ltdc.o(i.HAL_LTDC_ConfigLayer)
    i.HAL_LTDC_Init                          0x0800112c   Section        0  stm32f4xx_hal_ltdc.o(i.HAL_LTDC_Init)
    i.HAL_LTDC_MspInit                       0x08001228   Section        0  ltdc.o(i.HAL_LTDC_MspInit)
    i.HAL_LTDC_SetWindowPosition             0x0800131c   Section        0  stm32f4xx_hal_ltdc.o(i.HAL_LTDC_SetWindowPosition)
    i.HAL_LTDC_SetWindowSize                 0x08001370   Section        0  stm32f4xx_hal_ltdc.o(i.HAL_LTDC_SetWindowSize)
    i.HAL_MspInit                            0x080013c4   Section        0  stm32f4xx_hal.o(i.HAL_MspInit)
    i.HAL_NVIC_DisableIRQ                    0x080013cc   Section        0  stm32f4xx_hal_cortex.o(i.HAL_NVIC_DisableIRQ)
    i.HAL_NVIC_EnableIRQ                     0x080013e2   Section        0  stm32f4xx_hal_cortex.o(i.HAL_NVIC_EnableIRQ)
    i.HAL_NVIC_SetPriority                   0x080013f8   Section        0  stm32f4xx_hal_cortex.o(i.HAL_NVIC_SetPriority)
    i.HAL_NVIC_SetPriorityGrouping           0x08001438   Section        0  stm32f4xx_hal_cortex.o(i.HAL_NVIC_SetPriorityGrouping)
    i.HAL_PWREx_EnableOverDrive              0x0800145c   Section        0  stm32f4xx_hal_pwr_ex.o(i.HAL_PWREx_EnableOverDrive)
    i.HAL_RCCEx_PeriphCLKConfig              0x080014e4   Section        0  stm32f4xx_hal_rcc_ex.o(i.HAL_RCCEx_PeriphCLKConfig)
    i.HAL_RCC_ClockConfig                    0x0800178c   Section        0  stm32f4xx_hal_rcc.o(i.HAL_RCC_ClockConfig)
    i.HAL_RCC_GetHCLKFreq                    0x08001994   Section        0  stm32f4xx_hal_rcc.o(i.HAL_RCC_GetHCLKFreq)
    i.HAL_RCC_GetPCLK1Freq                   0x080019c8   Section        0  stm32f4xx_hal_rcc.o(i.HAL_RCC_GetPCLK1Freq)
    i.HAL_RCC_GetPCLK2Freq                   0x080019f4   Section        0  stm32f4xx_hal_rcc.o(i.HAL_RCC_GetPCLK2Freq)
    i.HAL_RCC_GetSysClockFreq                0x08001a20   Section        0  stm32f4xx_hal_rcc.o(i.HAL_RCC_GetSysClockFreq)
    i.HAL_RCC_OscConfig                      0x08001a94   Section        0  stm32f4xx_hal_rcc.o(i.HAL_RCC_OscConfig)
    i.HAL_SDRAM_Init                         0x08001db0   Section        0  stm32f4xx_hal_sdram.o(i.HAL_SDRAM_Init)
    i.HAL_SDRAM_MspInit                      0x08001df4   Section        0  sdram.o(i.HAL_SDRAM_MspInit)
    i.HAL_SDRAM_ProgramRefreshRate           0x08001ed0   Section        0  stm32f4xx_hal_sdram.o(i.HAL_SDRAM_ProgramRefreshRate)
    i.HAL_SDRAM_SendCommand                  0x08001ef2   Section        0  stm32f4xx_hal_sdram.o(i.HAL_SDRAM_SendCommand)
    i.HAL_SRAM_Init                          0x08001f20   Section        0  stm32f4xx_hal_sram.o(i.HAL_SRAM_Init)
    i.HAL_SRAM_MspInit                       0x08001f78   Section        0  lcd.o(i.HAL_SRAM_MspInit)
    i.HAL_SYSTICK_CLKSourceConfig            0x08001ff0   Section        0  stm32f4xx_hal_cortex.o(i.HAL_SYSTICK_CLKSourceConfig)
    i.HAL_SYSTICK_Config                     0x08002008   Section        0  stm32f4xx_hal_cortex.o(i.HAL_SYSTICK_Config)
    i.HAL_TIMEx_BreakCallback                0x08002030   Section        0  stm32f4xx_hal_tim_ex.o(i.HAL_TIMEx_BreakCallback)
    i.HAL_TIMEx_CommutationCallback          0x08002032   Section        0  stm32f4xx_hal_tim_ex.o(i.HAL_TIMEx_CommutationCallback)
    i.HAL_TIM_IC_CaptureCallback             0x08002034   Section        0  stm32f4xx_hal_tim.o(i.HAL_TIM_IC_CaptureCallback)
    i.HAL_TIM_IRQHandler                     0x08002036   Section        0  stm32f4xx_hal_tim.o(i.HAL_TIM_IRQHandler)
    i.HAL_TIM_OC_DelayElapsedCallback        0x0800219c   Section        0  stm32f4xx_hal_tim.o(i.HAL_TIM_OC_DelayElapsedCallback)
    i.HAL_TIM_PWM_PulseFinishedCallback      0x0800219e   Section        0  stm32f4xx_hal_tim.o(i.HAL_TIM_PWM_PulseFinishedCallback)
    i.HAL_TIM_PeriodElapsedCallback          0x080021a0   Section        0  timer.o(i.HAL_TIM_PeriodElapsedCallback)
    i.HAL_TIM_TriggerCallback                0x080021a2   Section        0  stm32f4xx_hal_tim.o(i.HAL_TIM_TriggerCallback)
    i.HAL_UART_ErrorCallback                 0x080021a4   Section        0  stm32f4xx_hal_uart.o(i.HAL_UART_ErrorCallback)
    i.HAL_UART_IRQHandler                    0x080021a6   Section        0  stm32f4xx_hal_uart.o(i.HAL_UART_IRQHandler)
    i.HAL_UART_Init                          0x0800229a   Section        0  stm32f4xx_hal_uart.o(i.HAL_UART_Init)
    i.HAL_UART_MspInit                       0x080022f8   Section        0  usart.o(i.HAL_UART_MspInit)
    i.HAL_UART_Receive                       0x0800238c   Section        0  stm32f4xx_hal_uart.o(i.HAL_UART_Receive)
    i.HAL_UART_RxCpltCallback                0x08002456   Section        0  stm32f4xx_hal_uart.o(i.HAL_UART_RxCpltCallback)
    i.HAL_UART_Transmit                      0x08002458   Section        0  stm32f4xx_hal_uart.o(i.HAL_UART_Transmit)
    i.HAL_UART_TxCpltCallback                0x08002520   Section        0  stm32f4xx_hal_uart.o(i.HAL_UART_TxCpltCallback)
    i.HardFault_Handler                      0x08002522   Section        0  stm32f4xx_it.o(i.HardFault_Handler)
    i.KEY_Init                               0x08002524   Section        0  key.o(i.KEY_Init)
    i.LCD_Clear                              0x080025a4   Section        0  lcd.o(i.LCD_Clear)
    i.LCD_Display_Dir                        0x080025ec   Section        0  lcd.o(i.LCD_Display_Dir)
    i.LCD_Fast_DrawPoint                     0x080026e0   Section        0  lcd.o(i.LCD_Fast_DrawPoint)
    i.LCD_Init                               0x080027d8   Section        0  lcd.o(i.LCD_Init)
    i.LCD_RD_DATA                            0x08004b64   Section        0  lcd.o(i.LCD_RD_DATA)
    i.LCD_SSD_BackLightSet                   0x08004b78   Section        0  lcd.o(i.LCD_SSD_BackLightSet)
    i.LCD_Scan_Dir                           0x08004bc8   Section        0  lcd.o(i.LCD_Scan_Dir)
    i.LCD_SetCursor                          0x08004d80   Section        0  lcd.o(i.LCD_SetCursor)
    i.LCD_ShowChar                           0x08004e84   Section        0  lcd.o(i.LCD_ShowChar)
    i.LCD_ShowString                         0x08004f60   Section        0  lcd.o(i.LCD_ShowString)
    i.LCD_WR_DATA                            0x08004fb4   Section        0  lcd.o(i.LCD_WR_DATA)
    i.LCD_WR_REG                             0x08004fcc   Section        0  lcd.o(i.LCD_WR_REG)
    i.LCD_WriteRAM_Prepare                   0x08004fe4   Section        0  lcd.o(i.LCD_WriteRAM_Prepare)
    i.LCD_WriteReg                           0x08004ff8   Section        0  lcd.o(i.LCD_WriteReg)
    i.LED_Init                               0x08005008   Section        0  led.o(i.LED_Init)
    i.LED_Test                               0x08005054   Section        0  led.o(i.LED_Test)
    i.LTDC_Clear                             0x08005078   Section        0  ltdc.o(i.LTDC_Clear)
    i.LTDC_Clk_Set                           0x08005098   Section        0  ltdc.o(i.LTDC_Clk_Set)
    i.LTDC_Display_Dir                       0x080050b8   Section        0  ltdc.o(i.LTDC_Display_Dir)
    i.LTDC_Draw_Point                        0x080050e0   Section        0  ltdc.o(i.LTDC_Draw_Point)
    i.LTDC_Fill                              0x0800511c   Section        0  ltdc.o(i.LTDC_Fill)
    i.LTDC_Init                              0x080051d0   Section        0  ltdc.o(i.LTDC_Init)
    i.LTDC_Layer_Parameter_Config            0x080053b8   Section        0  ltdc.o(i.LTDC_Layer_Parameter_Config)
    i.LTDC_Layer_Window_Config               0x08005414   Section        0  ltdc.o(i.LTDC_Layer_Window_Config)
    i.LTDC_PanelID_Read                      0x08005438   Section        0  ltdc.o(i.LTDC_PanelID_Read)
    i.LTDC_SetConfig                         0x080054f0   Section        0  stm32f4xx_hal_ltdc.o(i.LTDC_SetConfig)
    LTDC_SetConfig                           0x080054f1   Thumb Code   354  stm32f4xx_hal_ltdc.o(i.LTDC_SetConfig)
    i.MemManage_Handler                      0x08005652   Section        0  stm32f4xx_it.o(i.MemManage_Handler)
    i.Modular_Init                           0x08005654   Section        0  main.o(i.Modular_Init)
    i.NMI_Handler                            0x0800568a   Section        0  stm32f4xx_it.o(i.NMI_Handler)
    i.NVIC_SetPriority                       0x0800568c   Section        0  stm32f4xx_hal_cortex.o(i.NVIC_SetPriority)
    NVIC_SetPriority                         0x0800568d   Thumb Code    32  stm32f4xx_hal_cortex.o(i.NVIC_SetPriority)
    i.PendSV_Handler                         0x080056ac   Section        0  stm32f4xx_it.o(i.PendSV_Handler)
    i.Read_ID                                0x080056b0   Section        0  main.o(i.Read_ID)
    i.SDRAM_Init                             0x0800572c   Section        0  sdram.o(i.SDRAM_Init)
    i.SDRAM_Initialization_Sequence          0x0800578c   Section        0  sdram.o(i.SDRAM_Initialization_Sequence)
    i.SDRAM_Send_Cmd                         0x080057dc   Section        0  sdram.o(i.SDRAM_Send_Cmd)
    i.SVC_Handler                            0x08005810   Section        0  stm32f4xx_it.o(i.SVC_Handler)
    i.Screen_Init                            0x08005814   Section        0  main.o(i.Screen_Init)
    i.Stm32_Clock_Init                       0x080058c4   Section        0  sys.o(i.Stm32_Clock_Init)
    i.SysTick_Handler                        0x08005948   Section        0  stm32f4xx_it.o(i.SysTick_Handler)
    i.SystemInit                             0x0800594c   Section        0  system_stm32f4xx.o(i.SystemInit)
    i.TIM3_IRQHandler                        0x080059a0   Section        0  timer.o(i.TIM3_IRQHandler)
    i.UART_Receive_IT                        0x080059ac   Section        0  stm32f4xx_hal_uart.o(i.UART_Receive_IT)
    UART_Receive_IT                          0x080059ad   Thumb Code   166  stm32f4xx_hal_uart.o(i.UART_Receive_IT)
    i.UART_SetConfig                         0x08005a54   Section        0  stm32f4xx_hal_uart.o(i.UART_SetConfig)
    UART_SetConfig                           0x08005a55   Thumb Code   364  stm32f4xx_hal_uart.o(i.UART_SetConfig)
    i.UART_Transmit_IT                       0x08005bc8   Section        0  stm32f4xx_hal_uart.o(i.UART_Transmit_IT)
    UART_Transmit_IT                         0x08005bc9   Thumb Code   102  stm32f4xx_hal_uart.o(i.UART_Transmit_IT)
    i.UART_WaitOnFlagUntilTimeout            0x08005c2e   Section        0  stm32f4xx_hal_uart.o(i.UART_WaitOnFlagUntilTimeout)
    UART_WaitOnFlagUntilTimeout              0x08005c2f   Thumb Code   146  stm32f4xx_hal_uart.o(i.UART_WaitOnFlagUntilTimeout)
    i.USART1_IRQHandler                      0x08005cc0   Section        0  usart.o(i.USART1_IRQHandler)
    i.UsageFault_Handler                     0x08005d2c   Section        0  stm32f4xx_it.o(i.UsageFault_Handler)
    i.Usart_SendArray                        0x08005d2e   Section        0  usart.o(i.Usart_SendArray)
    i.Usart_SendByte                         0x08005d50   Section        0  usart.o(i.Usart_SendByte)
    i.Virtual_Osc                            0x08005d60   Section        0  usart.o(i.Virtual_Osc)
    i._sys_exit                              0x08005db4   Section        0  usart.o(i._sys_exit)
    i.ad9851_Init                            0x08005db8   Section        0  ad9851.o(i.ad9851_Init)
    i.ad9851_reset_parrel                    0x08005e30   Section        0  ad9851.o(i.ad9851_reset_parrel)
    i.ad9851_reset_serial                    0x08005e50   Section        0  ad9851.o(i.ad9851_reset_serial)
    i.ad9851_wr_parrel                       0x08005e88   Section        0  ad9851.o(i.ad9851_wr_parrel)
    i.ad9851_wr_serial                       0x08005f80   Section        0  ad9851.o(i.ad9851_wr_serial)
    i.bsp_Cfg_ADS1256                        0x08006094   Section        0  ads1256.o(i.bsp_Cfg_ADS1256)
    i.bsp_InitADS1256                        0x08006144   Section        0  ads1256.o(i.bsp_InitADS1256)
    i.delay_init                             0x080061c8   Section        0  delay.o(i.delay_init)
    i.delay_ms                               0x080061dc   Section        0  delay.o(i.delay_ms)
    i.delay_us                               0x080061f8   Section        0  delay.o(i.delay_us)
    i.fputc                                  0x0800622c   Section        0  usart.o(i.fputc)
    i.main                                   0x08006240   Section        0  main.o(i.main)
    i.uart_init                              0x08006270   Section        0  usart.o(i.uart_init)
    i.vcan_sendware                          0x08006294   Section        0  usart.o(i.vcan_sendware)
    x$fpl$ddiv                               0x080062d4   Section      688  ddiv.o(x$fpl$ddiv)
    $v0                                      0x080062d4   Number         0  ddiv.o(x$fpl$ddiv)
    ddiv_entry                               0x080062db   Thumb Code     0  ddiv.o(x$fpl$ddiv)
    x$fpl$dfix                               0x08006584   Section       94  dfix.o(x$fpl$dfix)
    $v0                                      0x08006584   Number         0  dfix.o(x$fpl$dfix)
    x$fpl$dfixu                              0x080065e4   Section       90  dfixu.o(x$fpl$dfixu)
    $v0                                      0x080065e4   Number         0  dfixu.o(x$fpl$dfixu)
    x$fpl$dfltu                              0x0800663e   Section       38  dflt_clz.o(x$fpl$dfltu)
    $v0                                      0x0800663e   Number         0  dflt_clz.o(x$fpl$dfltu)
    x$fpl$dmul                               0x08006664   Section      340  dmul.o(x$fpl$dmul)
    $v0                                      0x08006664   Number         0  dmul.o(x$fpl$dmul)
    x$fpl$dnaninf                            0x080067b8   Section      156  dnaninf.o(x$fpl$dnaninf)
    $v0                                      0x080067b8   Number         0  dnaninf.o(x$fpl$dnaninf)
    x$fpl$dretinf                            0x08006854   Section       12  dretinf.o(x$fpl$dretinf)
    $v0                                      0x08006854   Number         0  dretinf.o(x$fpl$dretinf)
    x$fpl$fpinit                             0x08006860   Section       10  fpinit.o(x$fpl$fpinit)
    $v0                                      0x08006860   Number         0  fpinit.o(x$fpl$fpinit)
    .constdata                               0x0800686a   Section       16  stm32f4xx_hal_rcc.o(.constdata)
    x$fpl$usenofp                            0x0800686a   Section        0  usenofp.o(x$fpl$usenofp)
    .constdata                               0x0800687a   Section    18240  lcd.o(.constdata)
    .constdata                               0x0800afba   Section       16  ads1256.o(.constdata)
    s_tabDataRate                            0x0800afba   Data          16  ads1256.o(.constdata)
    .constdata                               0x0800afca   Section       40  _printf_hex_int.o(.constdata)
    uc_hextab                                0x0800afca   Data          20  _printf_hex_int.o(.constdata)
    lc_hextab                                0x0800afde   Data          20  _printf_hex_int.o(.constdata)
    .data                                    0x20000000   Section       20  system_stm32f4xx.o(.data)
    .data                                    0x20000014   Section        4  stm32f4xx_hal.o(.data)
    uwTick                                   0x20000014   Data           4  stm32f4xx_hal.o(.data)
    .data                                    0x20000018   Section        4  delay.o(.data)
    fac_us                                   0x20000018   Data           4  delay.o(.data)
    .data                                    0x2000001c   Section        2  usart.o(.data)
    .data                                    0x20000020   Section        4  usart.o(.data)
    .data                                    0x20000024   Section        8  lcd.o(.data)
    .data                                    0x2000002c   Section        8  ltdc.o(.data)
    .data                                    0x20000034   Section        5  ad9851.o(.data)
    .data                                    0x20000039   Section        1  ads1256.o(.data)
    .bss                                     0x2000003c   Section      280  usart.o(.bss)
    .bss                                     0x20000154   Section       94  lcd.o(.bss)
    .bss                                     0x200001b4   Section       52  sdram.o(.bss)
    .bss                                     0x200001e8   Section      200  ltdc.o(.bss)
    .bss                                     0x200002b0   Section       60  ads1256.o(.bss)
    .bss                                     0x200002ec   Section       60  timer.o(.bss)
    .bss                                     0x20000328   Section       96  libspace.o(.bss)
    HEAP                                     0x20000388   Section      512  startup_stm32f429xx.o(HEAP)
    Heap_Mem                                 0x20000388   Data         512  startup_stm32f429xx.o(HEAP)
    STACK                                    0x20000588   Section     1024  startup_stm32f429xx.o(STACK)
    Stack_Mem                                0x20000588   Data        1024  startup_stm32f429xx.o(STACK)
    __initial_sp                             0x20000988   Data           0  startup_stm32f429xx.o(STACK)
    .ARM.__AT_0xC0000000                     0xc0000000   Section    2048000  ltdc.o(.ARM.__AT_0xC0000000)

    Global Symbols

    Symbol Name                              Value     Ov Type        Size  Object(Section)

    BuildAttributes$$THM_ISAv4$E$P$D$K$B$S$7EM$VFPi3$EXTD16$VFPS$VFMA$PE$A:L22UL41UL21$X:L11$S22US41US21$IEEE1$IW$USESV6$~STKCKD$USESV7$~SHL$OSPACE$ROPI$EBA8$UX$STANDARDLIB$REQ8$PRES8$EABIv2 0x00000000   Number         0  anon$$obj.o ABSOLUTE
    __ARM_use_no_argv                        0x00000000   Number         0  main.o ABSOLUTE
    __ARM_exceptions_init                     - Undefined Weak Reference
    __alloca_initialize                       - Undefined Weak Reference
    __arm_preinit_                            - Undefined Weak Reference
    __cpp_initialize__aeabi_                  - Undefined Weak Reference
    __cxa_finalize                            - Undefined Weak Reference
    __rt_locale                               - Undefined Weak Reference
    __sigvec_lookup                           - Undefined Weak Reference
    _atexit_init                              - Undefined Weak Reference
    _call_atexit_fns                          - Undefined Weak Reference
    _clock_init                               - Undefined Weak Reference
    _fp_trap_init                             - Undefined Weak Reference
    _fp_trap_shutdown                         - Undefined Weak Reference
    _get_lc_collate                           - Undefined Weak Reference
    _get_lc_ctype                             - Undefined Weak Reference
    _get_lc_monetary                          - Undefined Weak Reference
    _get_lc_numeric                           - Undefined Weak Reference
    _get_lc_time                              - Undefined Weak Reference
    _getenv_init                              - Undefined Weak Reference
    _handle_redirection                       - Undefined Weak Reference
    _init_alloc                               - Undefined Weak Reference
    _init_user_alloc                          - Undefined Weak Reference
    _initio                                   - Undefined Weak Reference
    _mutex_acquire                            - Undefined Weak Reference
    _mutex_release                            - Undefined Weak Reference
    _printf_post_padding                      - Undefined Weak Reference
    _printf_pre_padding                       - Undefined Weak Reference
    _printf_truncate_signed                   - Undefined Weak Reference
    _printf_truncate_unsigned                 - Undefined Weak Reference
    _rand_init                                - Undefined Weak Reference
    _signal_finish                            - Undefined Weak Reference
    _signal_init                              - Undefined Weak Reference
    _terminate_alloc                          - Undefined Weak Reference
    _terminate_user_alloc                     - Undefined Weak Reference
    _terminateio                              - Undefined Weak Reference
    __Vectors_Size                           0x000001ac   Number         0  startup_stm32f429xx.o ABSOLUTE
    __Vectors                                0x08000000   Data           4  startup_stm32f429xx.o(RESET)
    __Vectors_End                            0x080001ac   Data           0  startup_stm32f429xx.o(RESET)
    __main                                   0x080001ad   Thumb Code     8  __main.o(!!!main)
    __scatterload                            0x080001b5   Thumb Code     0  __scatter.o(!!!scatter)
    __scatterload_rt2                        0x080001b5   Thumb Code    44  __scatter.o(!!!scatter)
    __scatterload_rt2_thumb_only             0x080001b5   Thumb Code     0  __scatter.o(!!!scatter)
    __scatterload_null                       0x080001c3   Thumb Code     0  __scatter.o(!!!scatter)
    __scatterload_copy                       0x080001e9   Thumb Code    26  __scatter_copy.o(!!handler_copy)
    __scatterload_zeroinit                   0x08000205   Thumb Code    28  __scatter_zi.o(!!handler_zi)
    _printf_d                                0x08000221   Thumb Code     0  _printf_d.o(.ARM.Collect$$_printf_percent$$00000009)
    _printf_percent                          0x08000221   Thumb Code     0  _printf_percent.o(.ARM.Collect$$_printf_percent$$00000000)
    _printf_x                                0x08000227   Thumb Code     0  _printf_x.o(.ARM.Collect$$_printf_percent$$0000000C)
    _printf_percent_end                      0x0800022d   Thumb Code     0  _printf_percent_end.o(.ARM.Collect$$_printf_percent$$00000017)
    __rt_lib_init                            0x08000231   Thumb Code     0  libinit.o(.ARM.Collect$$libinit$$00000000)
    __rt_lib_init_fp_1                       0x08000233   Thumb Code     0  libinit2.o(.ARM.Collect$$libinit$$00000001)
    __rt_lib_init_alloca_1                   0x08000237   Thumb Code     0  libinit2.o(.ARM.Collect$$libinit$$0000002E)
    __rt_lib_init_argv_1                     0x08000237   Thumb Code     0  libinit2.o(.ARM.Collect$$libinit$$0000002C)
    __rt_lib_init_atexit_1                   0x08000237   Thumb Code     0  libinit2.o(.ARM.Collect$$libinit$$0000001B)
    __rt_lib_init_clock_1                    0x08000237   Thumb Code     0  libinit2.o(.ARM.Collect$$libinit$$00000021)
    __rt_lib_init_cpp_1                      0x08000237   Thumb Code     0  libinit2.o(.ARM.Collect$$libinit$$00000032)
    __rt_lib_init_exceptions_1               0x08000237   Thumb Code     0  libinit2.o(.ARM.Collect$$libinit$$00000030)
    __rt_lib_init_fp_trap_1                  0x08000237   Thumb Code     0  libinit2.o(.ARM.Collect$$libinit$$0000001F)
    __rt_lib_init_getenv_1                   0x08000237   Thumb Code     0  libinit2.o(.ARM.Collect$$libinit$$00000023)
    __rt_lib_init_heap_1                     0x08000237   Thumb Code     0  libinit2.o(.ARM.Collect$$libinit$$0000000A)
    __rt_lib_init_lc_collate_1               0x08000237   Thumb Code     0  libinit2.o(.ARM.Collect$$libinit$$00000011)
    __rt_lib_init_lc_ctype_1                 0x08000237   Thumb Code     0  libinit2.o(.ARM.Collect$$libinit$$00000013)
    __rt_lib_init_lc_monetary_1              0x08000237   Thumb Code     0  libinit2.o(.ARM.Collect$$libinit$$00000015)
    __rt_lib_init_lc_numeric_1               0x08000237   Thumb Code     0  libinit2.o(.ARM.Collect$$libinit$$00000017)
    __rt_lib_init_lc_time_1                  0x08000237   Thumb Code     0  libinit2.o(.ARM.Collect$$libinit$$00000019)
    __rt_lib_init_preinit_1                  0x08000237   Thumb Code     0  libinit2.o(.ARM.Collect$$libinit$$00000004)
    __rt_lib_init_rand_1                     0x08000237   Thumb Code     0  libinit2.o(.ARM.Collect$$libinit$$0000000E)
    __rt_lib_init_return                     0x08000237   Thumb Code     0  libinit2.o(.ARM.Collect$$libinit$$00000033)
    __rt_lib_init_signal_1                   0x08000237   Thumb Code     0  libinit2.o(.ARM.Collect$$libinit$$0000001D)
    __rt_lib_init_stdio_1                    0x08000237   Thumb Code     0  libinit2.o(.ARM.Collect$$libinit$$00000025)
    __rt_lib_init_user_alloc_1               0x08000237   Thumb Code     0  libinit2.o(.ARM.Collect$$libinit$$0000000C)
    __rt_lib_shutdown                        0x08000239   Thumb Code     0  libshutdown.o(.ARM.Collect$$libshutdown$$00000000)
    __rt_lib_shutdown_cpp_1                  0x0800023b   Thumb Code     0  libshutdown2.o(.ARM.Collect$$libshutdown$$00000002)
    __rt_lib_shutdown_fp_trap_1              0x0800023b   Thumb Code     0  libshutdown2.o(.ARM.Collect$$libshutdown$$00000007)
    __rt_lib_shutdown_heap_1                 0x0800023b   Thumb Code     0  libshutdown2.o(.ARM.Collect$$libshutdown$$0000000F)
    __rt_lib_shutdown_return                 0x0800023b   Thumb Code     0  libshutdown2.o(.ARM.Collect$$libshutdown$$00000010)
    __rt_lib_shutdown_signal_1               0x0800023b   Thumb Code     0  libshutdown2.o(.ARM.Collect$$libshutdown$$0000000A)
    __rt_lib_shutdown_stdio_1                0x0800023b   Thumb Code     0  libshutdown2.o(.ARM.Collect$$libshutdown$$00000004)
    __rt_lib_shutdown_user_alloc_1           0x0800023b   Thumb Code     0  libshutdown2.o(.ARM.Collect$$libshutdown$$0000000C)
    __rt_entry                               0x0800023d   Thumb Code     0  __rtentry.o(.ARM.Collect$$rtentry$$00000000)
    __rt_entry_presh_1                       0x0800023d   Thumb Code     0  __rtentry2.o(.ARM.Collect$$rtentry$$00000002)
    __rt_entry_sh                            0x0800023d   Thumb Code     0  __rtentry4.o(.ARM.Collect$$rtentry$$00000004)
    __rt_entry_li                            0x08000243   Thumb Code     0  __rtentry2.o(.ARM.Collect$$rtentry$$0000000A)
    __rt_entry_postsh_1                      0x08000243   Thumb Code     0  __rtentry2.o(.ARM.Collect$$rtentry$$00000009)
    __rt_entry_main                          0x08000247   Thumb Code     0  __rtentry2.o(.ARM.Collect$$rtentry$$0000000D)
    __rt_entry_postli_1                      0x08000247   Thumb Code     0  __rtentry2.o(.ARM.Collect$$rtentry$$0000000C)
    __rt_exit                                0x0800024f   Thumb Code     0  rtexit.o(.ARM.Collect$$rtexit$$00000000)
    __rt_exit_ls                             0x08000251   Thumb Code     0  rtexit2.o(.ARM.Collect$$rtexit$$00000003)
    __rt_exit_prels_1                        0x08000251   Thumb Code     0  rtexit2.o(.ARM.Collect$$rtexit$$00000002)
    __rt_exit_exit                           0x08000255   Thumb Code     0  rtexit2.o(.ARM.Collect$$rtexit$$00000004)
    Reset_Handler                            0x0800025d   Thumb Code     8  startup_stm32f429xx.o(.text)
    ADC_IRQHandler                           0x08000277   Thumb Code     0  startup_stm32f429xx.o(.text)
    CAN1_RX0_IRQHandler                      0x08000277   Thumb Code     0  startup_stm32f429xx.o(.text)
    CAN1_RX1_IRQHandler                      0x08000277   Thumb Code     0  startup_stm32f429xx.o(.text)
    CAN1_SCE_IRQHandler                      0x08000277   Thumb Code     0  startup_stm32f429xx.o(.text)
    CAN1_TX_IRQHandler                       0x08000277   Thumb Code     0  startup_stm32f429xx.o(.text)
    CAN2_RX0_IRQHandler                      0x08000277   Thumb Code     0  startup_stm32f429xx.o(.text)
    CAN2_RX1_IRQHandler                      0x08000277   Thumb Code     0  startup_stm32f429xx.o(.text)
    CAN2_SCE_IRQHandler                      0x08000277   Thumb Code     0  startup_stm32f429xx.o(.text)
    CAN2_TX_IRQHandler                       0x08000277   Thumb Code     0  startup_stm32f429xx.o(.text)
    DCMI_IRQHandler                          0x08000277   Thumb Code     0  startup_stm32f429xx.o(.text)
    DMA1_Stream0_IRQHandler                  0x08000277   Thumb Code     0  startup_stm32f429xx.o(.text)
    DMA1_Stream1_IRQHandler                  0x08000277   Thumb Code     0  startup_stm32f429xx.o(.text)
    DMA1_Stream2_IRQHandler                  0x08000277   Thumb Code     0  startup_stm32f429xx.o(.text)
    DMA1_Stream3_IRQHandler                  0x08000277   Thumb Code     0  startup_stm32f429xx.o(.text)
    DMA1_Stream4_IRQHandler                  0x08000277   Thumb Code     0  startup_stm32f429xx.o(.text)
    DMA1_Stream5_IRQHandler                  0x08000277   Thumb Code     0  startup_stm32f429xx.o(.text)
    DMA1_Stream6_IRQHandler                  0x08000277   Thumb Code     0  startup_stm32f429xx.o(.text)
    DMA1_Stream7_IRQHandler                  0x08000277   Thumb Code     0  startup_stm32f429xx.o(.text)
    DMA2D_IRQHandler                         0x08000277   Thumb Code     0  startup_stm32f429xx.o(.text)
    DMA2_Stream0_IRQHandler                  0x08000277   Thumb Code     0  startup_stm32f429xx.o(.text)
    DMA2_Stream1_IRQHandler                  0x08000277   Thumb Code     0  startup_stm32f429xx.o(.text)
    DMA2_Stream2_IRQHandler                  0x08000277   Thumb Code     0  startup_stm32f429xx.o(.text)
    DMA2_Stream3_IRQHandler                  0x08000277   Thumb Code     0  startup_stm32f429xx.o(.text)
    DMA2_Stream4_IRQHandler                  0x08000277   Thumb Code     0  startup_stm32f429xx.o(.text)
    DMA2_Stream5_IRQHandler                  0x08000277   Thumb Code     0  startup_stm32f429xx.o(.text)
    DMA2_Stream6_IRQHandler                  0x08000277   Thumb Code     0  startup_stm32f429xx.o(.text)
    DMA2_Stream7_IRQHandler                  0x08000277   Thumb Code     0  startup_stm32f429xx.o(.text)
    ETH_IRQHandler                           0x08000277   Thumb Code     0  startup_stm32f429xx.o(.text)
    ETH_WKUP_IRQHandler                      0x08000277   Thumb Code     0  startup_stm32f429xx.o(.text)
    EXTI0_IRQHandler                         0x08000277   Thumb Code     0  startup_stm32f429xx.o(.text)
    EXTI15_10_IRQHandler                     0x08000277   Thumb Code     0  startup_stm32f429xx.o(.text)
    EXTI1_IRQHandler                         0x08000277   Thumb Code     0  startup_stm32f429xx.o(.text)
    EXTI2_IRQHandler                         0x08000277   Thumb Code     0  startup_stm32f429xx.o(.text)
    EXTI3_IRQHandler                         0x08000277   Thumb Code     0  startup_stm32f429xx.o(.text)
    EXTI4_IRQHandler                         0x08000277   Thumb Code     0  startup_stm32f429xx.o(.text)
    FLASH_IRQHandler                         0x08000277   Thumb Code     0  startup_stm32f429xx.o(.text)
    FMC_IRQHandler                           0x08000277   Thumb Code     0  startup_stm32f429xx.o(.text)
    FPU_IRQHandler                           0x08000277   Thumb Code     0  startup_stm32f429xx.o(.text)
    HASH_RNG_IRQHandler                      0x08000277   Thumb Code     0  startup_stm32f429xx.o(.text)
    I2C1_ER_IRQHandler                       0x08000277   Thumb Code     0  startup_stm32f429xx.o(.text)
    I2C1_EV_IRQHandler                       0x08000277   Thumb Code     0  startup_stm32f429xx.o(.text)
    I2C2_ER_IRQHandler                       0x08000277   Thumb Code     0  startup_stm32f429xx.o(.text)
    I2C2_EV_IRQHandler                       0x08000277   Thumb Code     0  startup_stm32f429xx.o(.text)
    I2C3_ER_IRQHandler                       0x08000277   Thumb Code     0  startup_stm32f429xx.o(.text)
    I2C3_EV_IRQHandler                       0x08000277   Thumb Code     0  startup_stm32f429xx.o(.text)
    LTDC_ER_IRQHandler                       0x08000277   Thumb Code     0  startup_stm32f429xx.o(.text)
    LTDC_IRQHandler                          0x08000277   Thumb Code     0  startup_stm32f429xx.o(.text)
    OTG_FS_IRQHandler                        0x08000277   Thumb Code     0  startup_stm32f429xx.o(.text)
    OTG_FS_WKUP_IRQHandler                   0x08000277   Thumb Code     0  startup_stm32f429xx.o(.text)
    OTG_HS_EP1_IN_IRQHandler                 0x08000277   Thumb Code     0  startup_stm32f429xx.o(.text)
    OTG_HS_EP1_OUT_IRQHandler                0x08000277   Thumb Code     0  startup_stm32f429xx.o(.text)
    OTG_HS_IRQHandler                        0x08000277   Thumb Code     0  startup_stm32f429xx.o(.text)
    OTG_HS_WKUP_IRQHandler                   0x08000277   Thumb Code     0  startup_stm32f429xx.o(.text)
    PVD_IRQHandler                           0x08000277   Thumb Code     0  startup_stm32f429xx.o(.text)
    RCC_IRQHandler                           0x08000277   Thumb Code     0  startup_stm32f429xx.o(.text)
    RTC_Alarm_IRQHandler                     0x08000277   Thumb Code     0  startup_stm32f429xx.o(.text)
    RTC_WKUP_IRQHandler                      0x08000277   Thumb Code     0  startup_stm32f429xx.o(.text)
    SAI1_IRQHandler                          0x08000277   Thumb Code     0  startup_stm32f429xx.o(.text)
    SDIO_IRQHandler                          0x08000277   Thumb Code     0  startup_stm32f429xx.o(.text)
    SPI1_IRQHandler                          0x08000277   Thumb Code     0  startup_stm32f429xx.o(.text)
    SPI2_IRQHandler                          0x08000277   Thumb Code     0  startup_stm32f429xx.o(.text)
    SPI3_IRQHandler                          0x08000277   Thumb Code     0  startup_stm32f429xx.o(.text)
    SPI4_IRQHandler                          0x08000277   Thumb Code     0  startup_stm32f429xx.o(.text)
    SPI5_IRQHandler                          0x08000277   Thumb Code     0  startup_stm32f429xx.o(.text)
    SPI6_IRQHandler                          0x08000277   Thumb Code     0  startup_stm32f429xx.o(.text)
    TAMP_STAMP_IRQHandler                    0x08000277   Thumb Code     0  startup_stm32f429xx.o(.text)
    TIM1_BRK_TIM9_IRQHandler                 0x08000277   Thumb Code     0  startup_stm32f429xx.o(.text)
    TIM1_CC_IRQHandler                       0x08000277   Thumb Code     0  startup_stm32f429xx.o(.text)
    TIM1_TRG_COM_TIM11_IRQHandler            0x08000277   Thumb Code     0  startup_stm32f429xx.o(.text)
    TIM1_UP_TIM10_IRQHandler                 0x08000277   Thumb Code     0  startup_stm32f429xx.o(.text)
    TIM2_IRQHandler                          0x08000277   Thumb Code     0  startup_stm32f429xx.o(.text)
    TIM4_IRQHandler                          0x08000277   Thumb Code     0  startup_stm32f429xx.o(.text)
    TIM5_IRQHandler                          0x08000277   Thumb Code     0  startup_stm32f429xx.o(.text)
    TIM6_DAC_IRQHandler                      0x08000277   Thumb Code     0  startup_stm32f429xx.o(.text)
    TIM7_IRQHandler                          0x08000277   Thumb Code     0  startup_stm32f429xx.o(.text)
    TIM8_BRK_TIM12_IRQHandler                0x08000277   Thumb Code     0  startup_stm32f429xx.o(.text)
    TIM8_CC_IRQHandler                       0x08000277   Thumb Code     0  startup_stm32f429xx.o(.text)
    TIM8_TRG_COM_TIM14_IRQHandler            0x08000277   Thumb Code     0  startup_stm32f429xx.o(.text)
    TIM8_UP_TIM13_IRQHandler                 0x08000277   Thumb Code     0  startup_stm32f429xx.o(.text)
    UART4_IRQHandler                         0x08000277   Thumb Code     0  startup_stm32f429xx.o(.text)
    UART5_IRQHandler                         0x08000277   Thumb Code     0  startup_stm32f429xx.o(.text)
    UART7_IRQHandler                         0x08000277   Thumb Code     0  startup_stm32f429xx.o(.text)
    UART8_IRQHandler                         0x08000277   Thumb Code     0  startup_stm32f429xx.o(.text)
    USART2_IRQHandler                        0x08000277   Thumb Code     0  startup_stm32f429xx.o(.text)
    USART3_IRQHandler                        0x08000277   Thumb Code     0  startup_stm32f429xx.o(.text)
    USART6_IRQHandler                        0x08000277   Thumb Code     0  startup_stm32f429xx.o(.text)
    WWDG_IRQHandler                          0x08000277   Thumb Code     0  startup_stm32f429xx.o(.text)
    __user_initial_stackheap                 0x08000279   Thumb Code     0  startup_stm32f429xx.o(.text)
    __use_no_semihosting                     0x0800029d   Thumb Code     2  use_no_semi_2.o(.text)
    __aeabi_ldivmod                          0x0800029f   Thumb Code     0  llsdiv.o(.text)
    _ll_sdiv                                 0x0800029f   Thumb Code    72  llsdiv.o(.text)
    __2printf                                0x080002e9   Thumb Code    20  noretval__2printf.o(.text)
    __printf                                 0x08000301   Thumb Code   104  __printf.o(.text)
    _printf_int_dec                          0x08000369   Thumb Code   104  _printf_dec.o(.text)
    _printf_int_hex                          0x080003e1   Thumb Code    84  _printf_hex_int.o(.text)
    _printf_longlong_hex                     0x080003e1   Thumb Code     0  _printf_hex_int.o(.text)
    __aeabi_memcpy4                          0x08000439   Thumb Code     0  rt_memcpy_w.o(.text)
    __aeabi_memcpy8                          0x08000439   Thumb Code     0  rt_memcpy_w.o(.text)
    __rt_memcpy_w                            0x08000439   Thumb Code   100  rt_memcpy_w.o(.text)
    _memcpy_lastbytes_aligned                0x08000481   Thumb Code     0  rt_memcpy_w.o(.text)
    __use_two_region_memory                  0x0800049d   Thumb Code     2  heapauxi.o(.text)
    __rt_heap_escrow$2region                 0x0800049f   Thumb Code     2  heapauxi.o(.text)
    __rt_heap_expand$2region                 0x080004a1   Thumb Code     2  heapauxi.o(.text)
    __I$use$semihosting                      0x080004a3   Thumb Code     0  use_no_semi.o(.text)
    __use_no_semihosting_swi                 0x080004a3   Thumb Code     2  use_no_semi.o(.text)
    __aeabi_uldivmod                         0x080004a5   Thumb Code     0  lludivv7m.o(.text)
    _ll_udiv                                 0x080004a5   Thumb Code   238  lludivv7m.o(.text)
    _printf_int_common                       0x08000593   Thumb Code   178  _printf_intcommon.o(.text)
    _printf_char_file                        0x08000645   Thumb Code    32  _printf_char_file.o(.text)
    _printf_char_common                      0x08000673   Thumb Code    32  _printf_char_common.o(.text)
    ferror                                   0x08000699   Thumb Code     8  ferror.o(.text)
    __user_setup_stackheap                   0x080006a1   Thumb Code    74  sys_stackheap_outer.o(.text)
    exit                                     0x080006eb   Thumb Code    18  exit.o(.text)
    __user_libspace                          0x080006fd   Thumb Code     8  libspace.o(.text)
    __user_perproc_libspace                  0x080006fd   Thumb Code     0  libspace.o(.text)
    __user_perthread_libspace                0x080006fd   Thumb Code     0  libspace.o(.text)
    ADS1256_CfgADC                           0x08000705   Thumb Code   136  ads1256.o(i.ADS1256_CfgADC)
    ADS1256_GetAdc                           0x080007a5   Thumb Code    30  ads1256.o(i.ADS1256_GetAdc)
    ADS1256_ISR                              0x080007c9   Thumb Code   234  ads1256.o(i.ADS1256_ISR)
    ADS1256_ReadChipID                       0x080008b9   Thumb Code    56  ads1256.o(i.ADS1256_ReadChipID)
    ADS1256_StartScan                        0x080009e1   Thumb Code    98  ads1256.o(i.ADS1256_StartScan)
    ADS1256_StopScan                         0x08000a55   Thumb Code    54  ads1256.o(i.ADS1256_StopScan)
    Ad9850_Init                              0x08000b49   Thumb Code    66  ad9851.o(i.Ad9850_Init)
    BusFault_Handler                         0x08000b8b   Thumb Code     2  stm32f4xx_it.o(i.BusFault_Handler)
    DebugMon_Handler                         0x08000b8d   Thumb Code     2  stm32f4xx_it.o(i.DebugMon_Handler)
    EXTI9_5_IRQHandler                       0x08000b8f   Thumb Code     6  ads1256.o(i.EXTI9_5_IRQHandler)
    FMC_NORSRAM_Extended_Timing_Init         0x08000b95   Thumb Code    60  stm32f4xx_ll_fmc.o(i.FMC_NORSRAM_Extended_Timing_Init)
    FMC_NORSRAM_Init                         0x08000bd5   Thumb Code   110  stm32f4xx_ll_fmc.o(i.FMC_NORSRAM_Init)
    FMC_NORSRAM_Timing_Init                  0x08000c4d   Thumb Code    86  stm32f4xx_ll_fmc.o(i.FMC_NORSRAM_Timing_Init)
    FMC_SDRAM_Init                           0x08000ca9   Thumb Code    76  stm32f4xx_ll_fmc.o(i.FMC_SDRAM_Init)
    FMC_SDRAM_ProgramRefreshRate             0x08000cf5   Thumb Code    12  stm32f4xx_ll_fmc.o(i.FMC_SDRAM_ProgramRefreshRate)
    FMC_SDRAM_SendCommand                    0x08000d01   Thumb Code    72  stm32f4xx_ll_fmc.o(i.FMC_SDRAM_SendCommand)
    FMC_SDRAM_Timing_Init                    0x08000d49   Thumb Code   124  stm32f4xx_ll_fmc.o(i.FMC_SDRAM_Timing_Init)
    HAL_GPIO_EXTI_Callback                   0x08000dc5   Thumb Code   136  ads1256.o(i.HAL_GPIO_EXTI_Callback)
    HAL_GPIO_EXTI_IRQHandler                 0x08000e5d   Thumb Code    18  stm32f4xx_hal_gpio.o(i.HAL_GPIO_EXTI_IRQHandler)
    HAL_GPIO_Init                            0x08000e75   Thumb Code   422  stm32f4xx_hal_gpio.o(i.HAL_GPIO_Init)
    HAL_GPIO_ReadPin                         0x08001051   Thumb Code    10  stm32f4xx_hal_gpio.o(i.HAL_GPIO_ReadPin)
    HAL_GPIO_Write                           0x0800105b   Thumb Code     4  stm32f4xx_hal_gpio.o(i.HAL_GPIO_Write)
    HAL_GPIO_WritePin                        0x0800105f   Thumb Code    10  stm32f4xx_hal_gpio.o(i.HAL_GPIO_WritePin)
    HAL_GetTick                              0x08001069   Thumb Code     6  stm32f4xx_hal.o(i.HAL_GetTick)
    HAL_IncTick                              0x08001075   Thumb Code    10  stm32f4xx_hal.o(i.HAL_IncTick)
    HAL_Init                                 0x08001085   Thumb Code    48  stm32f4xx_hal.o(i.HAL_Init)
    HAL_InitTick                             0x080010b9   Thumb Code    34  stm32f4xx_hal.o(i.HAL_InitTick)
    HAL_LTDC_ConfigLayer                     0x080010db   Thumb Code    82  stm32f4xx_hal_ltdc.o(i.HAL_LTDC_ConfigLayer)
    HAL_LTDC_Init                            0x0800112d   Thumb Code   248  stm32f4xx_hal_ltdc.o(i.HAL_LTDC_Init)
    HAL_LTDC_MspInit                         0x08001229   Thumb Code   218  ltdc.o(i.HAL_LTDC_MspInit)
    HAL_LTDC_SetWindowPosition               0x0800131d   Thumb Code    84  stm32f4xx_hal_ltdc.o(i.HAL_LTDC_SetWindowPosition)
    HAL_LTDC_SetWindowSize                   0x08001371   Thumb Code    84  stm32f4xx_hal_ltdc.o(i.HAL_LTDC_SetWindowSize)
    HAL_MspInit                              0x080013c5   Thumb Code     8  stm32f4xx_hal.o(i.HAL_MspInit)
    HAL_NVIC_DisableIRQ                      0x080013cd   Thumb Code    22  stm32f4xx_hal_cortex.o(i.HAL_NVIC_DisableIRQ)
    HAL_NVIC_EnableIRQ                       0x080013e3   Thumb Code    22  stm32f4xx_hal_cortex.o(i.HAL_NVIC_EnableIRQ)
    HAL_NVIC_SetPriority                     0x080013f9   Thumb Code    60  stm32f4xx_hal_cortex.o(i.HAL_NVIC_SetPriority)
    HAL_NVIC_SetPriorityGrouping             0x08001439   Thumb Code    26  stm32f4xx_hal_cortex.o(i.HAL_NVIC_SetPriorityGrouping)
    HAL_PWREx_EnableOverDrive                0x0800145d   Thumb Code   122  stm32f4xx_hal_pwr_ex.o(i.HAL_PWREx_EnableOverDrive)
    HAL_RCCEx_PeriphCLKConfig                0x080014e5   Thumb Code   644  stm32f4xx_hal_rcc_ex.o(i.HAL_RCCEx_PeriphCLKConfig)
    HAL_RCC_ClockConfig                      0x0800178d   Thumb Code   512  stm32f4xx_hal_rcc.o(i.HAL_RCC_ClockConfig)
    HAL_RCC_GetHCLKFreq                      0x08001995   Thumb Code    38  stm32f4xx_hal_rcc.o(i.HAL_RCC_GetHCLKFreq)
    HAL_RCC_GetPCLK1Freq                     0x080019c9   Thumb Code    36  stm32f4xx_hal_rcc.o(i.HAL_RCC_GetPCLK1Freq)
    HAL_RCC_GetPCLK2Freq                     0x080019f5   Thumb Code    36  stm32f4xx_hal_rcc.o(i.HAL_RCC_GetPCLK2Freq)
    HAL_RCC_GetSysClockFreq                  0x08001a21   Thumb Code   104  stm32f4xx_hal_rcc.o(i.HAL_RCC_GetSysClockFreq)
    HAL_RCC_OscConfig                        0x08001a95   Thumb Code   774  stm32f4xx_hal_rcc.o(i.HAL_RCC_OscConfig)
    HAL_SDRAM_Init                           0x08001db1   Thumb Code    66  stm32f4xx_hal_sdram.o(i.HAL_SDRAM_Init)
    HAL_SDRAM_MspInit                        0x08001df5   Thumb Code   194  sdram.o(i.HAL_SDRAM_MspInit)
    HAL_SDRAM_ProgramRefreshRate             0x08001ed1   Thumb Code    34  stm32f4xx_hal_sdram.o(i.HAL_SDRAM_ProgramRefreshRate)
    HAL_SDRAM_SendCommand                    0x08001ef3   Thumb Code    46  stm32f4xx_hal_sdram.o(i.HAL_SDRAM_SendCommand)
    HAL_SRAM_Init                            0x08001f21   Thumb Code    86  stm32f4xx_hal_sram.o(i.HAL_SRAM_Init)
    HAL_SRAM_MspInit                         0x08001f79   Thumb Code   106  lcd.o(i.HAL_SRAM_MspInit)
    HAL_SYSTICK_CLKSourceConfig              0x08001ff1   Thumb Code    24  stm32f4xx_hal_cortex.o(i.HAL_SYSTICK_CLKSourceConfig)
    HAL_SYSTICK_Config                       0x08002009   Thumb Code    40  stm32f4xx_hal_cortex.o(i.HAL_SYSTICK_Config)
    HAL_TIMEx_BreakCallback                  0x08002031   Thumb Code     2  stm32f4xx_hal_tim_ex.o(i.HAL_TIMEx_BreakCallback)
    HAL_TIMEx_CommutationCallback            0x08002033   Thumb Code     2  stm32f4xx_hal_tim_ex.o(i.HAL_TIMEx_CommutationCallback)
    HAL_TIM_IC_CaptureCallback               0x08002035   Thumb Code     2  stm32f4xx_hal_tim.o(i.HAL_TIM_IC_CaptureCallback)
    HAL_TIM_IRQHandler                       0x08002037   Thumb Code   358  stm32f4xx_hal_tim.o(i.HAL_TIM_IRQHandler)
    HAL_TIM_OC_DelayElapsedCallback          0x0800219d   Thumb Code     2  stm32f4xx_hal_tim.o(i.HAL_TIM_OC_DelayElapsedCallback)
    HAL_TIM_PWM_PulseFinishedCallback        0x0800219f   Thumb Code     2  stm32f4xx_hal_tim.o(i.HAL_TIM_PWM_PulseFinishedCallback)
    HAL_TIM_PeriodElapsedCallback            0x080021a1   Thumb Code     2  timer.o(i.HAL_TIM_PeriodElapsedCallback)
    HAL_TIM_TriggerCallback                  0x080021a3   Thumb Code     2  stm32f4xx_hal_tim.o(i.HAL_TIM_TriggerCallback)
    HAL_UART_ErrorCallback                   0x080021a5   Thumb Code     2  stm32f4xx_hal_uart.o(i.HAL_UART_ErrorCallback)
    HAL_UART_IRQHandler                      0x080021a7   Thumb Code   244  stm32f4xx_hal_uart.o(i.HAL_UART_IRQHandler)
    HAL_UART_Init                            0x0800229b   Thumb Code    94  stm32f4xx_hal_uart.o(i.HAL_UART_Init)
    HAL_UART_MspInit                         0x080022f9   Thumb Code   134  usart.o(i.HAL_UART_MspInit)
    HAL_UART_Receive                         0x0800238d   Thumb Code   202  stm32f4xx_hal_uart.o(i.HAL_UART_Receive)
    HAL_UART_RxCpltCallback                  0x08002457   Thumb Code     2  stm32f4xx_hal_uart.o(i.HAL_UART_RxCpltCallback)
    HAL_UART_Transmit                        0x08002459   Thumb Code   200  stm32f4xx_hal_uart.o(i.HAL_UART_Transmit)
    HAL_UART_TxCpltCallback                  0x08002521   Thumb Code     2  stm32f4xx_hal_uart.o(i.HAL_UART_TxCpltCallback)
    HardFault_Handler                        0x08002523   Thumb Code     2  stm32f4xx_it.o(i.HardFault_Handler)
    KEY_Init                                 0x08002525   Thumb Code   110  key.o(i.KEY_Init)
    LCD_Clear                                0x080025a5   Thumb Code    58  lcd.o(i.LCD_Clear)
    LCD_Display_Dir                          0x080025ed   Thumb Code   234  lcd.o(i.LCD_Display_Dir)
    LCD_Fast_DrawPoint                       0x080026e1   Thumb Code   236  lcd.o(i.LCD_Fast_DrawPoint)
    LCD_Init                                 0x080027d9   Thumb Code  9094  lcd.o(i.LCD_Init)
    LCD_RD_DATA                              0x08004b65   Thumb Code    16  lcd.o(i.LCD_RD_DATA)
    LCD_SSD_BackLightSet                     0x08004b79   Thumb Code    72  lcd.o(i.LCD_SSD_BackLightSet)
    LCD_Scan_Dir                             0x08004bc9   Thumb Code   434  lcd.o(i.LCD_Scan_Dir)
    LCD_SetCursor                            0x08004d81   Thumb Code   254  lcd.o(i.LCD_SetCursor)
    LCD_ShowChar                             0x08004e85   Thumb Code   196  lcd.o(i.LCD_ShowChar)
    LCD_ShowString                           0x08004f61   Thumb Code    84  lcd.o(i.LCD_ShowString)
    LCD_WR_DATA                              0x08004fb5   Thumb Code    20  lcd.o(i.LCD_WR_DATA)
    LCD_WR_REG                               0x08004fcd   Thumb Code    20  lcd.o(i.LCD_WR_REG)
    LCD_WriteRAM_Prepare                     0x08004fe5   Thumb Code    10  lcd.o(i.LCD_WriteRAM_Prepare)
    LCD_WriteReg                             0x08004ff9   Thumb Code    10  lcd.o(i.LCD_WriteReg)
    LED_Init                                 0x08005009   Thumb Code    68  led.o(i.LED_Init)
    LED_Test                                 0x08005055   Thumb Code    30  led.o(i.LED_Test)
    LTDC_Clear                               0x08005079   Thumb Code    28  ltdc.o(i.LTDC_Clear)
    LTDC_Clk_Set                             0x08005099   Thumb Code    30  ltdc.o(i.LTDC_Clk_Set)
    LTDC_Display_Dir                         0x080050b9   Thumb Code    34  ltdc.o(i.LTDC_Display_Dir)
    LTDC_Draw_Point                          0x080050e1   Thumb Code    52  ltdc.o(i.LTDC_Draw_Point)
    LTDC_Fill                                0x0800511d   Thumb Code   162  ltdc.o(i.LTDC_Fill)
    LTDC_Init                                0x080051d1   Thumb Code   464  ltdc.o(i.LTDC_Init)
    LTDC_Layer_Parameter_Config              0x080053b9   Thumb Code    86  ltdc.o(i.LTDC_Layer_Parameter_Config)
    LTDC_Layer_Window_Config                 0x08005415   Thumb Code    32  ltdc.o(i.LTDC_Layer_Window_Config)
    LTDC_PanelID_Read                        0x08005439   Thumb Code   170  ltdc.o(i.LTDC_PanelID_Read)
    MemManage_Handler                        0x08005653   Thumb Code     2  stm32f4xx_it.o(i.MemManage_Handler)
    Modular_Init                             0x08005655   Thumb Code    54  main.o(i.Modular_Init)
    NMI_Handler                              0x0800568b   Thumb Code     2  stm32f4xx_it.o(i.NMI_Handler)
    PendSV_Handler                           0x080056ad   Thumb Code     2  stm32f4xx_it.o(i.PendSV_Handler)
    Read_ID                                  0x080056b1   Thumb Code    40  main.o(i.Read_ID)
    SDRAM_Init                               0x0800572d   Thumb Code    86  sdram.o(i.SDRAM_Init)
    SDRAM_Initialization_Sequence            0x0800578d   Thumb Code    74  sdram.o(i.SDRAM_Initialization_Sequence)
    SDRAM_Send_Cmd                           0x080057dd   Thumb Code    48  sdram.o(i.SDRAM_Send_Cmd)
    SVC_Handler                              0x08005811   Thumb Code     2  stm32f4xx_it.o(i.SVC_Handler)
    Screen_Init                              0x08005815   Thumb Code    86  main.o(i.Screen_Init)
    Stm32_Clock_Init                         0x080058c5   Thumb Code   122  sys.o(i.Stm32_Clock_Init)
    SysTick_Handler                          0x08005949   Thumb Code     4  stm32f4xx_it.o(i.SysTick_Handler)
    SystemInit                               0x0800594d   Thumb Code    66  system_stm32f4xx.o(i.SystemInit)
    TIM3_IRQHandler                          0x080059a1   Thumb Code     6  timer.o(i.TIM3_IRQHandler)
    USART1_IRQHandler                        0x08005cc1   Thumb Code   100  usart.o(i.USART1_IRQHandler)
    UsageFault_Handler                       0x08005d2d   Thumb Code     2  stm32f4xx_it.o(i.UsageFault_Handler)
    Usart_SendArray                          0x08005d2f   Thumb Code    34  usart.o(i.Usart_SendArray)
    Usart_SendByte                           0x08005d51   Thumb Code    14  usart.o(i.Usart_SendByte)
    Virtual_Osc                              0x08005d61   Thumb Code    78  usart.o(i.Virtual_Osc)
    _sys_exit                                0x08005db5   Thumb Code     2  usart.o(i._sys_exit)
    ad9851_Init                              0x08005db9   Thumb Code   108  ad9851.o(i.ad9851_Init)
    ad9851_reset_parrel                      0x08005e31   Thumb Code    28  ad9851.o(i.ad9851_reset_parrel)
    ad9851_reset_serial                      0x08005e51   Thumb Code    52  ad9851.o(i.ad9851_reset_serial)
    ad9851_wr_parrel                         0x08005e89   Thumb Code   218  ad9851.o(i.ad9851_wr_parrel)
    ad9851_wr_serial                         0x08005f81   Thumb Code   252  ad9851.o(i.ad9851_wr_serial)
    bsp_Cfg_ADS1256                          0x08006095   Thumb Code    66  ads1256.o(i.bsp_Cfg_ADS1256)
    bsp_InitADS1256                          0x08006145   Thumb Code   122  ads1256.o(i.bsp_InitADS1256)
    delay_init                               0x080061c9   Thumb Code    16  delay.o(i.delay_init)
    delay_ms                                 0x080061dd   Thumb Code    26  delay.o(i.delay_ms)
    delay_us                                 0x080061f9   Thumb Code    48  delay.o(i.delay_us)
    fputc                                    0x0800622d   Thumb Code    14  usart.o(i.fputc)
    main                                     0x08006241   Thumb Code    48  main.o(i.main)
    uart_init                                0x08006271   Thumb Code    28  usart.o(i.uart_init)
    vcan_sendware                            0x08006295   Thumb Code    50  usart.o(i.vcan_sendware)
    __aeabi_ddiv                             0x080062d5   Thumb Code     0  ddiv.o(x$fpl$ddiv)
    _ddiv                                    0x080062d5   Thumb Code   552  ddiv.o(x$fpl$ddiv)
    __aeabi_d2iz                             0x08006585   Thumb Code     0  dfix.o(x$fpl$dfix)
    _dfix                                    0x08006585   Thumb Code    94  dfix.o(x$fpl$dfix)
    __aeabi_d2uiz                            0x080065e5   Thumb Code     0  dfixu.o(x$fpl$dfixu)
    _dfixu                                   0x080065e5   Thumb Code    90  dfixu.o(x$fpl$dfixu)
    __aeabi_ui2d                             0x0800663f   Thumb Code     0  dflt_clz.o(x$fpl$dfltu)
    _dfltu                                   0x0800663f   Thumb Code    38  dflt_clz.o(x$fpl$dfltu)
    __aeabi_dmul                             0x08006665   Thumb Code     0  dmul.o(x$fpl$dmul)
    _dmul                                    0x08006665   Thumb Code   332  dmul.o(x$fpl$dmul)
    __fpl_dnaninf                            0x080067b9   Thumb Code   156  dnaninf.o(x$fpl$dnaninf)
    __fpl_dretinf                            0x08006855   Thumb Code    12  dretinf.o(x$fpl$dretinf)
    _fp_init                                 0x08006861   Thumb Code    10  fpinit.o(x$fpl$fpinit)
    __fplib_config_fpu_vfp                   0x08006869   Thumb Code     0  fpinit.o(x$fpl$fpinit)
    __fplib_config_pureend_doubles           0x08006869   Thumb Code     0  fpinit.o(x$fpl$fpinit)
    APBAHBPrescTable                         0x0800686a   Data          16  stm32f4xx_hal_rcc.o(.constdata)
    __I$use$fp                               0x0800686a   Number         0  usenofp.o(x$fpl$usenofp)
    asc2_1206                                0x0800687a   Data        1140  lcd.o(.constdata)
    asc2_1608                                0x08006cee   Data        1520  lcd.o(.constdata)
    asc2_2412                                0x080072de   Data        3420  lcd.o(.constdata)
    asc2_3216                                0x0800803a   Data       12160  lcd.o(.constdata)
    Region$$Table$$Base                      0x0800aff4   Number         0  anon$$obj.o(Region$$Table)
    Region$$Table$$Limit                     0x0800b014   Number         0  anon$$obj.o(Region$$Table)
    SystemCoreClock                          0x20000000   Data           4  system_stm32f4xx.o(.data)
    AHBPrescTable                            0x20000004   Data          16  system_stm32f4xx.o(.data)
    USART_RX_STA                             0x2000001c   Data           2  usart.o(.data)
    __stdout                                 0x20000020   Data           4  usart.o(.data)
    POINT_COLOR                              0x20000024   Data           4  lcd.o(.data)
    BACK_COLOR                               0x20000028   Data           4  lcd.o(.data)
    ltdc_framebuf                            0x2000002c   Data           8  ltdc.o(.data)
    data1                                    0x20000034   Data           1  ad9851.o(.data)
    data2                                    0x20000035   Data           1  ad9851.o(.data)
    data3                                    0x20000036   Data           1  ad9851.o(.data)
    data4                                    0x20000037   Data           1  ad9851.o(.data)
    data5                                    0x20000038   Data           1  ad9851.o(.data)
    ch_num                                   0x20000039   Data           1  ads1256.o(.data)
    USART_RX_BUF                             0x2000003c   Data         200  usart.o(.bss)
    UART1_Handler                            0x20000104   Data          64  usart.o(.bss)
    Val_Osc                                  0x20000144   Data          16  usart.o(.bss)
    SRAM_Handler                             0x20000154   Data          80  lcd.o(.bss)
    lcddev                                   0x200001a4   Data          14  lcd.o(.bss)
    SDRAM_Handler                            0x200001b4   Data          52  sdram.o(.bss)
    LTDC_Handler                             0x200001e8   Data         168  ltdc.o(.bss)
    lcdltdc                                  0x20000290   Data          32  ltdc.o(.bss)
    g_tADS1256                               0x200002b0   Data          40  ads1256.o(.bss)
    GPIO_Initure                             0x200002d8   Data          20  ads1256.o(.bss)
    TIM3_Handler                             0x200002ec   Data          60  timer.o(.bss)
    __libspace_start                         0x20000328   Data          96  libspace.o(.bss)
    __temporary_stack_top$libspace           0x20000388   Data           0  libspace.o(.bss)
    ltdc_lcd_framebuf                        0xc0000000   Data       2048000  ltdc.o(.ARM.__AT_0xC0000000)



==============================================================================

Memory Map of the image

  Image Entry point : 0x080001ad

  Load Region LR_IROM1 (Base: 0x08000000, Size: 0x0000b050, Max: 0x00100000, ABSOLUTE)

    Execution Region ER_IROM1 (Exec base: 0x08000000, Load base: 0x08000000, Size: 0x0000b014, Max: 0x00100000, ABSOLUTE)

    Exec Addr    Load Addr    Size         Type   Attr      Idx    E Section Name        Object

    0x08000000   0x08000000   0x000001ac   Data   RO          517    RESET               startup_stm32f429xx.o
    0x080001ac   0x080001ac   0x00000008   Code   RO         5239  * !!!main             c_w.l(__main.o)
    0x080001b4   0x080001b4   0x00000034   Code   RO         5444    !!!scatter          c_w.l(__scatter.o)
    0x080001e8   0x080001e8   0x0000001a   Code   RO         5446    !!handler_copy      c_w.l(__scatter_copy.o)
    0x08000202   0x08000202   0x00000002   PAD
    0x08000204   0x08000204   0x0000001c   Code   RO         5448    !!handler_zi        c_w.l(__scatter_zi.o)
    0x08000220   0x08000220   0x00000000   Code   RO         5234    .ARM.Collect$$_printf_percent$$00000000  c_w.l(_printf_percent.o)
    0x08000220   0x08000220   0x00000006   Code   RO         5233    .ARM.Collect$$_printf_percent$$00000009  c_w.l(_printf_d.o)
    0x08000226   0x08000226   0x00000006   Code   RO         5232    .ARM.Collect$$_printf_percent$$0000000C  c_w.l(_printf_x.o)
    0x0800022c   0x0800022c   0x00000004   Code   RO         5270    .ARM.Collect$$_printf_percent$$00000017  c_w.l(_printf_percent_end.o)
    0x08000230   0x08000230   0x00000002   Code   RO         5314    .ARM.Collect$$libinit$$00000000  c_w.l(libinit.o)
    0x08000232   0x08000232   0x00000004   Code   RO         5324    .ARM.Collect$$libinit$$00000001  c_w.l(libinit2.o)
    0x08000236   0x08000236   0x00000000   Code   RO         5327    .ARM.Collect$$libinit$$00000004  c_w.l(libinit2.o)
    0x08000236   0x08000236   0x00000000   Code   RO         5330    .ARM.Collect$$libinit$$0000000A  c_w.l(libinit2.o)
    0x08000236   0x08000236   0x00000000   Code   RO         5332    .ARM.Collect$$libinit$$0000000C  c_w.l(libinit2.o)
    0x08000236   0x08000236   0x00000000   Code   RO         5334    .ARM.Collect$$libinit$$0000000E  c_w.l(libinit2.o)
    0x08000236   0x08000236   0x00000000   Code   RO         5337    .ARM.Collect$$libinit$$00000011  c_w.l(libinit2.o)
    0x08000236   0x08000236   0x00000000   Code   RO         5339    .ARM.Collect$$libinit$$00000013  c_w.l(libinit2.o)
    0x08000236   0x08000236   0x00000000   Code   RO         5341    .ARM.Collect$$libinit$$00000015  c_w.l(libinit2.o)
    0x08000236   0x08000236   0x00000000   Code   RO         5343    .ARM.Collect$$libinit$$00000017  c_w.l(libinit2.o)
    0x08000236   0x08000236   0x00000000   Code   RO         5345    .ARM.Collect$$libinit$$00000019  c_w.l(libinit2.o)
    0x08000236   0x08000236   0x00000000   Code   RO         5347    .ARM.Collect$$libinit$$0000001B  c_w.l(libinit2.o)
    0x08000236   0x08000236   0x00000000   Code   RO         5349    .ARM.Collect$$libinit$$0000001D  c_w.l(libinit2.o)
    0x08000236   0x08000236   0x00000000   Code   RO         5351    .ARM.Collect$$libinit$$0000001F  c_w.l(libinit2.o)
    0x08000236   0x08000236   0x00000000   Code   RO         5353    .ARM.Collect$$libinit$$00000021  c_w.l(libinit2.o)
    0x08000236   0x08000236   0x00000000   Code   RO         5355    .ARM.Collect$$libinit$$00000023  c_w.l(libinit2.o)
    0x08000236   0x08000236   0x00000000   Code   RO         5357    .ARM.Collect$$libinit$$00000025  c_w.l(libinit2.o)
    0x08000236   0x08000236   0x00000000   Code   RO         5361    .ARM.Collect$$libinit$$0000002C  c_w.l(libinit2.o)
    0x08000236   0x08000236   0x00000000   Code   RO         5363    .ARM.Collect$$libinit$$0000002E  c_w.l(libinit2.o)
    0x08000236   0x08000236   0x00000000   Code   RO         5365    .ARM.Collect$$libinit$$00000030  c_w.l(libinit2.o)
    0x08000236   0x08000236   0x00000000   Code   RO         5367    .ARM.Collect$$libinit$$00000032  c_w.l(libinit2.o)
    0x08000236   0x08000236   0x00000002   Code   RO         5368    .ARM.Collect$$libinit$$00000033  c_w.l(libinit2.o)
    0x08000238   0x08000238   0x00000002   Code   RO         5396    .ARM.Collect$$libshutdown$$00000000  c_w.l(libshutdown.o)
    0x0800023a   0x0800023a   0x00000000   Code   RO         5410    .ARM.Collect$$libshutdown$$00000002  c_w.l(libshutdown2.o)
    0x0800023a   0x0800023a   0x00000000   Code   RO         5412    .ARM.Collect$$libshutdown$$00000004  c_w.l(libshutdown2.o)
    0x0800023a   0x0800023a   0x00000000   Code   RO         5415    .ARM.Collect$$libshutdown$$00000007  c_w.l(libshutdown2.o)
    0x0800023a   0x0800023a   0x00000000   Code   RO         5418    .ARM.Collect$$libshutdown$$0000000A  c_w.l(libshutdown2.o)
    0x0800023a   0x0800023a   0x00000000   Code   RO         5420    .ARM.Collect$$libshutdown$$0000000C  c_w.l(libshutdown2.o)
    0x0800023a   0x0800023a   0x00000000   Code   RO         5423    .ARM.Collect$$libshutdown$$0000000F  c_w.l(libshutdown2.o)
    0x0800023a   0x0800023a   0x00000002   Code   RO         5424    .ARM.Collect$$libshutdown$$00000010  c_w.l(libshutdown2.o)
    0x0800023c   0x0800023c   0x00000000   Code   RO         5263    .ARM.Collect$$rtentry$$00000000  c_w.l(__rtentry.o)
    0x0800023c   0x0800023c   0x00000000   Code   RO         5277    .ARM.Collect$$rtentry$$00000002  c_w.l(__rtentry2.o)
    0x0800023c   0x0800023c   0x00000006   Code   RO         5289    .ARM.Collect$$rtentry$$00000004  c_w.l(__rtentry4.o)
    0x08000242   0x08000242   0x00000000   Code   RO         5279    .ARM.Collect$$rtentry$$00000009  c_w.l(__rtentry2.o)
    0x08000242   0x08000242   0x00000004   Code   RO         5280    .ARM.Collect$$rtentry$$0000000A  c_w.l(__rtentry2.o)
    0x08000246   0x08000246   0x00000000   Code   RO         5282    .ARM.Collect$$rtentry$$0000000C  c_w.l(__rtentry2.o)
    0x08000246   0x08000246   0x00000008   Code   RO         5283    .ARM.Collect$$rtentry$$0000000D  c_w.l(__rtentry2.o)
    0x0800024e   0x0800024e   0x00000002   Code   RO         5318    .ARM.Collect$$rtexit$$00000000  c_w.l(rtexit.o)
    0x08000250   0x08000250   0x00000000   Code   RO         5370    .ARM.Collect$$rtexit$$00000002  c_w.l(rtexit2.o)
    0x08000250   0x08000250   0x00000004   Code   RO         5371    .ARM.Collect$$rtexit$$00000003  c_w.l(rtexit2.o)
    0x08000254   0x08000254   0x00000006   Code   RO         5372    .ARM.Collect$$rtexit$$00000004  c_w.l(rtexit2.o)
    0x0800025a   0x0800025a   0x00000002   PAD
    0x0800025c   0x0800025c   0x00000040   Code   RO          518    .text               startup_stm32f429xx.o
    0x0800029c   0x0800029c   0x00000002   Code   RO         5179    .text               c_w.l(use_no_semi_2.o)
    0x0800029e   0x0800029e   0x00000048   Code   RO         5181    .text               c_w.l(llsdiv.o)
    0x080002e6   0x080002e6   0x00000002   PAD
    0x080002e8   0x080002e8   0x00000018   Code   RO         5185    .text               c_w.l(noretval__2printf.o)
    0x08000300   0x08000300   0x00000068   Code   RO         5187    .text               c_w.l(__printf.o)
    0x08000368   0x08000368   0x00000078   Code   RO         5189    .text               c_w.l(_printf_dec.o)
    0x080003e0   0x080003e0   0x00000058   Code   RO         5194    .text               c_w.l(_printf_hex_int.o)
    0x08000438   0x08000438   0x00000064   Code   RO         5235    .text               c_w.l(rt_memcpy_w.o)
    0x0800049c   0x0800049c   0x00000006   Code   RO         5237    .text               c_w.l(heapauxi.o)
    0x080004a2   0x080004a2   0x00000002   Code   RO         5261    .text               c_w.l(use_no_semi.o)
    0x080004a4   0x080004a4   0x000000ee   Code   RO         5264    .text               c_w.l(lludivv7m.o)
    0x08000592   0x08000592   0x000000b2   Code   RO         5266    .text               c_w.l(_printf_intcommon.o)
    0x08000644   0x08000644   0x00000024   Code   RO         5268    .text               c_w.l(_printf_char_file.o)
    0x08000668   0x08000668   0x00000030   Code   RO         5295    .text               c_w.l(_printf_char_common.o)
    0x08000698   0x08000698   0x00000008   Code   RO         5297    .text               c_w.l(ferror.o)
    0x080006a0   0x080006a0   0x0000004a   Code   RO         5301    .text               c_w.l(sys_stackheap_outer.o)
    0x080006ea   0x080006ea   0x00000012   Code   RO         5307    .text               c_w.l(exit.o)
    0x080006fc   0x080006fc   0x00000008   Code   RO         5315    .text               c_w.l(libspace.o)
    0x08000704   0x08000704   0x00000094   Code   RO         5006    i.ADS1256_CfgADC    ads1256.o
    0x08000798   0x08000798   0x0000000c   Code   RO         5007    i.ADS1256_DelaySCLK  ads1256.o
    0x080007a4   0x080007a4   0x00000024   Code   RO         5008    i.ADS1256_GetAdc    ads1256.o
    0x080007c8   0x080007c8   0x000000f0   Code   RO         5009    i.ADS1256_ISR       ads1256.o
    0x080008b8   0x080008b8   0x0000003c   Code   RO         5010    i.ADS1256_ReadChipID  ads1256.o
    0x080008f4   0x080008f4   0x00000048   Code   RO         5011    i.ADS1256_ReadData  ads1256.o
    0x0800093c   0x0800093c   0x00000054   Code   RO         5012    i.ADS1256_Recive8Bit  ads1256.o
    0x08000990   0x08000990   0x00000050   Code   RO         5013    i.ADS1256_Send8Bit  ads1256.o
    0x080009e0   0x080009e0   0x00000074   Code   RO         5014    i.ADS1256_StartScan  ads1256.o
    0x08000a54   0x08000a54   0x00000048   Code   RO         5015    i.ADS1256_StopScan  ads1256.o
    0x08000a9c   0x08000a9c   0x0000004c   Code   RO         5016    i.ADS1256_WaitDRDY  ads1256.o
    0x08000ae8   0x08000ae8   0x00000028   Code   RO         5017    i.ADS1256_WriteCmd  ads1256.o
    0x08000b10   0x08000b10   0x00000038   Code   RO         5018    i.ADS1256_WriteReg  ads1256.o
    0x08000b48   0x08000b48   0x00000042   Code   RO         4946    i.Ad9850_Init       ad9851.o
    0x08000b8a   0x08000b8a   0x00000002   Code   RO          304    i.BusFault_Handler  stm32f4xx_it.o
    0x08000b8c   0x08000b8c   0x00000002   Code   RO          305    i.DebugMon_Handler  stm32f4xx_it.o
    0x08000b8e   0x08000b8e   0x00000006   Code   RO         5019    i.EXTI9_5_IRQHandler  ads1256.o
    0x08000b94   0x08000b94   0x00000040   Code   RO         2668    i.FMC_NORSRAM_Extended_Timing_Init  stm32f4xx_ll_fmc.o
    0x08000bd4   0x08000bd4   0x00000078   Code   RO         2669    i.FMC_NORSRAM_Init  stm32f4xx_ll_fmc.o
    0x08000c4c   0x08000c4c   0x0000005c   Code   RO         2670    i.FMC_NORSRAM_Timing_Init  stm32f4xx_ll_fmc.o
    0x08000ca8   0x08000ca8   0x0000004c   Code   RO         2680    i.FMC_SDRAM_Init    stm32f4xx_ll_fmc.o
    0x08000cf4   0x08000cf4   0x0000000c   Code   RO         2681    i.FMC_SDRAM_ProgramRefreshRate  stm32f4xx_ll_fmc.o
    0x08000d00   0x08000d00   0x00000048   Code   RO         2682    i.FMC_SDRAM_SendCommand  stm32f4xx_ll_fmc.o
    0x08000d48   0x08000d48   0x0000007c   Code   RO         2684    i.FMC_SDRAM_Timing_Init  stm32f4xx_ll_fmc.o
    0x08000dc4   0x08000dc4   0x00000098   Code   RO         5020    i.HAL_GPIO_EXTI_Callback  ads1256.o
    0x08000e5c   0x08000e5c   0x00000018   Code   RO          808    i.HAL_GPIO_EXTI_IRQHandler  stm32f4xx_hal_gpio.o
    0x08000e74   0x08000e74   0x000001dc   Code   RO          809    i.HAL_GPIO_Init     stm32f4xx_hal_gpio.o
    0x08001050   0x08001050   0x0000000a   Code   RO          811    i.HAL_GPIO_ReadPin  stm32f4xx_hal_gpio.o
    0x0800105a   0x0800105a   0x00000004   Code   RO          813    i.HAL_GPIO_Write    stm32f4xx_hal_gpio.o
    0x0800105e   0x0800105e   0x0000000a   Code   RO          814    i.HAL_GPIO_WritePin  stm32f4xx_hal_gpio.o
    0x08001068   0x08001068   0x0000000c   Code   RO          540    i.HAL_GetTick       stm32f4xx_hal.o
    0x08001074   0x08001074   0x00000010   Code   RO          541    i.HAL_IncTick       stm32f4xx_hal.o
    0x08001084   0x08001084   0x00000034   Code   RO          542    i.HAL_Init          stm32f4xx_hal.o
    0x080010b8   0x080010b8   0x00000022   Code   RO          543    i.HAL_InitTick      stm32f4xx_hal.o
    0x080010da   0x080010da   0x00000052   Code   RO         3118    i.HAL_LTDC_ConfigLayer  stm32f4xx_hal_ltdc.o
    0x0800112c   0x0800112c   0x000000fc   Code   RO         3130    i.HAL_LTDC_Init     stm32f4xx_hal_ltdc.o
    0x08001228   0x08001228   0x000000f4   Code   RO         4667    i.HAL_LTDC_MspInit  ltdc.o
    0x0800131c   0x0800131c   0x00000054   Code   RO         3139    i.HAL_LTDC_SetWindowPosition  stm32f4xx_hal_ltdc.o
    0x08001370   0x08001370   0x00000054   Code   RO         3140    i.HAL_LTDC_SetWindowSize  stm32f4xx_hal_ltdc.o
    0x080013c4   0x080013c4   0x00000008   Code   RO          545    i.HAL_MspInit       stm32f4xx_hal.o
    0x080013cc   0x080013cc   0x00000016   Code   RO          685    i.HAL_NVIC_DisableIRQ  stm32f4xx_hal_cortex.o
    0x080013e2   0x080013e2   0x00000016   Code   RO          686    i.HAL_NVIC_EnableIRQ  stm32f4xx_hal_cortex.o
    0x080013f8   0x080013f8   0x00000040   Code   RO          692    i.HAL_NVIC_SetPriority  stm32f4xx_hal_cortex.o
    0x08001438   0x08001438   0x00000024   Code   RO          693    i.HAL_NVIC_SetPriorityGrouping  stm32f4xx_hal_cortex.o
    0x0800145c   0x0800145c   0x00000088   Code   RO         1004    i.HAL_PWREx_EnableOverDrive  stm32f4xx_hal_pwr_ex.o
    0x080014e4   0x080014e4   0x000002a8   Code   RO         1176    i.HAL_RCCEx_PeriphCLKConfig  stm32f4xx_hal_rcc_ex.o
    0x0800178c   0x0800178c   0x00000208   Code   RO         1071    i.HAL_RCC_ClockConfig  stm32f4xx_hal_rcc.o
    0x08001994   0x08001994   0x00000034   Code   RO         1076    i.HAL_RCC_GetHCLKFreq  stm32f4xx_hal_rcc.o
    0x080019c8   0x080019c8   0x0000002c   Code   RO         1078    i.HAL_RCC_GetPCLK1Freq  stm32f4xx_hal_rcc.o
    0x080019f4   0x080019f4   0x0000002c   Code   RO         1079    i.HAL_RCC_GetPCLK2Freq  stm32f4xx_hal_rcc.o
    0x08001a20   0x08001a20   0x00000074   Code   RO         1080    i.HAL_RCC_GetSysClockFreq  stm32f4xx_hal_rcc.o
    0x08001a94   0x08001a94   0x0000031c   Code   RO         1083    i.HAL_RCC_OscConfig  stm32f4xx_hal_rcc.o
    0x08001db0   0x08001db0   0x00000042   Code   RO         2966    i.HAL_SDRAM_Init    stm32f4xx_hal_sdram.o
    0x08001df2   0x08001df2   0x00000002   PAD
    0x08001df4   0x08001df4   0x000000dc   Code   RO         4609    i.HAL_SDRAM_MspInit  sdram.o
    0x08001ed0   0x08001ed0   0x00000022   Code   RO         2969    i.HAL_SDRAM_ProgramRefreshRate  stm32f4xx_hal_sdram.o
    0x08001ef2   0x08001ef2   0x0000002e   Code   RO         2975    i.HAL_SDRAM_SendCommand  stm32f4xx_hal_sdram.o
    0x08001f20   0x08001f20   0x00000056   Code   RO         2844    i.HAL_SRAM_Init     stm32f4xx_hal_sram.o
    0x08001f76   0x08001f76   0x00000002   PAD
    0x08001f78   0x08001f78   0x00000078   Code   RO         4388    i.HAL_SRAM_MspInit  lcd.o
    0x08001ff0   0x08001ff0   0x00000018   Code   RO          695    i.HAL_SYSTICK_CLKSourceConfig  stm32f4xx_hal_cortex.o
    0x08002008   0x08002008   0x00000028   Code   RO          697    i.HAL_SYSTICK_Config  stm32f4xx_hal_cortex.o
    0x08002030   0x08002030   0x00000002   Code   RO         2421    i.HAL_TIMEx_BreakCallback  stm32f4xx_hal_tim_ex.o
    0x08002032   0x08002032   0x00000002   Code   RO         2422    i.HAL_TIMEx_CommutationCallback  stm32f4xx_hal_tim_ex.o
    0x08002034   0x08002034   0x00000002   Code   RO         1821    i.HAL_TIM_IC_CaptureCallback  stm32f4xx_hal_tim.o
    0x08002036   0x08002036   0x00000166   Code   RO         1834    i.HAL_TIM_IRQHandler  stm32f4xx_hal_tim.o
    0x0800219c   0x0800219c   0x00000002   Code   RO         1837    i.HAL_TIM_OC_DelayElapsedCallback  stm32f4xx_hal_tim.o
    0x0800219e   0x0800219e   0x00000002   Code   RO         1864    i.HAL_TIM_PWM_PulseFinishedCallback  stm32f4xx_hal_tim.o
    0x080021a0   0x080021a0   0x00000002   Code   RO         5133    i.HAL_TIM_PeriodElapsedCallback  timer.o
    0x080021a2   0x080021a2   0x00000002   Code   RO         1875    i.HAL_TIM_TriggerCallback  stm32f4xx_hal_tim.o
    0x080021a4   0x080021a4   0x00000002   Code   RO         1223    i.HAL_UART_ErrorCallback  stm32f4xx_hal_uart.o
    0x080021a6   0x080021a6   0x000000f4   Code   RO         1226    i.HAL_UART_IRQHandler  stm32f4xx_hal_uart.o
    0x0800229a   0x0800229a   0x0000005e   Code   RO         1227    i.HAL_UART_Init     stm32f4xx_hal_uart.o
    0x080022f8   0x080022f8   0x00000094   Code   RO         4237    i.HAL_UART_MspInit  usart.o
    0x0800238c   0x0800238c   0x000000ca   Code   RO         1230    i.HAL_UART_Receive  stm32f4xx_hal_uart.o
    0x08002456   0x08002456   0x00000002   Code   RO         1233    i.HAL_UART_RxCpltCallback  stm32f4xx_hal_uart.o
    0x08002458   0x08002458   0x000000c8   Code   RO         1235    i.HAL_UART_Transmit  stm32f4xx_hal_uart.o
    0x08002520   0x08002520   0x00000002   Code   RO         1238    i.HAL_UART_TxCpltCallback  stm32f4xx_hal_uart.o
    0x08002522   0x08002522   0x00000002   Code   RO          306    i.HardFault_Handler  stm32f4xx_it.o
    0x08002524   0x08002524   0x00000080   Code   RO         4357    i.KEY_Init          key.o
    0x080025a4   0x080025a4   0x00000048   Code   RO         4390    i.LCD_Clear         lcd.o
    0x080025ec   0x080025ec   0x000000f4   Code   RO         4394    i.LCD_Display_Dir   lcd.o
    0x080026e0   0x080026e0   0x000000f8   Code   RO         4399    i.LCD_Fast_DrawPoint  lcd.o
    0x080027d8   0x080027d8   0x0000238c   Code   RO         4401    i.LCD_Init          lcd.o
    0x08004b64   0x08004b64   0x00000014   Code   RO         4403    i.LCD_RD_DATA       lcd.o
    0x08004b78   0x08004b78   0x00000050   Code   RO         4406    i.LCD_SSD_BackLightSet  lcd.o
    0x08004bc8   0x08004bc8   0x000001b8   Code   RO         4407    i.LCD_Scan_Dir      lcd.o
    0x08004d80   0x08004d80   0x00000104   Code   RO         4408    i.LCD_SetCursor     lcd.o
    0x08004e84   0x08004e84   0x000000dc   Code   RO         4410    i.LCD_ShowChar      lcd.o
    0x08004f60   0x08004f60   0x00000054   Code   RO         4412    i.LCD_ShowString    lcd.o
    0x08004fb4   0x08004fb4   0x00000018   Code   RO         4414    i.LCD_WR_DATA       lcd.o
    0x08004fcc   0x08004fcc   0x00000018   Code   RO         4415    i.LCD_WR_REG        lcd.o
    0x08004fe4   0x08004fe4   0x00000014   Code   RO         4417    i.LCD_WriteRAM_Prepare  lcd.o
    0x08004ff8   0x08004ff8   0x00000010   Code   RO         4418    i.LCD_WriteReg      lcd.o
    0x08005008   0x08005008   0x0000004c   Code   RO         4327    i.LED_Init          led.o
    0x08005054   0x08005054   0x00000024   Code   RO         4328    i.LED_Test          led.o
    0x08005078   0x08005078   0x00000020   Code   RO         4668    i.LTDC_Clear        ltdc.o
    0x08005098   0x08005098   0x0000001e   Code   RO         4669    i.LTDC_Clk_Set      ltdc.o
    0x080050b6   0x080050b6   0x00000002   PAD
    0x080050b8   0x080050b8   0x00000028   Code   RO         4671    i.LTDC_Display_Dir  ltdc.o
    0x080050e0   0x080050e0   0x0000003c   Code   RO         4672    i.LTDC_Draw_Point   ltdc.o
    0x0800511c   0x0800511c   0x000000b4   Code   RO         4673    i.LTDC_Fill         ltdc.o
    0x080051d0   0x080051d0   0x000001e8   Code   RO         4674    i.LTDC_Init         ltdc.o
    0x080053b8   0x080053b8   0x0000005c   Code   RO         4675    i.LTDC_Layer_Parameter_Config  ltdc.o
    0x08005414   0x08005414   0x00000024   Code   RO         4677    i.LTDC_Layer_Window_Config  ltdc.o
    0x08005438   0x08005438   0x000000b8   Code   RO         4678    i.LTDC_PanelID_Read  ltdc.o
    0x080054f0   0x080054f0   0x00000162   Code   RO         3141    i.LTDC_SetConfig    stm32f4xx_hal_ltdc.o
    0x08005652   0x08005652   0x00000002   Code   RO          307    i.MemManage_Handler  stm32f4xx_it.o
    0x08005654   0x08005654   0x00000036   Code   RO            4    i.Modular_Init      main.o
    0x0800568a   0x0800568a   0x00000002   Code   RO          308    i.NMI_Handler       stm32f4xx_it.o
    0x0800568c   0x0800568c   0x00000020   Code   RO          699    i.NVIC_SetPriority  stm32f4xx_hal_cortex.o
    0x080056ac   0x080056ac   0x00000002   Code   RO          309    i.PendSV_Handler    stm32f4xx_it.o
    0x080056ae   0x080056ae   0x00000002   PAD
    0x080056b0   0x080056b0   0x0000007c   Code   RO            5    i.Read_ID           main.o
    0x0800572c   0x0800572c   0x00000060   Code   RO         4610    i.SDRAM_Init        sdram.o
    0x0800578c   0x0800578c   0x00000050   Code   RO         4611    i.SDRAM_Initialization_Sequence  sdram.o
    0x080057dc   0x080057dc   0x00000034   Code   RO         4612    i.SDRAM_Send_Cmd    sdram.o
    0x08005810   0x08005810   0x00000002   Code   RO          310    i.SVC_Handler       stm32f4xx_it.o
    0x08005812   0x08005812   0x00000002   PAD
    0x08005814   0x08005814   0x000000b0   Code   RO            6    i.Screen_Init       main.o
    0x080058c4   0x080058c4   0x00000084   Code   RO         4210    i.Stm32_Clock_Init  sys.o
    0x08005948   0x08005948   0x00000004   Code   RO          311    i.SysTick_Handler   stm32f4xx_it.o
    0x0800594c   0x0800594c   0x00000054   Code   RO          383    i.SystemInit        system_stm32f4xx.o
    0x080059a0   0x080059a0   0x0000000c   Code   RO         5134    i.TIM3_IRQHandler   timer.o
    0x080059ac   0x080059ac   0x000000a6   Code   RO         1245    i.UART_Receive_IT   stm32f4xx_hal_uart.o
    0x08005a52   0x08005a52   0x00000002   PAD
    0x08005a54   0x08005a54   0x00000174   Code   RO         1246    i.UART_SetConfig    stm32f4xx_hal_uart.o
    0x08005bc8   0x08005bc8   0x00000066   Code   RO         1247    i.UART_Transmit_IT  stm32f4xx_hal_uart.o
    0x08005c2e   0x08005c2e   0x00000092   Code   RO         1248    i.UART_WaitOnFlagUntilTimeout  stm32f4xx_hal_uart.o
    0x08005cc0   0x08005cc0   0x0000006c   Code   RO         4238    i.USART1_IRQHandler  usart.o
    0x08005d2c   0x08005d2c   0x00000002   Code   RO          312    i.UsageFault_Handler  stm32f4xx_it.o
    0x08005d2e   0x08005d2e   0x00000022   Code   RO         4239    i.Usart_SendArray   usart.o
    0x08005d50   0x08005d50   0x0000000e   Code   RO         4240    i.Usart_SendByte    usart.o
    0x08005d5e   0x08005d5e   0x00000002   PAD
    0x08005d60   0x08005d60   0x00000054   Code   RO         4241    i.Virtual_Osc       usart.o
    0x08005db4   0x08005db4   0x00000002   Code   RO         4243    i._sys_exit         usart.o
    0x08005db6   0x08005db6   0x00000002   PAD
    0x08005db8   0x08005db8   0x00000078   Code   RO         4947    i.ad9851_Init       ad9851.o
    0x08005e30   0x08005e30   0x00000020   Code   RO         4948    i.ad9851_reset_parrel  ad9851.o
    0x08005e50   0x08005e50   0x00000038   Code   RO         4949    i.ad9851_reset_serial  ad9851.o
    0x08005e88   0x08005e88   0x000000f8   Code   RO         4950    i.ad9851_wr_parrel  ad9851.o
    0x08005f80   0x08005f80   0x00000114   Code   RO         4951    i.ad9851_wr_serial  ad9851.o
    0x08006094   0x08006094   0x000000b0   Code   RO         5021    i.bsp_Cfg_ADS1256   ads1256.o
    0x08006144   0x08006144   0x00000084   Code   RO         5022    i.bsp_InitADS1256   ads1256.o
    0x080061c8   0x080061c8   0x00000014   Code   RO         4171    i.delay_init        delay.o
    0x080061dc   0x080061dc   0x0000001a   Code   RO         4172    i.delay_ms          delay.o
    0x080061f6   0x080061f6   0x00000002   PAD
    0x080061f8   0x080061f8   0x00000034   Code   RO         4173    i.delay_us          delay.o
    0x0800622c   0x0800622c   0x00000014   Code   RO         4244    i.fputc             usart.o
    0x08006240   0x08006240   0x00000030   Code   RO            7    i.main              main.o
    0x08006270   0x08006270   0x00000024   Code   RO         4245    i.uart_init         usart.o
    0x08006294   0x08006294   0x00000040   Code   RO         4246    i.vcan_sendware     usart.o
    0x080062d4   0x080062d4   0x000002b0   Code   RO         5242    x$fpl$ddiv          fz_wm.l(ddiv.o)
    0x08006584   0x08006584   0x0000005e   Code   RO         5245    x$fpl$dfix          fz_wm.l(dfix.o)
    0x080065e2   0x080065e2   0x00000002   PAD
    0x080065e4   0x080065e4   0x0000005a   Code   RO         5249    x$fpl$dfixu         fz_wm.l(dfixu.o)
    0x0800663e   0x0800663e   0x00000026   Code   RO         5253    x$fpl$dfltu         fz_wm.l(dflt_clz.o)
    0x08006664   0x08006664   0x00000154   Code   RO         5259    x$fpl$dmul          fz_wm.l(dmul.o)
    0x080067b8   0x080067b8   0x0000009c   Code   RO         5271    x$fpl$dnaninf       fz_wm.l(dnaninf.o)
    0x08006854   0x08006854   0x0000000c   Code   RO         5273    x$fpl$dretinf       fz_wm.l(dretinf.o)
    0x08006860   0x08006860   0x0000000a   Code   RO         5384    x$fpl$fpinit        fz_wm.l(fpinit.o)
    0x0800686a   0x0800686a   0x00000000   Code   RO         5275    x$fpl$usenofp       fz_wm.l(usenofp.o)
    0x0800686a   0x0800686a   0x00000010   Data   RO         1084    .constdata          stm32f4xx_hal_rcc.o
    0x0800687a   0x0800687a   0x00004740   Data   RO         4421    .constdata          lcd.o
    0x0800afba   0x0800afba   0x00000010   Data   RO         5026    .constdata          ads1256.o
    0x0800afca   0x0800afca   0x00000028   Data   RO         5195    .constdata          c_w.l(_printf_hex_int.o)
    0x0800aff2   0x0800aff2   0x00000002   PAD
    0x0800aff4   0x0800aff4   0x00000020   Data   RO         5442    Region$$Table       anon$$obj.o


    Execution Region RW_IRAM1 (Exec base: 0x20000000, Load base: 0x0800b014, Size: 0x00000988, Max: 0x00030000, ABSOLUTE)

    Exec Addr    Load Addr    Size         Type   Attr      Idx    E Section Name        Object

    0x20000000   0x0800b014   0x00000014   Data   RW          384    .data               system_stm32f4xx.o
    0x20000014   0x0800b028   0x00000004   Data   RW          548    .data               stm32f4xx_hal.o
    0x20000018   0x0800b02c   0x00000004   Data   RW         4174    .data               delay.o
    0x2000001c   0x0800b030   0x00000002   Data   RW         4248    .data               usart.o
    0x2000001e   0x0800b032   0x00000002   PAD
    0x20000020   0x0800b034   0x00000004   Data   RW         4249    .data               usart.o
    0x20000024   0x0800b038   0x00000008   Data   RW         4422    .data               lcd.o
    0x2000002c   0x0800b040   0x00000008   Data   RW         4685    .data               ltdc.o
    0x20000034   0x0800b048   0x00000005   Data   RW         4952    .data               ad9851.o
    0x20000039   0x0800b04d   0x00000001   Data   RW         5027    .data               ads1256.o
    0x2000003a   0x0800b04e   0x00000002   PAD
    0x2000003c        -       0x00000118   Zero   RW         4247    .bss                usart.o
    0x20000154        -       0x0000005e   Zero   RW         4420    .bss                lcd.o
    0x200001b2   0x0800b04e   0x00000002   PAD
    0x200001b4        -       0x00000034   Zero   RW         4613    .bss                sdram.o
    0x200001e8        -       0x000000c8   Zero   RW         4683    .bss                ltdc.o
    0x200002b0        -       0x0000003c   Zero   RW         5023    .bss                ads1256.o
    0x200002ec        -       0x0000003c   Zero   RW         5136    .bss                timer.o
    0x20000328        -       0x00000060   Zero   RW         5316    .bss                c_w.l(libspace.o)
    0x20000388        -       0x00000200   Zero   RW          516    HEAP                startup_stm32f429xx.o
    0x20000588        -       0x00000400   Zero   RW          515    STACK               startup_stm32f429xx.o



  Load Region LR$$.ARM.__AT_0xC0000000 (Base: 0xc0000000, Size: 0x00000000, Max: 0x001f4000, ABSOLUTE)

    Execution Region ER$$.ARM.__AT_0xC0000000 (Exec base: 0xc0000000, Load base: 0xc0000000, Size: 0x001f4000, Max: 0x001f4000, ABSOLUTE, UNINIT)

    Exec Addr    Load Addr    Size         Type   Attr      Idx    E Section Name        Object

    0xc0000000        -       0x001f4000   Zero   RW         4682    .ARM.__AT_0xC0000000  ltdc.o


==============================================================================

Image component sizes


      Code (inc. data)   RO Data    RW Data    ZI Data      Debug   Object Name

       798         74          0          5          0       5214   ad9851.o
      1558        272         16          1         60      19406   ads1256.o
        98          8          0          4          0       2035   delay.o
       128         18          0          0          0       1039   key.o
     10972        176      18240          8         94      19181   lcd.o
       112         14          0          0          0       1434   led.o
      1386        116          0          8    2048200       9748   ltdc.o
       402        174          0          0          0     437666   main.o
       448         46          0          0         52       3590   sdram.o
        64         26        428          0       1536        840   startup_stm32f429xx.o
       122         16          0          4          0       4348   stm32f4xx_hal.o
       240         14          0          0          0      31803   stm32f4xx_hal_cortex.o
       524         60          0          0          0       4711   stm32f4xx_hal_gpio.o
       856          4          0          0          0       4921   stm32f4xx_hal_ltdc.o
       136         14          0          0          0       1360   stm32f4xx_hal_pwr_ex.o
      1572         72         16          0          0       6595   stm32f4xx_hal_rcc.o
       680         36          0          0          0       1732   stm32f4xx_hal_rcc_ex.o
       146          0          0          0          0       2840   stm32f4xx_hal_sdram.o
        86          0          0          0          0       1276   stm32f4xx_hal_sram.o
       366          0          0          0          0       4686   stm32f4xx_hal_tim.o
         4          0          0          0          0       1750   stm32f4xx_hal_tim_ex.o
      1532          8          0          0          0      10258   stm32f4xx_hal_uart.o
        20          0          0          0          0       4258   stm32f4xx_it.o
       560         20          0          0          0       6220   stm32f4xx_ll_fmc.o
       132         10          0          0          0       1199   sys.o
        84         18          0         20          0       1129   system_stm32f4xx.o
        14          6          0          0         60       1725   timer.o
       510         56          0          6        280       8134   usart.o

    ----------------------------------------------------------------------
     23568       1258      18732         60    2050284     599098   Object Totals
         0          0         32          0          0          0   (incl. Generated)
        18          0          0          4          2          0   (incl. Padding)

    ----------------------------------------------------------------------

      Code (inc. data)   RO Data    RW Data    ZI Data      Debug   Library Member Name

         8          0          0          0          0         68   __main.o
       104          0          0          0          0         84   __printf.o
         0          0          0          0          0          0   __rtentry.o
        12          0          0          0          0          0   __rtentry2.o
         6          0          0          0          0          0   __rtentry4.o
        52          8          0          0          0          0   __scatter.o
        26          0          0          0          0          0   __scatter_copy.o
        28          0          0          0          0          0   __scatter_zi.o
        48          6          0          0          0         96   _printf_char_common.o
        36          4          0          0          0         80   _printf_char_file.o
         6          0          0          0          0          0   _printf_d.o
       120         16          0          0          0         92   _printf_dec.o
        88          4         40          0          0         88   _printf_hex_int.o
       178          0          0          0          0         88   _printf_intcommon.o
         0          0          0          0          0          0   _printf_percent.o
         4          0          0          0          0          0   _printf_percent_end.o
         6          0          0          0          0          0   _printf_x.o
        18          0          0          0          0         80   exit.o
         8          0          0          0          0         68   ferror.o
         6          0          0          0          0        152   heapauxi.o
         2          0          0          0          0          0   libinit.o
         6          0          0          0          0          0   libinit2.o
         2          0          0          0          0          0   libshutdown.o
         2          0          0          0          0          0   libshutdown2.o
         8          4          0          0         96         68   libspace.o
        72          0          0          0          0         76   llsdiv.o
       238          0          0          0          0        100   lludivv7m.o
        24          4          0          0          0         84   noretval__2printf.o
       100          0          0          0          0         80   rt_memcpy_w.o
         2          0          0          0          0          0   rtexit.o
        10          0          0          0          0          0   rtexit2.o
        74          0          0          0          0         80   sys_stackheap_outer.o
         2          0          0          0          0         68   use_no_semi.o
         2          0          0          0          0         68   use_no_semi_2.o
       688        140          0          0          0        256   ddiv.o
        94          4          0          0          0        140   dfix.o
        90          4          0          0          0        140   dfixu.o
        38          0          0          0          0        116   dflt_clz.o
       340         12          0          0          0        152   dmul.o
       156          4          0          0          0        140   dnaninf.o
        12          0          0          0          0        116   dretinf.o
        10          0          0          0          0        116   fpinit.o
         0          0          0          0          0          0   usenofp.o

    ----------------------------------------------------------------------
      2734        210         42          0         96       2696   Library Totals
         8          0          2          0          0          0   (incl. Padding)

    ----------------------------------------------------------------------

      Code (inc. data)   RO Data    RW Data    ZI Data      Debug   Library Name

      1298         46         40          0         96       1520   c_w.l
      1428        164          0          0          0       1176   fz_wm.l

    ----------------------------------------------------------------------
      2734        210         42          0         96       2696   Library Totals

    ----------------------------------------------------------------------

==============================================================================


      Code (inc. data)   RO Data    RW Data    ZI Data      Debug   

     26302       1468      18774         60    2050380     586966   Grand Totals
     26302       1468      18774         60    2050380     586966   ELF Image Totals
     26302       1468      18774         60          0          0   ROM Totals

==============================================================================

    Total RO  Size (Code + RO Data)                45076 (  44.02kB)
    Total RW  Size (RW Data + ZI Data)           2050440 (2002.38kB)
    Total ROM Size (Code + RO Data + RW Data)      45136 (  44.08kB)

==============================================================================

