Component: ARM Compiler 5.06 update 1 (build 61) Tool: armlink [4d35a8]

==============================================================================

Section Cross References

    main.o(i.Modular_Init) refers to stm32f4xx_hal.o(i.HAL_Init) for HAL_Init
    main.o(i.Modular_Init) refers to sys.o(i.Stm32_Clock_Init) for Stm32_Clock_Init
    main.o(i.Modular_Init) refers to delay.o(i.delay_init) for delay_init
    main.o(i.Modular_Init) refers to usart.o(i.uart_init) for uart_init
    main.o(i.Modular_Init) refers to led.o(i.LED_Init) for LED_Init
    main.o(i.Modular_Init) refers to key.o(i.KEY_Init) for KEY_Init
    main.o(i.Read_ID) refers to _printf_percent.o(.ARM.Collect$$_printf_percent$$00000000) for _printf_percent
    main.o(i.Read_ID) refers to _printf_x.o(.ARM.Collect$$_printf_percent$$0000000C) for _printf_x
    main.o(i.Read_ID) refers to _printf_hex_int.o(.text) for _printf_longlong_hex
    main.o(i.Read_ID) refers to ads1256.o(i.ADS1256_ReadChipID) for ADS1256_ReadChipID
    main.o(i.Read_ID) refers to noretval__2printf.o(.text) for __2printf
    main.o(i.Screen_Init) refers to lcd.o(i.LCD_ShowString) for LCD_ShowString
    main.o(i.Screen_Init) refers to lcd.o(.data) for POINT_COLOR
    main.o(i.main) refers to main.o(i.Modular_Init) for Modular_Init
    main.o(i.main) refers to delay.o(i.delay_ms) for delay_ms
    main.o(i.main) refers to ad9851.o(i.Ad9850_Init) for Ad9850_Init
    main.o(i.main) refers to ads1256.o(i.bsp_InitADS1256) for bsp_InitADS1256
    main.o(i.main) refers to ads1256.o(i.bsp_Cfg_ADS1256) for bsp_Cfg_ADS1256
    main.o(i.main) refers to main.o(i.Read_ID) for Read_ID
    main.o(i.sin) refers to dflt_clz.o(x$fpl$dflt) for __aeabi_i2d
    main.o(i.sin) refers to dmul.o(x$fpl$dmul) for __aeabi_dmul
    main.o(i.sin) refers to daddsub_clz.o(x$fpl$dsub) for __aeabi_dsub
    main.o(i.sin) refers to ddiv.o(x$fpl$ddiv) for __aeabi_ddiv
    main.o(i.sin) refers to daddsub_clz.o(x$fpl$drsb) for __aeabi_drsub
    main.o(i.sin) refers to dfix.o(x$fpl$dfix) for __aeabi_d2iz
    main.o(i.sin) refers to usart.o(i.Virtual_Osc) for Virtual_Osc
    main.o(i.sin) refers to delay.o(i.delay_ms) for delay_ms
    stm32f4xx_it.o(i.SysTick_Handler) refers to stm32f4xx_hal.o(i.HAL_IncTick) for HAL_IncTick
    system_stm32f4xx.o(i.SystemCoreClockUpdate) refers to system_stm32f4xx.o(.data) for .data
    startup_stm32f429xx.o(STACK) refers (Special) to heapauxi.o(.text) for __use_two_region_memory
    startup_stm32f429xx.o(HEAP) refers (Special) to heapauxi.o(.text) for __use_two_region_memory
    startup_stm32f429xx.o(RESET) refers (Special) to heapauxi.o(.text) for __use_two_region_memory
    startup_stm32f429xx.o(RESET) refers to startup_stm32f429xx.o(STACK) for __initial_sp
    startup_stm32f429xx.o(RESET) refers to startup_stm32f429xx.o(.text) for Reset_Handler
    startup_stm32f429xx.o(RESET) refers to stm32f4xx_it.o(i.NMI_Handler) for NMI_Handler
    startup_stm32f429xx.o(RESET) refers to stm32f4xx_it.o(i.HardFault_Handler) for HardFault_Handler
    startup_stm32f429xx.o(RESET) refers to stm32f4xx_it.o(i.MemManage_Handler) for MemManage_Handler
    startup_stm32f429xx.o(RESET) refers to stm32f4xx_it.o(i.BusFault_Handler) for BusFault_Handler
    startup_stm32f429xx.o(RESET) refers to stm32f4xx_it.o(i.UsageFault_Handler) for UsageFault_Handler
    startup_stm32f429xx.o(RESET) refers to stm32f4xx_it.o(i.SVC_Handler) for SVC_Handler
    startup_stm32f429xx.o(RESET) refers to stm32f4xx_it.o(i.DebugMon_Handler) for DebugMon_Handler
    startup_stm32f429xx.o(RESET) refers to stm32f4xx_it.o(i.PendSV_Handler) for PendSV_Handler
    startup_stm32f429xx.o(RESET) refers to stm32f4xx_it.o(i.SysTick_Handler) for SysTick_Handler
    startup_stm32f429xx.o(RESET) refers to ads1256.o(i.EXTI9_5_IRQHandler) for EXTI9_5_IRQHandler
    startup_stm32f429xx.o(RESET) refers to timer.o(i.TIM3_IRQHandler) for TIM3_IRQHandler
    startup_stm32f429xx.o(RESET) refers to usart.o(i.USART1_IRQHandler) for USART1_IRQHandler
    startup_stm32f429xx.o(.text) refers (Special) to heapauxi.o(.text) for __use_two_region_memory
    startup_stm32f429xx.o(.text) refers to system_stm32f4xx.o(i.SystemInit) for SystemInit
    startup_stm32f429xx.o(.text) refers to __main.o(!!!main) for __main
    startup_stm32f429xx.o(.text) refers to startup_stm32f429xx.o(HEAP) for Heap_Mem
    startup_stm32f429xx.o(.text) refers to startup_stm32f429xx.o(STACK) for Stack_Mem
    stm32f4xx_hal.o(i.HAL_DeInit) refers to stm32f4xx_hal.o(i.HAL_MspDeInit) for HAL_MspDeInit
    stm32f4xx_hal.o(i.HAL_Delay) refers to stm32f4xx_hal.o(i.HAL_GetTick) for HAL_GetTick
    stm32f4xx_hal.o(i.HAL_GetTick) refers to stm32f4xx_hal.o(.data) for .data
    stm32f4xx_hal.o(i.HAL_IncTick) refers to stm32f4xx_hal.o(.data) for .data
    stm32f4xx_hal.o(i.HAL_Init) refers to stm32f4xx_hal_cortex.o(i.HAL_NVIC_SetPriorityGrouping) for HAL_NVIC_SetPriorityGrouping
    stm32f4xx_hal.o(i.HAL_Init) refers to stm32f4xx_hal.o(i.HAL_InitTick) for HAL_InitTick
[...]
    ..\HALLIB\STM32F4xx_HAL_Driver\Src\stm32f4xx_hal_gpio.c 0x00000000   Number         0  stm32f4xx_hal_gpio.o ABSOLUTE
    ..\HALLIB\STM32F4xx_HAL_Driver\Src\stm32f4xx_hal_ltdc.c 0x00000000   Number         0  stm32f4xx_hal_ltdc.o ABSOLUTE
    ..\HALLIB\STM32F4xx_HAL_Driver\Src\stm32f4xx_hal_ltdc_ex.c 0x00000000   Number         0  stm32f4xx_hal_ltdc_ex.o ABSOLUTE
    ..\HALLIB\STM32F4xx_HAL_Driver\Src\stm32f4xx_hal_pwr.c 0x00000000   Number         0  stm32f4xx_hal_pwr.o ABSOLUTE
    ..\HALLIB\STM32F4xx_HAL_Driver\Src\stm32f4xx_hal_pwr_ex.c 0x00000000   Number         0  stm32f4xx_hal_pwr_ex.o ABSOLUTE
    ..\HALLIB\STM32F4xx_HAL_Driver\Src\stm32f4xx_hal_rcc.c 0x00000000   Number         0  stm32f4xx_hal_rcc.o ABSOLUTE
    ..\HALLIB\STM32F4xx_HAL_Driver\Src\stm32f4xx_hal_rcc_ex.c 0x00000000   Number         0  stm32f4xx_hal_rcc_ex.o ABSOLUTE
    ..\HALLIB\STM32F4xx_HAL_Driver\Src\stm32f4xx_hal_sdram.c 0x00000000   Number         0  stm32f4xx_hal_sdram.o ABSOLUTE
    ..\HALLIB\STM32F4xx_HAL_Driver\Src\stm32f4xx_hal_spi.c 0x00000000   Number         0  stm32f4xx_hal_spi.o ABSOLUTE
    ..\HALLIB\STM32F4xx_HAL_Driver\Src\stm32f4xx_hal_sram.c 0x00000000   Number         0  stm32f4xx_hal_sram.o ABSOLUTE
    ..\HALLIB\STM32F4xx_HAL_Driver\Src\stm32f4xx_hal_tim.c 0x00000000   Number         0  stm32f4xx_hal_tim.o ABSOLUTE
    ..\HALLIB\STM32F4xx_HAL_Driver\Src\stm32f4xx_hal_tim_ex.c 0x00000000   Number         0  stm32f4xx_hal_tim_ex.o ABSOLUTE
    ..\HALLIB\STM32F4xx_HAL_Driver\Src\stm32f4xx_hal_uart.c 0x00000000   Number         0  stm32f4xx_hal_uart.o ABSOLUTE
    ..\HALLIB\STM32F4xx_HAL_Driver\Src\stm32f4xx_hal_usart.c 0x00000000   Number         0  stm32f4xx_hal_usart.o ABSOLUTE
    ..\HALLIB\STM32F4xx_HAL_Driver\Src\stm32f4xx_ll_fmc.c 0x00000000   Number         0  stm32f4xx_ll_fmc.o ABSOLUTE
    ..\HARDWARE\AD9851\AD9851.c              0x00000000   Number         0  ad9851.o ABSOLUTE
    ..\HARDWARE\ADS1256\ADS1256.c            0x00000000   Number         0  ads1256.o ABSOLUTE
    ..\HARDWARE\KEY\key.c                    0x00000000   Number         0  key.o ABSOLUTE
    ..\HARDWARE\LCD\lcd.c                    0x00000000   Number         0  lcd.o ABSOLUTE
    ..\HARDWARE\LCD\ltdc.c                   0x00000000   Number         0  ltdc.o ABSOLUTE
    ..\HARDWARE\LED\led.c                    0x00000000   Number         0  led.o ABSOLUTE
    ..\HARDWARE\SDRAM\sdram.c                0x00000000   Number         0  sdram.o ABSOLUTE
    ..\HARDWARE\SPI\spi.c                    0x00000000   Number         0  spi.o ABSOLUTE
    ..\HARDWARE\TIMER\timer.c                0x00000000   Number         0  timer.o ABSOLUTE
    ..\HARDWARE\W25QXX\w25qxx.c              0x00000000   Number         0  w25qxx.o ABSOLUTE
    ..\SYSTEM\delay\delay.c                  0x00000000   Number         0  delay.o ABSOLUTE
    ..\SYSTEM\sys\sys.c                      0x00000000   Number         0  sys.o ABSOLUTE
    ..\SYSTEM\usart\usart.c                  0x00000000   Number         0  usart.o ABSOLUTE
    ..\\HALLIB\\STM32F4xx_HAL_Driver\\Src\\stm32f4xx_hal.c 0x00000000   Number         0  stm32f4xx_hal.o ABSOLUTE
    ..\\HALLIB\\STM32F4xx_HAL_Driver\\Src\\stm32f4xx_hal_adc.c 0x00000000   Number         0  stm32f4xx_hal_adc.o ABSOLUTE
    ..\\HALLIB\\STM32F4xx_HAL_Driver\\Src\\stm32f4xx_hal_adc_ex.c 0x00000000   Number         0  stm32f4xx_hal_adc_ex.o ABSOLUTE
    ..\\HALLIB\\STM32F4xx_HAL_Driver\\Src\\stm32f4xx_hal_can.c 0x00000000   Number         0  stm32f4xx_hal_can.o ABSOLUTE
    ..\\HALLIB\\STM32F4xx_HAL_Driver\\Src\\stm32f4xx_hal_cortex.c 0x00000000   Number         0  stm32f4xx_hal_cortex.o ABSOLUTE
    ..\\HALLIB\\STM32F4xx_HAL_Driver\\Src\\stm32f4xx_hal_dma.c 0x00000000   Number         0  stm32f4xx_hal_dma.o ABSOLUTE
    ..\\HALLIB\\STM32F4xx_HAL_Driver\\Src\\stm32f4xx_hal_dma2d.c 0x00000000   Number         0  stm32f4xx_hal_dma2d.o ABSOLUTE
    ..\\HALLIB\\STM32F4xx_HAL_Driver\\Src\\stm32f4xx_hal_dma_ex.c 0x00000000   Number         0  stm32f4xx_hal_dma_ex.o ABSOLUTE
    ..\\HALLIB\\STM32F4xx_HAL_Driver\\Src\\stm32f4xx_hal_exti.c 0x00000000   Number         0  stm32f4xx_hal_exti.o ABSOLUTE
    ..\\HALLIB\\STM32F4xx_HAL_Driver\\Src\\stm32f4xx_hal_gpio.c 0x00000000   Number         0  stm32f4xx_hal_gpio.o ABSOLUTE
    ..\\HALLIB\\STM32F4xx_HAL_Driver\\Src\\stm32f4xx_hal_ltdc.c 0x00000000   Number         0  stm32f4xx_hal_ltdc.o ABSOLUTE
    ..\\HALLIB\\STM32F4xx_HAL_Driver\\Src\\stm32f4xx_hal_ltdc_ex.c 0x00000000   Number         0  stm32f4xx_hal_ltdc_ex.o ABSOLUTE
    ..\\HALLIB\\STM32F4xx_HAL_Driver\\Src\\stm32f4xx_hal_pwr.c 0x00000000   Number         0  stm32f4xx_hal_pwr.o ABSOLUTE
    ..\\HALLIB\\STM32F4xx_HAL_Driver\\Src\\stm32f4xx_hal_pwr_ex.c 0x00000000   Number         0  stm32f4xx_hal_pwr_ex.o ABSOLUTE
    ..\\HALLIB\\STM32F4xx_HAL_Driver\\Src\\stm32f4xx_hal_rcc.c 0x00000000   Number         0  stm32f4xx_hal_rcc.o ABSOLUTE
    ..\\HALLIB\\STM32F4xx_HAL_Driver\\Src\\stm32f4xx_hal_rcc_ex.c 0x00000000   Number         0  stm32f4xx_hal_rcc_ex.o ABSOLUTE
    ..\\HALLIB\\STM32F4xx_HAL_Driver\\Src\\stm32f4xx_hal_sdram.c 0x00000000   Number         0  stm32f4xx_hal_sdram.o ABSOLUTE
    ..\\HALLIB\\STM32F4xx_HAL_Driver\\Src\\stm32f4xx_hal_spi.c 0x00000000   Number         0  stm32f4xx_hal_spi.o ABSOLUTE
    ..\\HALLIB\\STM32F4xx_HAL_Driver\\Src\\stm32f4xx_hal_sram.c 0x00000000   Number         0  stm32f4xx_hal_sram.o ABSOLUTE
    ..\\HALLIB\\STM32F4xx_HAL_Driver\\Src\\stm32f4xx_hal_tim.c 0x00000000   Number         0  stm32f4xx_hal_tim.o ABSOLUTE
    ..\\HALLIB\\STM32F4xx_HAL_Driver\\Src\\stm32f4xx_hal_tim_ex.c 0x00000000   Number         0  stm32f4xx_hal_tim_ex.o ABSOLUTE
    ..\\HALLIB\\STM32F4xx_HAL_Driver\\Src\\stm32f4xx_hal_uart.c 0x00000000   Number         0  stm32f4xx_hal_uart.o ABSOLUTE
    ..\\HALLIB\\STM32F4xx_HAL_Driver\\Src\\stm32f4xx_hal_usart.c 0x00000000   Number         0  stm32f4xx_hal_usart.o ABSOLUTE
    ..\\HALLIB\\STM32F4xx_HAL_Driver\\Src\\stm32f4xx_ll_fmc.c 0x00000000   Number         0  stm32f4xx_ll_fmc.o ABSOLUTE
    ..\\HARDWARE\\AD9851\\AD9851.c           0x00000000   Number         0  ad9851.o ABSOLUTE
    ..\\HARDWARE\\ADS1256\\ADS1256.c         0x00000000   Number         0  ads1256.o ABSOLUTE
    ..\\HARDWARE\\KEY\\key.c                 0x00000000   Number         0  key.o ABSOLUTE
    ..\\HARDWARE\\LCD\\lcd.c                 0x00000000   Number         0  lcd.o ABSOLUTE
    ..\\HARDWARE\\LCD\\ltdc.c                0x00000000   Number         0  ltdc.o ABSOLUTE
    ..\\HARDWARE\\LED\\led.c                 0x00000000   Number         0  led.o ABSOLUTE
    ..\\HARDWARE\\SDRAM\\sdram.c             0x00000000   Number         0  sdram.o ABSOLUTE
    ..\\HARDWARE\\SPI\\spi.c                 0x00000000   Number         0  spi.o ABSOLUTE
    ..\\HARDWARE\\TIMER\\timer.c             0x00000000   Number         0  timer.o ABSOLUTE
    ..\\HARDWARE\\W25QXX\\w25qxx.c           0x00000000   Number         0  w25qxx.o ABSOLUTE
    ..\\SYSTEM\\delay\\delay.c               0x00000000   Number         0  delay.o ABSOLUTE
    ..\\SYSTEM\\sys\\sys.c                   0x00000000   Number         0  sys.o ABSOLUTE
    ..\\SYSTEM\\usart\\usart.c               0x00000000   Number         0  usart.o ABSOLUTE
    dc.s                                     0x00000000   Number         0  dc.o ABSOLUTE
    main.c                                   0x00000000   Number         0  main.o ABSOLUTE
    main.c                                   0x00000000   Number         0  main.o ABSOLUTE
    stm32f4xx_it.c                           0x00000000   Number         0  stm32f4xx_it.o ABSOLUTE
    stm32f4xx_it.c                           0x00000000   Number         0  stm32f4xx_it.o ABSOLUTE
    system_stm32f4xx.c                       0x00000000   Number         0  system_stm32f4xx.o ABSOLUTE
    system_stm32f4xx.c                       0x00000000   Number         0  system_stm32f4xx.o ABSOLUTE
    RESET                                    0x08000000   Section      428  startup_stm32f429xx.o(RESET)
    !!!main                                  0x080001ac   Section        8  __main.o(!!!main)
    !!!scatter                               0x080001b4   Section       52  __scatter.o(!!!scatter)
    !!handler_copy                           0x080001e8   Section       26  __scatter_copy.o(!!handler_copy)
    !!handler_zi                             0x08000204   Section       28  __scatter_zi.o(!!handler_zi)
    .ARM.Collect$$_printf_percent$$00000000  0x08000220   Section        0  _printf_percent.o(.ARM.Collect$$_printf_percent$$00000000)
    .ARM.Collect$$_printf_percent$$00000009  0x08000220   Section        6  _printf_d.o(.ARM.Collect$$_printf_percent$$00000009)
    .ARM.Collect$$_printf_percent$$0000000C  0x08000226   Section        6  _printf_x.o(.ARM.Collect$$_printf_percent$$0000000C)
    .ARM.Collect$$_printf_percent$$00000017  0x0800022c   Section        4  _printf_percent_end.o(.ARM.Collect$$_printf_percent$$00000017)
    .ARM.Collect$$libinit$$00000000          0x08000230   Section        2  libinit.o(.ARM.Collect$$libinit$$00000000)
    .ARM.Collect$$libinit$$00000001          0x08000232   Section        4  libinit2.o(.ARM.Collect$$libinit$$00000001)
    .ARM.Collect$$libinit$$00000004          0x08000236   Section        0  libinit2.o(.ARM.Collect$$libinit$$00000004)
    .ARM.Collect$$libinit$$0000000A          0x08000236   Section        0  libinit2.o(.ARM.Collect$$libinit$$0000000A)
    .ARM.Collect$$libinit$$0000000C          0x08000236   Section        0  libinit2.o(.ARM.Collect$$libinit$$0000000C)
    .ARM.Collect$$libinit$$0000000E          0x08000236   Section        0  libinit2.o(.ARM.Collect$$libinit$$0000000E)
    .ARM.Collect$$libinit$$00000011          0x08000236   Section        0  libinit2.o(.ARM.Collect$$libinit$$00000011)
    .ARM.Collect$$libinit$$00000013          0x08000236   Section        0  libinit2.o(.ARM.Collect$$libinit$$00000013)
    .ARM.Collect$$libinit$$00000015          0x08000236   Section        0  libinit2.o(.ARM.Collect$$libinit$$00000015)
    .ARM.Collect$$libinit$$00000017          0x08000236   Section        0  libinit2.o(.ARM.Collect$$libinit$$00000017)
    .ARM.Collect$$libinit$$00000019          0x08000236   Section        0  libinit2.o(.ARM.Collect$$libinit$$00000019)
    .ARM.Collect$$libinit$$0000001B          0x08000236   Section        0  libinit2.o(.ARM.Collect$$libinit$$0000001B)
    .ARM.Collect$$libinit$$0000001D          0x08000236   Section        0  libinit2.o(.ARM.Collect$$libinit$$0000001D)
    .ARM.Collect$$libinit$$0000001F          0x08000236   Section        0  libinit2.o(.ARM.Collect$$libinit$$0000001F)
    .ARM.Collect$$libinit$$00000021          0x08000236   Section        0  libinit2.o(.ARM.Collect$$libinit$$00000021)
    .ARM.Collect$$libinit$$00000023          0x08000236   Section        0  libinit2.o(.ARM.Collect$$libinit$$00000023)
    .ARM.Collect$$libinit$$00000025          0x08000236   Section        0  libinit2.o(.ARM.Collect$$libinit$$00000025)
    .ARM.Collect$$libinit$$0000002C          0x08000236   Section        0  libinit2.o(.ARM.Collect$$libinit$$0000002C)
    .ARM.Collect$$libinit$$0000002E          0x08000236   Section        0  libinit2.o(.ARM.Collect$$libinit$$0000002E)
    .ARM.Collect$$libinit$$00000030          0x08000236   Section        0  libinit2.o(.ARM.Collect$$libinit$$00000030)
    .ARM.Collect$$libinit$$00000032          0x08000236   Section        0  libinit2.o(.ARM.Collect$$libinit$$00000032)
    .ARM.Collect$$libinit$$00000033          0x08000236   Section        2  libinit2.o(.ARM.Collect$$libinit$$00000033)
    .ARM.Collect$$libshutdown$$00000000      0x08000238   Section        2  libshutdown.o(.ARM.Collect$$libshutdown$$00000000)
    .ARM.Collect$$libshutdown$$00000002      0x0800023a   Section        0  libshutdown2.o(.ARM.Collect$$libshutdown$$00000002)
    .ARM.Collect$$libshutdown$$00000004      0x0800023a   Section        0  libshutdown2.o(.ARM.Collect$$libshutdown$$00000004)
    .ARM.Collect$$libshutdown$$00000007      0x0800023a   Section        0  libshutdown2.o(.ARM.Collect$$libshutdown$$00000007)
    .ARM.Collect$$libshutdown$$0000000A      0x0800023a   Section        0  libshutdown2.o(.ARM.Collect$$libshutdown$$0000000A)
    .ARM.Collect$$libshutdown$$0000000C      0x0800023a   Section        0  libshutdown2.o(.ARM.Collect$$libshutdown$$0000000C)
    .ARM.Collect$$libshutdown$$0000000F      0x0800023a   Section        0  libshutdown2.o(.ARM.Collect$$libshutdown$$0000000F)
    .ARM.Collect$$libshutdown$$00000010      0x0800023a   Section        2  libshutdown2.o(.ARM.Collect$$libshutdown$$00000010)
    .ARM.Collect$$rtentry$$00000000          0x0800023c   Section        0  __rtentry.o(.ARM.Collect$$rtentry$$00000000)
    .ARM.Collect$$rtentry$$00000002          0x0800023c   Section        0  __rtentry2.o(.ARM.Collect$$rtentry$$00000002)
    .ARM.Collect$$rtentry$$00000004          0x0800023c   Section        6  __rtentry4.o(.ARM.Collect$$rtentry$$00000004)
    .ARM.Collect$$rtentry$$00000009          0x08000242   Section        0  __rtentry2.o(.ARM.Collect$$rtentry$$00000009)
    .ARM.Collect$$rtentry$$0000000A          0x08000242   Section        4  __rtentry2.o(.ARM.Collect$$rtentry$$0000000A)
    .ARM.Collect$$rtentry$$0000000C          0x08000246   Section        0  __rtentry2.o(.ARM.Collect$$rtentry$$0000000C)
    .ARM.Collect$$rtentry$$0000000D          0x08000246   Section        8  __rtentry2.o(.ARM.Collect$$rtentry$$0000000D)
    .ARM.Collect$$rtexit$$00000000           0x0800024e   Section        2  rtexit.o(.ARM.Collect$$rtexit$$00000000)
    .ARM.Collect$$rtexit$$00000002           0x08000250   Section        0  rtexit2.o(.ARM.Collect$$rtexit$$00000002)
    .ARM.Collect$$rtexit$$00000003           0x08000250   Section        4  rtexit2.o(.ARM.Collect$$rtexit$$00000003)
    .ARM.Collect$$rtexit$$00000004           0x08000254   Section        6  rtexit2.o(.ARM.Collect$$rtexit$$00000004)
    .text                                    0x0800025c   Section       64  startup_stm32f429xx.o(.text)
    $v0                                      0x0800025c   Number         0  startup_stm32f429xx.o(.text)
    .text                                    0x0800029c   Section        2  use_no_semi_2.o(.text)
    .text                                    0x0800029e   Section       72  llsdiv.o(.text)
    .text                                    0x080002e8   Section        0  noretval__2printf.o(.text)
    .text                                    0x08000300   Section        0  __printf.o(.text)
    .text                                    0x08000368   Section        0  _printf_dec.o(.text)
    .text                                    0x080003e0   Section        0  _printf_hex_int.o(.text)
    .text                                    0x08000438   Section        0  heapauxi.o(.text)
    .text                                    0x0800043e   Section        2  use_no_semi.o(.text)
    .text                                    0x08000440   Section      238  lludivv7m.o(.text)
    .text                                    0x0800052e   Section        0  _printf_intcommon.o(.text)
    .text                                    0x080005e0   Section        0  _printf_char_file.o(.text)
    .text                                    0x08000604   Section        0  _printf_char_common.o(.text)
    _printf_input_char                       0x08000605   Thumb Code    10  _printf_char_common.o(.text)
    .text                                    0x08000634   Section        0  ferror.o(.text)
    .text                                    0x0800063c   Section       74  sys_stackheap_outer.o(.text)
    .text                                    0x08000686   Section        0  exit.o(.text)
    .text                                    0x08000698   Section        8  libspace.o(.text)
    i.ADS1256_CfgADC                         0x080006a0   Section        0  ads1256.o(i.ADS1256_CfgADC)
    i.ADS1256_DelaySCLK                      0x08000734   Section        0  ads1256.o(i.ADS1256_DelaySCLK)
    ADS1256_DelaySCLK                        0x08000735   Thumb Code    12  ads1256.o(i.ADS1256_DelaySCLK)
    i.ADS1256_GetAdc                         0x08000740   Section        0  ads1256.o(i.ADS1256_GetAdc)
    i.ADS1256_ISR                            0x08000764   Section        0  ads1256.o(i.ADS1256_ISR)
    i.ADS1256_ReadChipID                     0x08000854   Section        0  ads1256.o(i.ADS1256_ReadChipID)
    i.ADS1256_ReadData                       0x08000890   Section        0  ads1256.o(i.ADS1256_ReadData)
    ADS1256_ReadData                         0x08000891   Thumb Code    68  ads1256.o(i.ADS1256_ReadData)
    i.ADS1256_Recive8Bit                     0x080008d8   Section        0  ads1256.o(i.ADS1256_Recive8Bit)
    ADS1256_Recive8Bit                       0x080008d9   Thumb Code    74  ads1256.o(i.ADS1256_Recive8Bit)
    i.ADS1256_Send8Bit                       0x0800092c   Section        0  ads1256.o(i.ADS1256_Send8Bit)
    ADS1256_Send8Bit                         0x0800092d   Thumb Code    76  ads1256.o(i.ADS1256_Send8Bit)
    i.ADS1256_StartScan                      0x0800097c   Section        0  ads1256.o(i.ADS1256_StartScan)
    i.ADS1256_StopScan                       0x080009f0   Section        0  ads1256.o(i.ADS1256_StopScan)
    i.ADS1256_WaitDRDY                       0x08000a38   Section        0  ads1256.o(i.ADS1256_WaitDRDY)
    ADS1256_WaitDRDY                         0x08000a39   Thumb Code    30  ads1256.o(i.ADS1256_WaitDRDY)
    i.ADS1256_WriteCmd                       0x08000a84   Section        0  ads1256.o(i.ADS1256_WriteCmd)
    ADS1256_WriteCmd                         0x08000a85   Thumb Code    36  ads1256.o(i.ADS1256_WriteCmd)
    i.ADS1256_WriteReg                       0x08000aac   Section        0  ads1256.o(i.ADS1256_WriteReg)
    ADS1256_WriteReg                         0x08000aad   Thumb Code    52  ads1256.o(i.ADS1256_WriteReg)
    i.Ad9850_Init                            0x08000ae4   Section        0  ad9851.o(i.Ad9850_Init)
    i.BusFault_Handler                       0x08000b26   Section        0  stm32f4xx_it.o(i.BusFault_Handler)
    i.DebugMon_Handler                       0x08000b28   Section        0  stm32f4xx_it.o(i.DebugMon_Handler)
    i.EXTI9_5_IRQHandler                     0x08000b2a   Section        0  ads1256.o(i.EXTI9_5_IRQHandler)
    i.HAL_GPIO_EXTI_Callback                 0x08000b30   Section        0  ads1256.o(i.HAL_GPIO_EXTI_Callback)
    i.HAL_GPIO_EXTI_IRQHandler               0x08000bc8   Section        0  stm32f4xx_hal_gpio.o(i.HAL_GPIO_EXTI_IRQHandler)
    i.HAL_GPIO_Init                          0x08000be0   Section        0  stm32f4xx_hal_gpio.o(i.HAL_GPIO_Init)
    i.HAL_GPIO_Write                         0x08000dbc   Section        0  stm32f4xx_hal_gpio.o(i.HAL_GPIO_Write)
    i.HAL_GPIO_WritePin                      0x08000dc0   Section        0  stm32f4xx_hal_gpio.o(i.HAL_GPIO_WritePin)
    i.HAL_GetTick                            0x08000dcc   Section        0  stm32f4xx_hal.o(i.HAL_GetTick)
    i.HAL_IncTick                            0x08000dd8   Section        0  stm32f4xx_hal.o(i.HAL_IncTick)
    i.HAL_Init                               0x08000de8   Section        0  stm32f4xx_hal.o(i.HAL_Init)
    i.HAL_InitTick                           0x08000e1c   Section        0  stm32f4xx_hal.o(i.HAL_InitTick)
    i.HAL_MspInit                            0x08000e3e   Section        0  stm32f4xx_hal.o(i.HAL_MspInit)
    i.HAL_NVIC_DisableIRQ                    0x08000e46   Section        0  stm32f4xx_hal_cortex.o(i.HAL_NVIC_DisableIRQ)
    i.HAL_NVIC_EnableIRQ                     0x08000e5c   Section        0  stm32f4xx_hal_cortex.o(i.HAL_NVIC_EnableIRQ)
    i.HAL_NVIC_SetPriority                   0x08000e74   Section        0  stm32f4xx_hal_cortex.o(i.HAL_NVIC_SetPriority)
    i.HAL_NVIC_SetPriorityGrouping           0x08000eb4   Section        0  stm32f4xx_hal_cortex.o(i.HAL_NVIC_SetPriorityGrouping)
    i.HAL_PWREx_EnableOverDrive              0x08000ed8   Section        0  stm32f4xx_hal_pwr_ex.o(i.HAL_PWREx_EnableOverDrive)
    i.HAL_RCC_ClockConfig                    0x08000f60   Section        0  stm32f4xx_hal_rcc.o(i.HAL_RCC_ClockConfig)
    i.HAL_RCC_GetHCLKFreq                    0x08001168   Section        0  stm32f4xx_hal_rcc.o(i.HAL_RCC_GetHCLKFreq)
    i.HAL_RCC_GetPCLK1Freq                   0x0800119c   Section        0  stm32f4xx_hal_rcc.o(i.HAL_RCC_GetPCLK1Freq)
    i.HAL_RCC_GetPCLK2Freq                   0x080011c8   Section        0  stm32f4xx_hal_rcc.o(i.HAL_RCC_GetPCLK2Freq)
    i.HAL_RCC_GetSysClockFreq                0x080011f4   Section        0  stm32f4xx_hal_rcc.o(i.HAL_RCC_GetSysClockFreq)
    i.HAL_RCC_OscConfig                      0x08001268   Section        0  stm32f4xx_hal_rcc.o(i.HAL_RCC_OscConfig)
    i.HAL_SYSTICK_CLKSourceConfig            0x08001584   Section        0  stm32f4xx_hal_cortex.o(i.HAL_SYSTICK_CLKSourceConfig)
    i.HAL_SYSTICK_Config                     0x0800159c   Section        0  stm32f4xx_hal_cortex.o(i.HAL_SYSTICK_Config)
    i.HAL_TIMEx_BreakCallback                0x080015c4   Section        0  stm32f4xx_hal_tim_ex.o(i.HAL_TIMEx_BreakCallback)
    i.HAL_TIMEx_CommutationCallback          0x080015c6   Section        0  stm32f4xx_hal_tim_ex.o(i.HAL_TIMEx_CommutationCallback)
    i.HAL_TIM_IC_CaptureCallback             0x080015c8   Section        0  stm32f4xx_hal_tim.o(i.HAL_TIM_IC_CaptureCallback)
    i.HAL_TIM_IRQHandler                     0x080015ca   Section        0  stm32f4xx_hal_tim.o(i.HAL_TIM_IRQHandler)
    i.HAL_TIM_OC_DelayElapsedCallback        0x08001730   Section        0  stm32f4xx_hal_tim.o(i.HAL_TIM_OC_DelayElapsedCallback)
    i.HAL_TIM_PWM_PulseFinishedCallback      0x08001732   Section        0  stm32f4xx_hal_tim.o(i.HAL_TIM_PWM_PulseFinishedCallback)
    i.HAL_TIM_PeriodElapsedCallback          0x08001734   Section        0  timer.o(i.HAL_TIM_PeriodElapsedCallback)
    i.HAL_TIM_TriggerCallback                0x08001736   Section        0  stm32f4xx_hal_tim.o(i.HAL_TIM_TriggerCallback)
    i.HAL_UART_ErrorCallback                 0x08001738   Section        0  stm32f4xx_hal_uart.o(i.HAL_UART_ErrorCallback)
    i.HAL_UART_IRQHandler                    0x0800173a   Section        0  stm32f4xx_hal_uart.o(i.HAL_UART_IRQHandler)
    i.HAL_UART_Init                          0x0800182e   Section        0  stm32f4xx_hal_uart.o(i.HAL_UART_Init)
    i.HAL_UART_MspInit                       0x0800188c   Section        0  usart.o(i.HAL_UART_MspInit)
    i.HAL_UART_Receive                       0x08001920   Section        0  stm32f4xx_hal_uart.o(i.HAL_UART_Receive)
    i.HAL_UART_RxCpltCallback                0x080019ea   Section        0  stm32f4xx_hal_uart.o(i.HAL_UART_RxCpltCallback)
    i.HAL_UART_Transmit                      0x080019ec   Section        0  stm32f4xx_hal_uart.o(i.HAL_UART_Transmit)
    i.HAL_UART_TxCpltCallback                0x08001ab4   Section        0  stm32f4xx_hal_uart.o(i.HAL_UART_TxCpltCallback)
    i.HardFault_Handler                      0x08001ab6   Section        0  stm32f4xx_it.o(i.HardFault_Handler)
    i.KEY_Init                               0x08001ab8   Section        0  key.o(i.KEY_Init)
    i.LED_Init                               0x08001b38   Section        0  led.o(i.LED_Init)
    i.MemManage_Handler                      0x08001b84   Section        0  stm32f4xx_it.o(i.MemManage_Handler)
    i.Modular_Init                           0x08001b86   Section        0  main.o(i.Modular_Init)
    i.NMI_Handler                            0x08001bb4   Section        0  stm32f4xx_it.o(i.NMI_Handler)
    i.NVIC_SetPriority                       0x08001bb6   Section        0  stm32f4xx_hal_cortex.o(i.NVIC_SetPriority)
    NVIC_SetPriority                         0x08001bb7   Thumb Code    32  stm32f4xx_hal_cortex.o(i.NVIC_SetPriority)
    i.PendSV_Handler                         0x08001bd6   Section        0  stm32f4xx_it.o(i.PendSV_Handler)
    i.Read_ID                                0x08001bd8   Section        0  main.o(i.Read_ID)
    i.SVC_Handler                            0x08001c54   Section        0  stm32f4xx_it.o(i.SVC_Handler)
    i.Stm32_Clock_Init                       0x08001c58   Section        0  sys.o(i.Stm32_Clock_Init)
    i.SysTick_Handler                        0x08001cdc   Section        0  stm32f4xx_it.o(i.SysTick_Handler)
    i.SystemInit                             0x08001ce0   Section        0  system_stm32f4xx.o(i.SystemInit)
    i.TIM3_IRQHandler                        0x08001d34   Section        0  timer.o(i.TIM3_IRQHandler)
    i.UART_Receive_IT                        0x08001d40   Section        0  stm32f4xx_hal_uart.o(i.UART_Receive_IT)
    UART_Receive_IT                          0x08001d41   Thumb Code   166  stm32f4xx_hal_uart.o(i.UART_Receive_IT)
    i.UART_SetConfig                         0x08001de8   Section        0  stm32f4xx_hal_uart.o(i.UART_SetConfig)
    UART_SetConfig                           0x08001de9   Thumb Code   364  stm32f4xx_hal_uart.o(i.UART_SetConfig)
    i.UART_Transmit_IT                       0x08001f5c   Section        0  stm32f4xx_hal_uart.o(i.UART_Transmit_IT)
    UART_Transmit_IT                         0x08001f5d   Thumb Code   102  stm32f4xx_hal_uart.o(i.UART_Transmit_IT)
    i.UART_WaitOnFlagUntilTimeout            0x08001fc2   Section        0  stm32f4xx_hal_uart.o(i.UART_WaitOnFlagUntilTimeout)
    UART_WaitOnFlagUntilTimeout              0x08001fc3   Thumb Code   146  stm32f4xx_hal_uart.o(i.UART_WaitOnFlagUntilTimeout)
    i.USART1_IRQHandler                      0x08002054   Section        0  usart.o(i.USART1_IRQHandler)
    i.UsageFault_Handler                     0x080020c0   Section        0  stm32f4xx_it.o(i.UsageFault_Handler)
    i.Usart_SendArray                        0x080020c2   Section        0  usart.o(i.Usart_SendArray)
    i.Usart_SendByte                         0x080020e4   Section        0  usart.o(i.Usart_SendByte)
    i.Virtual_Osc                            0x080020f4   Section        0  usart.o(i.Virtual_Osc)
    i._sys_exit                              0x08002148   Section        0  usart.o(i._sys_exit)
    i.ad9851_Init                            0x0800214c   Section        0  ad9851.o(i.ad9851_Init)
    i.ad9851_reset_parrel                    0x080021c4   Section        0  ad9851.o(i.ad9851_reset_parrel)
    i.ad9851_reset_serial                    0x080021e4   Section        0  ad9851.o(i.ad9851_reset_serial)
    i.ad9851_wr_parrel                       0x0800221c   Section        0  ad9851.o(i.ad9851_wr_parrel)
    i.ad9851_wr_serial                       0x08002314   Section        0  ad9851.o(i.ad9851_wr_serial)
    i.bsp_Cfg_ADS1256                        0x08002428   Section        0  ads1256.o(i.bsp_Cfg_ADS1256)
    i.bsp_InitADS1256                        0x080024d8   Section        0  ads1256.o(i.bsp_InitADS1256)
    i.delay_init                             0x0800255c   Section        0  delay.o(i.delay_init)
    i.delay_ms                               0x08002570   Section        0  delay.o(i.delay_ms)
    i.delay_us                               0x0800258c   Section        0  delay.o(i.delay_us)
    i.fputc                                  0x080025c0   Section        0  usart.o(i.fputc)
    i.main                                   0x080025d4   Section        0  main.o(i.main)
    i.uart_init                              0x080025fc   Section        0  usart.o(i.uart_init)
    i.vcan_sendware                          0x08002620   Section        0  usart.o(i.vcan_sendware)
    x$fpl$ddiv                               0x08002660   Section      688  ddiv.o(x$fpl$ddiv)
    $v0                                      0x08002660   Number         0  ddiv.o(x$fpl$ddiv)
    ddiv_entry                               0x08002667   Thumb Code     0  ddiv.o(x$fpl$ddiv)
    x$fpl$dfix                               0x08002910   Section       94  dfix.o(x$fpl$dfix)
    $v0                                      0x08002910   Number         0  dfix.o(x$fpl$dfix)
    x$fpl$dfltu                              0x0800296e   Section       38  dflt_clz.o(x$fpl$dfltu)
    $v0                                      0x0800296e   Number         0  dflt_clz.o(x$fpl$dfltu)
    x$fpl$dmul                               0x08002994   Section      340  dmul.o(x$fpl$dmul)
    $v0                                      0x08002994   Number         0  dmul.o(x$fpl$dmul)
    x$fpl$dnaninf                            0x08002ae8   Section      156  dnaninf.o(x$fpl$dnaninf)
    $v0                                      0x08002ae8   Number         0  dnaninf.o(x$fpl$dnaninf)
    x$fpl$dretinf                            0x08002b84   Section       12  dretinf.o(x$fpl$dretinf)
    $v0                                      0x08002b84   Number         0  dretinf.o(x$fpl$dretinf)
    x$fpl$fpinit                             0x08002b90   Section       10  fpinit.o(x$fpl$fpinit)
    $v0                                      0x08002b90   Number         0  fpinit.o(x$fpl$fpinit)
    .constdata                               0x08002b9a   Section       16  stm32f4xx_hal_rcc.o(.constdata)
    x$fpl$usenofp                            0x08002b9a   Section        0  usenofp.o(x$fpl$usenofp)
    .constdata                               0x08002baa   Section       16  ads1256.o(.constdata)
    s_tabDataRate                            0x08002baa   Data          16  ads1256.o(.constdata)
    .constdata                               0x08002bba   Section       40  _printf_hex_int.o(.constdata)
    uc_hextab                                0x08002bba   Data          20  _printf_hex_int.o(.constdata)
    lc_hextab                                0x08002bce   Data          20  _printf_hex_int.o(.constdata)
    .data                                    0x20000000   Section       20  system_stm32f4xx.o(.data)
    .data                                    0x20000014   Section        4  stm32f4xx_hal.o(.data)
    uwTick                                   0x20000014   Data           4  stm32f4xx_hal.o(.data)
    .data                                    0x20000018   Section        4  delay.o(.data)
    fac_us                                   0x20000018   Data           4  delay.o(.data)
    .data                                    0x2000001c   Section        2  usart.o(.data)
    .data                                    0x20000020   Section        4  usart.o(.data)
    .data                                    0x20000024   Section        5  ad9851.o(.data)
    .data                                    0x20000029   Section        1  ads1256.o(.data)
    .bss                                     0x2000002c   Section      280  usart.o(.bss)
    .bss                                     0x20000144   Section       60  ads1256.o(.bss)
    .bss                                     0x20000180   Section       60  timer.o(.bss)
    .bss                                     0x200001bc   Section       96  libspace.o(.bss)
    HEAP                                     0x20000220   Section      512  startup_stm32f429xx.o(HEAP)
    Heap_Mem                                 0x20000220   Data         512  startup_stm32f429xx.o(HEAP)
    STACK                                    0x20000420   Section     1024  startup_stm32f429xx.o(STACK)
    Stack_Mem                                0x20000420   Data        1024  startup_stm32f429xx.o(STACK)
    __initial_sp                             0x20000820   Data           0  startup_stm32f429xx.o(STACK)
    .ARM.__AT_0xC0000000                     0xc0000000   Section    2048000  ltdc.o(.ARM.__AT_0xC0000000)

    Global Symbols

    Symbol Name                              Value     Ov Type        Size  Object(Section)

    BuildAttributes$$THM_ISAv4$E$P$D$K$B$S$7EM$VFPi3$EXTD16$VFPS$VFMA$PE$A:L22UL41UL21$X:L11$S22US41US21$IEEE1$IW$USESV6$~STKCKD$USESV7$~SHL$OSPACE$ROPI$EBA8$UX$STANDARDLIB$REQ8$PRES8$EABIv2 0x00000000   Number         0  anon$$obj.o ABSOLUTE
    __ARM_use_no_argv                        0x00000000   Number         0  main.o ABSOLUTE
    __ARM_exceptions_init                     - Undefined Weak Reference
    __alloca_initialize                       - Undefined Weak Reference
    __arm_preinit_                            - Undefined Weak Reference
    __cpp_initialize__aeabi_                  - Undefined Weak Reference
    __cxa_finalize                            - Undefined Weak Reference
    __rt_locale                               - Undefined Weak Reference
    __sigvec_lookup                           - Undefined Weak Reference
    _atexit_init                              - Undefined Weak Reference
    _call_atexit_fns                          - Undefined Weak Reference
    _clock_init                               - Undefined Weak Reference
    _fp_trap_init                             - Undefined Weak Reference
    _fp_trap_shutdown                         - Undefined Weak Reference
    _get_lc_collate                           - Undefined Weak Reference
    _get_lc_ctype                             - Undefined Weak Reference
    _get_lc_monetary                          - Undefined Weak Reference
    _get_lc_numeric                           - Undefined Weak Reference
    _get_lc_time                              - Undefined Weak Reference
    _getenv_init                              - Undefined Weak Reference
    _handle_redirection                       - Undefined Weak Reference
    _init_alloc                               - Undefined Weak Reference
    _init_user_alloc                          - Undefined Weak Reference
    _initio                                   - Undefined Weak Reference
    _mutex_acquire                            - Undefined Weak Reference
    _mutex_release                            - Undefined Weak Reference
    _printf_post_padding                      - Undefined Weak Reference
    _printf_pre_padding                       - Undefined Weak Reference
    _printf_truncate_signed                   - Undefined Weak Reference
    _printf_truncate_unsigned                 - Undefined Weak Reference
    _rand_init                                - Undefined Weak Reference
    _signal_finish                            - Undefined Weak Reference
    _signal_init                              - Undefined Weak Reference
    _terminate_alloc                          - Undefined Weak Reference
    _terminate_user_alloc                     - Undefined Weak Reference
    _terminateio                              - Undefined Weak Reference
    __Vectors_Size                           0x000001ac   Number         0  startup_stm32f429xx.o ABSOLUTE
    __Vectors                                0x08000000   Data           4  startup_stm32f429xx.o(RESET)
    __Vectors_End                            0x080001ac   Data           0  startup_stm32f429xx.o(RESET)
    __main                                   0x080001ad   Thumb Code     8  __main.o(!!!main)
    __scatterload                            0x080001b5   Thumb Code     0  __scatter.o(!!!scatter)
    __scatterload_rt2                        0x080001b5   Thumb Code    44  __scatter.o(!!!scatter)
    __scatterload_rt2_thumb_only             0x080001b5   Thumb Code     0  __scatter.o(!!!scatter)
    __scatterload_null                       0x080001c3   Thumb Code     0  __scatter.o(!!!scatter)
    __scatterload_copy                       0x080001e9   Thumb Code    26  __scatter_copy.o(!!handler_copy)
    __scatterload_zeroinit                   0x08000205   Thumb Code    28  __scatter_zi.o(!!handler_zi)
    _printf_d                                0x08000221   Thumb Code     0  _printf_d.o(.ARM.Collect$$_printf_percent$$00000009)
    _printf_percent                          0x08000221   Thumb Code     0  _printf_percent.o(.ARM.Collect$$_printf_percent$$00000000)
    _printf_x                                0x08000227   Thumb Code     0  _printf_x.o(.ARM.Collect$$_printf_percent$$0000000C)
    _printf_percent_end                      0x0800022d   Thumb Code     0  _printf_percent_end.o(.ARM.Collect$$_printf_percent$$00000017)
    __rt_lib_init                            0x08000231   Thumb Code     0  libinit.o(.ARM.Collect$$libinit$$00000000)
    __rt_lib_init_fp_1                       0x08000233   Thumb Code     0  libinit2.o(.ARM.Collect$$libinit$$00000001)
    __rt_lib_init_alloca_1                   0x08000237   Thumb Code     0  libinit2.o(.ARM.Collect$$libinit$$0000002E)
    __rt_lib_init_argv_1                     0x08000237   Thumb Code     0  libinit2.o(.ARM.Collect$$libinit$$0000002C)
    __rt_lib_init_atexit_1                   0x08000237   Thumb Code     0  libinit2.o(.ARM.Collect$$libinit$$0000001B)
    __rt_lib_init_clock_1                    0x08000237   Thumb Code     0  libinit2.o(.ARM.Collect$$libinit$$00000021)
    __rt_lib_init_cpp_1                      0x08000237   Thumb Code     0  libinit2.o(.ARM.Collect$$libinit$$00000032)
    __rt_lib_init_exceptions_1               0x08000237   Thumb Code     0  libinit2.o(.ARM.Collect$$libinit$$00000030)
    __rt_lib_init_fp_trap_1                  0x08000237   Thumb Code     0  libinit2.o(.ARM.Collect$$libinit$$0000001F)
    __rt_lib_init_getenv_1                   0x08000237   Thumb Code     0  libinit2.o(.ARM.Collect$$libinit$$00000023)
    __rt_lib_init_heap_1                     0x08000237   Thumb Code     0  libinit2.o(.ARM.Collect$$libinit$$0000000A)
    __rt_lib_init_lc_collate_1               0x08000237   Thumb Code     0  libinit2.o(.ARM.Collect$$libinit$$00000011)
    __rt_lib_init_lc_ctype_1                 0x08000237   Thumb Code     0  libinit2.o(.ARM.Collect$$libinit$$00000013)
    __rt_lib_init_lc_monetary_1              0x08000237   Thumb Code     0  libinit2.o(.ARM.Collect$$libinit$$00000015)
    __rt_lib_init_lc_numeric_1               0x08000237   Thumb Code     0  libinit2.o(.ARM.Collect$$libinit$$00000017)
    __rt_lib_init_lc_time_1                  0x08000237   Thumb Code     0  libinit2.o(.ARM.Collect$$libinit$$00000019)
    __rt_lib_init_preinit_1                  0x08000237   Thumb Code     0  libinit2.o(.ARM.Collect$$libinit$$00000004)
    __rt_lib_init_rand_1                     0x08000237   Thumb Code     0  libinit2.o(.ARM.Collect$$libinit$$0000000E)
    __rt_lib_init_return                     0x08000237   Thumb Code     0  libinit2.o(.ARM.Collect$$libinit$$00000033)
    __rt_lib_init_signal_1                   0x08000237   Thumb Code     0  libinit2.o(.ARM.Collect$$libinit$$0000001D)
    __rt_lib_init_stdio_1                    0x08000237   Thumb Code     0  libinit2.o(.ARM.Collect$$libinit$$00000025)
    __rt_lib_init_user_alloc_1               0x08000237   Thumb Code     0  libinit2.o(.ARM.Collect$$libinit$$0000000C)
    __rt_lib_shutdown                        0x08000239   Thumb Code     0  libshutdown.o(.ARM.Collect$$libshutdown$$00000000)
    __rt_lib_shutdown_cpp_1                  0x0800023b   Thumb Code     0  libshutdown2.o(.ARM.Collect$$libshutdown$$00000002)
    __rt_lib_shutdown_fp_trap_1              0x0800023b   Thumb Code     0  libshutdown2.o(.ARM.Collect$$libshutdown$$00000007)
    __rt_lib_shutdown_heap_1                 0x0800023b   Thumb Code     0  libshutdown2.o(.ARM.Collect$$libshutdown$$0000000F)
    __rt_lib_shutdown_return                 0x0800023b   Thumb Code     0  libshutdown2.o(.ARM.Collect$$libshutdown$$00000010)
    __rt_lib_shutdown_signal_1               0x0800023b   Thumb Code     0  libshutdown2.o(.ARM.Collect$$libshutdown$$0000000A)
    __rt_lib_shutdown_stdio_1                0x0800023b   Thumb Code     0  libshutdown2.o(.ARM.Collect$$libshutdown$$00000004)
    __rt_lib_shutdown_user_alloc_1           0x0800023b   Thumb Code     0  libshutdown2.o(.ARM.Collect$$libshutdown$$0000000C)
    __rt_entry                               0x0800023d   Thumb Code     0  __rtentry.o(.ARM.Collect$$rtentry$$00000000)
    __rt_entry_presh_1                       0x0800023d   Thumb Code     0  __rtentry2.o(.ARM.Collect$$rtentry$$00000002)
    __rt_entry_sh                            0x0800023d   Thumb Code     0  __rtentry4.o(.ARM.Collect$$rtentry$$00000004)
    __rt_entry_li                            0x08000243   Thumb Code     0  __rtentry2.o(.ARM.Collect$$rtentry$$0000000A)
    __rt_entry_postsh_1                      0x08000243   Thumb Code     0  __rtentry2.o(.ARM.Collect$$rtentry$$00000009)
    __rt_entry_main                          0x08000247   Thumb Code     0  __rtentry2.o(.ARM.Collect$$rtentry$$0000000D)
    __rt_entry_postli_1                      0x08000247   Thumb Code     0  __rtentry2.o(.ARM.Collect$$rtentry$$0000000C)
    __rt_exit                                0x0800024f   Thumb Code     0  rtexit.o(.ARM.Collect$$rtexit$$00000000)
    __rt_exit_ls                             0x08000251   Thumb Code     0  rtexit2.o(.ARM.Collect$$rtexit$$00000003)
    __rt_exit_prels_1                        0x08000251   Thumb Code     0  rtexit2.o(.ARM.Collect$$rtexit$$00000002)
    __rt_exit_exit                           0x08000255   Thumb Code     0  rtexit2.o(.ARM.Collect$$rtexit$$00000004)
    Reset_Handler                            0x0800025d   Thumb Code     8  startup_stm32f429xx.o(.text)
    ADC_IRQHandler                           0x08000277   Thumb Code     0  startup_stm32f429xx.o(.text)
    CAN1_RX0_IRQHandler                      0x08000277   Thumb Code     0  startup_stm32f429xx.o(.text)
    CAN1_RX1_IRQHandler                      0x08000277   Thumb Code     0  startup_stm32f429xx.o(.text)
    CAN1_SCE_IRQHandler                      0x08000277   Thumb Code     0  startup_stm32f429xx.o(.text)
    CAN1_TX_IRQHandler                       0x08000277   Thumb Code     0  startup_stm32f429xx.o(.text)
    CAN2_RX0_IRQHandler                      0x08000277   Thumb Code     0  startup_stm32f429xx.o(.text)
    CAN2_RX1_IRQHandler                      0x08000277   Thumb Code     0  startup_stm32f429xx.o(.text)
    CAN2_SCE_IRQHandler                      0x08000277   Thumb Code     0  startup_stm32f429xx.o(.text)
    CAN2_TX_IRQHandler                       0x08000277   Thumb Code     0  startup_stm32f429xx.o(.text)
    DCMI_IRQHandler                          0x08000277   Thumb Code     0  startup_stm32f429xx.o(.text)
    DMA1_Stream0_IRQHandler                  0x08000277   Thumb Code     0  startup_stm32f429xx.o(.text)
    DMA1_Stream1_IRQHandler                  0x08000277   Thumb Code     0  startup_stm32f429xx.o(.text)
    DMA1_Stream2_IRQHandler                  0x08000277   Thumb Code     0  startup_stm32f429xx.o(.text)
    DMA1_Stream3_IRQHandler                  0x08000277   Thumb Code     0  startup_stm32f429xx.o(.text)
    DMA1_Stream4_IRQHandler                  0x08000277   Thumb Code     0  startup_stm32f429xx.o(.text)
    DMA1_Stream5_IRQHandler                  0x08000277   Thumb Code     0  startup_stm32f429xx.o(.text)
    DMA1_Stream6_IRQHandler                  0x08000277   Thumb Code     0  startup_stm32f429xx.o(.text)
    DMA1_Stream7_IRQHandler                  0x08000277   Thumb Code     0  startup_stm32f429xx.o(.text)
    DMA2D_IRQHandler                         0x08000277   Thumb Code     0  startup_stm32f429xx.o(.text)
    DMA2_Stream0_IRQHandler                  0x08000277   Thumb Code     0  startup_stm32f429xx.o(.text)
    DMA2_Stream1_IRQHandler                  0x08000277   Thumb Code     0  startup_stm32f429xx.o(.text)
    DMA2_Stream2_IRQHandler                  0x08000277   Thumb Code     0  startup_stm32f429xx.o(.text)
    DMA2_Stream3_IRQHandler                  0x08000277   Thumb Code     0  startup_stm32f429xx.o(.text)
    DMA2_Stream4_IRQHandler                  0x08000277   Thumb Code     0  startup_stm32f429xx.o(.text)
    DMA2_Stream5_IRQHandler                  0x08000277   Thumb Code     0  startup_stm32f429xx.o(.text)
    DMA2_Stream6_IRQHandler                  0x08000277   Thumb Code     0  startup_stm32f429xx.o(.text)
    DMA2_Stream7_IRQHandler                  0x08000277   Thumb Code     0  startup_stm32f429xx.o(.text)
    ETH_IRQHandler                           0x08000277   Thumb Code     0  startup_stm32f429xx.o(.text)
    ETH_WKUP_IRQHandler                      0x08000277   Thumb Code     0  startup_stm32f429xx.o(.text)
    EXTI0_IRQHandler                         0x08000277   Thumb Code     0  startup_stm32f429xx.o(.text)
    EXTI15_10_IRQHandler                     0x08000277   Thumb Code     0  startup_stm32f429xx.o(.text)
    EXTI1_IRQHandler                         0x08000277   Thumb Code     0  startup_stm32f429xx.o(.text)
    EXTI2_IRQHandler                         0x08000277   Thumb Code     0  startup_stm32f429xx.o(.text)
    EXTI3_IRQHandler                         0x08000277   Thumb Code     0  startup_stm32f429xx.o(.text)
    EXTI4_IRQHandler                         0x08000277   Thumb Code     0  startup_stm32f429xx.o(.text)
    FLASH_IRQHandler                         0x08000277   Thumb Code     0  startup_stm32f429xx.o(.text)
    FMC_IRQHandler                           0x08000277   Thumb Code     0  startup_stm32f429xx.o(.text)
    FPU_IRQHandler                           0x08000277   Thumb Code     0  startup_stm32f429xx.o(.text)
    HASH_RNG_IRQHandler                      0x08000277   Thumb Code     0  startup_stm32f429xx.o(.text)
    I2C1_ER_IRQHandler                       0x08000277   Thumb Code     0  startup_stm32f429xx.o(.text)
    I2C1_EV_IRQHandler                       0x08000277   Thumb Code     0  startup_stm32f429xx.o(.text)
    I2C2_ER_IRQHandler                       0x08000277   Thumb Code     0  startup_stm32f429xx.o(.text)
    I2C2_EV_IRQHandler                       0x08000277   Thumb Code     0  startup_stm32f429xx.o(.text)
    I2C3_ER_IRQHandler                       0x08000277   Thumb Code     0  startup_stm32f429xx.o(.text)
    I2C3_EV_IRQHandler                       0x08000277   Thumb Code     0  startup_stm32f429xx.o(.text)
    LTDC_ER_IRQHandler                       0x08000277   Thumb Code     0  startup_stm32f429xx.o(.text)
    LTDC_IRQHandler                          0x08000277   Thumb Code     0  startup_stm32f429xx.o(.text)
    OTG_FS_IRQHandler                        0x08000277   Thumb Code     0  startup_stm32f429xx.o(.text)
    OTG_FS_WKUP_IRQHandler                   0x08000277   Thumb Code     0  startup_stm32f429xx.o(.text)
    OTG_HS_EP1_IN_IRQHandler                 0x08000277   Thumb Code     0  startup_stm32f429xx.o(.text)
    OTG_HS_EP1_OUT_IRQHandler                0x08000277   Thumb Code     0  startup_stm32f429xx.o(.text)
    OTG_HS_IRQHandler                        0x08000277   Thumb Code     0  startup_stm32f429xx.o(.text)
    OTG_HS_WKUP_IRQHandler                   0x08000277   Thumb Code     0  startup_stm32f429xx.o(.text)
    PVD_IRQHandler                           0x08000277   Thumb Code     0  startup_stm32f429xx.o(.text)
    RCC_IRQHandler                           0x08000277   Thumb Code     0  startup_stm32f429xx.o(.text)
    RTC_Alarm_IRQHandler                     0x08000277   Thumb Code     0  startup_stm32f429xx.o(.text)
    RTC_WKUP_IRQHandler                      0x08000277   Thumb Code     0  startup_stm32f429xx.o(.text)
    SAI1_IRQHandler                          0x08000277   Thumb Code     0  startup_stm32f429xx.o(.text)
    SDIO_IRQHandler                          0x08000277   Thumb Code     0  startup_stm32f429xx.o(.text)
    SPI1_IRQHandler                          0x08000277   Thumb Code     0  startup_stm32f429xx.o(.text)
    SPI2_IRQHandler                          0x08000277   Thumb Code     0  startup_stm32f429xx.o(.text)
    SPI3_IRQHandler                          0x08000277   Thumb Code     0  startup_stm32f429xx.o(.text)
    SPI4_IRQHandler                          0x08000277   Thumb Code     0  startup_stm32f429xx.o(.text)
    SPI5_IRQHandler                          0x08000277   Thumb Code     0  startup_stm32f429xx.o(.text)
    SPI6_IRQHandler                          0x08000277   Thumb Code     0  startup_stm32f429xx.o(.text)
    TAMP_STAMP_IRQHandler                    0x08000277   Thumb Code     0  startup_stm32f429xx.o(.text)
    TIM1_BRK_TIM9_IRQHandler                 0x08000277   Thumb Code     0  startup_stm32f429xx.o(.text)
    TIM1_CC_IRQHandler                       0x08000277   Thumb Code     0  startup_stm32f429xx.o(.text)
    TIM1_TRG_COM_TIM11_IRQHandler            0x08000277   Thumb Code     0  startup_stm32f429xx.o(.text)
    TIM1_UP_TIM10_IRQHandler                 0x08000277   Thumb Code     0  startup_stm32f429xx.o(.text)
    TIM2_IRQHandler                          0x08000277   Thumb Code     0  startup_stm32f429xx.o(.text)
    TIM4_IRQHandler                          0x08000277   Thumb Code     0  startup_stm32f429xx.o(.text)
    TIM5_IRQHandler                          0x08000277   Thumb Code     0  startup_stm32f429xx.o(.text)
    TIM6_DAC_IRQHandler                      0x08000277   Thumb Code     0  startup_stm32f429xx.o(.text)
    TIM7_IRQHandler                          0x08000277   Thumb Code     0  startup_stm32f429xx.o(.text)
    TIM8_BRK_TIM12_IRQHandler                0x08000277   Thumb Code     0  startup_stm32f429xx.o(.text)
    TIM8_CC_IRQHandler                       0x08000277   Thumb Code     0  startup_stm32f429xx.o(.text)
    TIM8_TRG_COM_TIM14_IRQHandler            0x08000277   Thumb Code     0  startup_stm32f429xx.o(.text)
    TIM8_UP_TIM13_IRQHandler                 0x08000277   Thumb Code     0  startup_stm32f429xx.o(.text)
    UART4_IRQHandler                         0x08000277   Thumb Code     0  startup_stm32f429xx.o(.text)
    UART5_IRQHandler                         0x08000277   Thumb Code     0  startup_stm32f429xx.o(.text)
    UART7_IRQHandler                         0x08000277   Thumb Code     0  startup_stm32f429xx.o(.text)
    UART8_IRQHandler                         0x08000277   Thumb Code     0  startup_stm32f429xx.o(.text)
    USART2_IRQHandler                        0x08000277   Thumb Code     0  startup_stm32f429xx.o(.text)
    USART3_IRQHandler                        0x08000277   Thumb Code     0  startup_stm32f429xx.o(.text)
    USART6_IRQHandler                        0x08000277   Thumb Code     0  startup_stm32f429xx.o(.text)
    WWDG_IRQHandler                          0x08000277   Thumb Code     0  startup_stm32f429xx.o(.text)
    __user_initial_stackheap                 0x08000279   Thumb Code     0  startup_stm32f429xx.o(.text)
    __use_no_semihosting                     0x0800029d   Thumb Code     2  use_no_semi_2.o(.text)
    __aeabi_ldivmod                          0x0800029f   Thumb Code     0  llsdiv.o(.text)
    _ll_sdiv                                 0x0800029f   Thumb Code    72  llsdiv.o(.text)
    __2printf                                0x080002e9   Thumb Code    20  noretval__2printf.o(.text)
    __printf                                 0x08000301   Thumb Code   104  __printf.o(.text)
    _printf_int_dec                          0x08000369   Thumb Code   104  _printf_dec.o(.text)
    _printf_int_hex                          0x080003e1   Thumb Code    84  _printf_hex_int.o(.text)
    _printf_longlong_hex                     0x080003e1   Thumb Code     0  _printf_hex_int.o(.text)
    __use_two_region_memory                  0x08000439   Thumb Code     2  heapauxi.o(.text)
    __rt_heap_escrow$2region                 0x0800043b   Thumb Code     2  heapauxi.o(.text)
    __rt_heap_expand$2region                 0x0800043d   Thumb Code     2  heapauxi.o(.text)
    __I$use$semihosting                      0x0800043f   Thumb Code     0  use_no_semi.o(.text)
    __use_no_semihosting_swi                 0x0800043f   Thumb Code     2  use_no_semi.o(.text)
    __aeabi_uldivmod                         0x08000441   Thumb Code     0  lludivv7m.o(.text)
    _ll_udiv                                 0x08000441   Thumb Code   238  lludivv7m.o(.text)
    _printf_int_common                       0x0800052f   Thumb Code   178  _printf_intcommon.o(.text)
    _printf_char_file                        0x080005e1   Thumb Code    32  _printf_char_file.o(.text)
    _printf_char_common                      0x0800060f   Thumb Code    32  _printf_char_common.o(.text)
    ferror                                   0x08000635   Thumb Code     8  ferror.o(.text)
    __user_setup_stackheap                   0x0800063d   Thumb Code    74  sys_stackheap_outer.o(.text)
    exit                                     0x08000687   Thumb Code    18  exit.o(.text)
    __user_libspace                          0x08000699   Thumb Code     8  libspace.o(.text)
    __user_perproc_libspace                  0x08000699   Thumb Code     0  libspace.o(.text)
    __user_perthread_libspace                0x08000699   Thumb Code     0  libspace.o(.text)
    ADS1256_CfgADC                           0x080006a1   Thumb Code   136  ads1256.o(i.ADS1256_CfgADC)
    ADS1256_GetAdc                           0x08000741   Thumb Code    30  ads1256.o(i.ADS1256_GetAdc)
    ADS1256_ISR                              0x08000765   Thumb Code   234  ads1256.o(i.ADS1256_ISR)
    ADS1256_ReadChipID                       0x08000855   Thumb Code    56  ads1256.o(i.ADS1256_ReadChipID)
    ADS1256_StartScan                        0x0800097d   Thumb Code    98  ads1256.o(i.ADS1256_StartScan)
    ADS1256_StopScan                         0x080009f1   Thumb Code    54  ads1256.o(i.ADS1256_StopScan)
    Ad9850_Init                              0x08000ae5   Thumb Code    66  ad9851.o(i.Ad9850_Init)
    BusFault_Handler                         0x08000b27   Thumb Code     2  stm32f4xx_it.o(i.BusFault_Handler)
    DebugMon_Handler                         0x08000b29   Thumb Code     2  stm32f4xx_it.o(i.DebugMon_Handler)
    EXTI9_5_IRQHandler                       0x08000b2b   Thumb Code     6  ads1256.o(i.EXTI9_5_IRQHandler)
    HAL_GPIO_EXTI_Callback                   0x08000b31   Thumb Code   136  ads1256.o(i.HAL_GPIO_EXTI_Callback)
    HAL_GPIO_EXTI_IRQHandler                 0x08000bc9   Thumb Code    18  stm32f4xx_hal_gpio.o(i.HAL_GPIO_EXTI_IRQHandler)
    HAL_GPIO_Init                            0x08000be1   Thumb Code   422  stm32f4xx_hal_gpio.o(i.HAL_GPIO_Init)
    HAL_GPIO_Write                           0x08000dbd   Thumb Code     4  stm32f4xx_hal_gpio.o(i.HAL_GPIO_Write)
    HAL_GPIO_WritePin                        0x08000dc1   Thumb Code    10  stm32f4xx_hal_gpio.o(i.HAL_GPIO_WritePin)
    HAL_GetTick                              0x08000dcd   Thumb Code     6  stm32f4xx_hal.o(i.HAL_GetTick)
    HAL_IncTick                              0x08000dd9   Thumb Code    10  stm32f4xx_hal.o(i.HAL_IncTick)
    HAL_Init                                 0x08000de9   Thumb Code    48  stm32f4xx_hal.o(i.HAL_Init)
    HAL_InitTick                             0x08000e1d   Thumb Code    34  stm32f4xx_hal.o(i.HAL_InitTick)
    HAL_MspInit                              0x08000e3f   Thumb Code     8  stm32f4xx_hal.o(i.HAL_MspInit)
    HAL_NVIC_DisableIRQ                      0x08000e47   Thumb Code    22  stm32f4xx_hal_cortex.o(i.HAL_NVIC_DisableIRQ)
    HAL_NVIC_EnableIRQ                       0x08000e5d   Thumb Code    22  stm32f4xx_hal_cortex.o(i.HAL_NVIC_EnableIRQ)
    HAL_NVIC_SetPriority                     0x08000e75   Thumb Code    60  stm32f4xx_hal_cortex.o(i.HAL_NVIC_SetPriority)
    HAL_NVIC_SetPriorityGrouping             0x08000eb5   Thumb Code    26  stm32f4xx_hal_cortex.o(i.HAL_NVIC_SetPriorityGrouping)
    HAL_PWREx_EnableOverDrive                0x08000ed9   Thumb Code   122  stm32f4xx_hal_pwr_ex.o(i.HAL_PWREx_EnableOverDrive)
    HAL_RCC_ClockConfig                      0x08000f61   Thumb Code   512  stm32f4xx_hal_rcc.o(i.HAL_RCC_ClockConfig)
    HAL_RCC_GetHCLKFreq                      0x08001169   Thumb Code    38  stm32f4xx_hal_rcc.o(i.HAL_RCC_GetHCLKFreq)
    HAL_RCC_GetPCLK1Freq                     0x0800119d   Thumb Code    36  stm32f4xx_hal_rcc.o(i.HAL_RCC_GetPCLK1Freq)
    HAL_RCC_GetPCLK2Freq                     0x080011c9   Thumb Code    36  stm32f4xx_hal_rcc.o(i.HAL_RCC_GetPCLK2Freq)
    HAL_RCC_GetSysClockFreq                  0x080011f5   Thumb Code   104  stm32f4xx_hal_rcc.o(i.HAL_RCC_GetSysClockFreq)
    HAL_RCC_OscConfig                        0x08001269   Thumb Code   774  stm32f4xx_hal_rcc.o(i.HAL_RCC_OscConfig)
    HAL_SYSTICK_CLKSourceConfig              0x08001585   Thumb Code    24  stm32f4xx_hal_cortex.o(i.HAL_SYSTICK_CLKSourceConfig)
    HAL_SYSTICK_Config                       0x0800159d   Thumb Code    40  stm32f4xx_hal_cortex.o(i.HAL_SYSTICK_Config)
    HAL_TIMEx_BreakCallback                  0x080015c5   Thumb Code     2  stm32f4xx_hal_tim_ex.o(i.HAL_TIMEx_BreakCallback)
    HAL_TIMEx_CommutationCallback            0x080015c7   Thumb Code     2  stm32f4xx_hal_tim_ex.o(i.HAL_TIMEx_CommutationCallback)
    HAL_TIM_IC_CaptureCallback               0x080015c9   Thumb Code     2  stm32f4xx_hal_tim.o(i.HAL_TIM_IC_CaptureCallback)
    HAL_TIM_IRQHandler                       0x080015cb   Thumb Code   358  stm32f4xx_hal_tim.o(i.HAL_TIM_IRQHandler)
    HAL_TIM_OC_DelayElapsedCallback          0x08001731   Thumb Code     2  stm32f4xx_hal_tim.o(i.HAL_TIM_OC_DelayElapsedCallback)
    HAL_TIM_PWM_PulseFinishedCallback        0x08001733   Thumb Code     2  stm32f4xx_hal_tim.o(i.HAL_TIM_PWM_PulseFinishedCallback)
    HAL_TIM_PeriodElapsedCallback            0x08001735   Thumb Code     2  timer.o(i.HAL_TIM_PeriodElapsedCallback)
    HAL_TIM_TriggerCallback                  0x08001737   Thumb Code     2  stm32f4xx_hal_tim.o(i.HAL_TIM_TriggerCallback)
    HAL_UART_ErrorCallback                   0x08001739   Thumb Code     2  stm32f4xx_hal_uart.o(i.HAL_UART_ErrorCallback)
    HAL_UART_IRQHandler                      0x0800173b   Thumb Code   244  stm32f4xx_hal_uart.o(i.HAL_UART_IRQHandler)
    HAL_UART_Init                            0x0800182f   Thumb Code    94  stm32f4xx_hal_uart.o(i.HAL_UART_Init)
    HAL_UART_MspInit                         0x0800188d   Thumb Code   134  usart.o(i.HAL_UART_MspInit)
    HAL_UART_Receive                         0x08001921   Thumb Code   202  stm32f4xx_hal_uart.o(i.HAL_UART_Receive)
    HAL_UART_RxCpltCallback                  0x080019eb   Thumb Code     2  stm32f4xx_hal_uart.o(i.HAL_UART_RxCpltCallback)
    HAL_UART_Transmit                        0x080019ed   Thumb Code   200  stm32f4xx_hal_uart.o(i.HAL_UART_Transmit)
    HAL_UART_TxCpltCallback                  0x08001ab5   Thumb Code     2  stm32f4xx_hal_uart.o(i.HAL_UART_TxCpltCallback)
    HardFault_Handler                        0x08001ab7   Thumb Code     2  stm32f4xx_it.o(i.HardFault_Handler)
    KEY_Init                                 0x08001ab9   Thumb Code   110  key.o(i.KEY_Init)
    LED_Init                                 0x08001b39   Thumb Code    68  led.o(i.LED_Init)
    MemManage_Handler                        0x08001b85   Thumb Code     2  stm32f4xx_it.o(i.MemManage_Handler)
    Modular_Init                             0x08001b87   Thumb Code    46  main.o(i.Modular_Init)
    NMI_Handler                              0x08001bb5   Thumb Code     2  stm32f4xx_it.o(i.NMI_Handler)
    PendSV_Handler                           0x08001bd7   Thumb Code     2  stm32f4xx_it.o(i.PendSV_Handler)
    Read_ID                                  0x08001bd9   Thumb Code    40  main.o(i.Read_ID)
    SVC_Handler                              0x08001c55   Thumb Code     2  stm32f4xx_it.o(i.SVC_Handler)
    Stm32_Clock_Init                         0x08001c59   Thumb Code   122  sys.o(i.Stm32_Clock_Init)
    SysTick_Handler                          0x08001cdd   Thumb Code     4  stm32f4xx_it.o(i.SysTick_Handler)
    SystemInit                               0x08001ce1   Thumb Code    66  system_stm32f4xx.o(i.SystemInit)
    TIM3_IRQHandler                          0x08001d35   Thumb Code     6  timer.o(i.TIM3_IRQHandler)
    USART1_IRQHandler                        0x08002055   Thumb Code   100  usart.o(i.USART1_IRQHandler)
    UsageFault_Handler                       0x080020c1   Thumb Code     2  stm32f4xx_it.o(i.UsageFault_Handler)
    Usart_SendArray                          0x080020c3   Thumb Code    34  usart.o(i.Usart_SendArray)
    Usart_SendByte                           0x080020e5   Thumb Code    14  usart.o(i.Usart_SendByte)
    Virtual_Osc                              0x080020f5   Thumb Code    78  usart.o(i.Virtual_Osc)
    _sys_exit                                0x08002149   Thumb Code     2  usart.o(i._sys_exit)
    ad9851_Init                              0x0800214d   Thumb Code   108  ad9851.o(i.ad9851_Init)
    ad9851_reset_parrel                      0x080021c5   Thumb Code    28  ad9851.o(i.ad9851_reset_parrel)
    ad9851_reset_serial                      0x080021e5   Thumb Code    52  ad9851.o(i.ad9851_reset_serial)
    ad9851_wr_parrel                         0x0800221d   Thumb Code   218  ad9851.o(i.ad9851_wr_parrel)
    ad9851_wr_serial                         0x08002315   Thumb Code   252  ad9851.o(i.ad9851_wr_serial)
    bsp_Cfg_ADS1256                          0x08002429   Thumb Code    66  ads1256.o(i.bsp_Cfg_ADS1256)
    bsp_InitADS1256                          0x080024d9   Thumb Code   122  ads1256.o(i.bsp_InitADS1256)
    delay_init                               0x0800255d   Thumb Code    16  delay.o(i.delay_init)
    delay_ms                                 0x08002571   Thumb Code    26  delay.o(i.delay_ms)
    delay_us                                 0x0800258d   Thumb Code    48  delay.o(i.delay_us)
    fputc                                    0x080025c1   Thumb Code    14  usart.o(i.fputc)
    main                                     0x080025d5   Thumb Code    38  main.o(i.main)
    uart_init                                0x080025fd   Thumb Code    28  usart.o(i.uart_init)
    vcan_sendware                            0x08002621   Thumb Code    50  usart.o(i.vcan_sendware)
    __aeabi_ddiv                             0x08002661   Thumb Code     0  ddiv.o(x$fpl$ddiv)
    _ddiv                                    0x08002661   Thumb Code   552  ddiv.o(x$fpl$ddiv)
    __aeabi_d2iz                             0x08002911   Thumb Code     0  dfix.o(x$fpl$dfix)
    _dfix                                    0x08002911   Thumb Code    94  dfix.o(x$fpl$dfix)
    __aeabi_ui2d                             0x0800296f   Thumb Code     0  dflt_clz.o(x$fpl$dfltu)
    _dfltu                                   0x0800296f   Thumb Code    38  dflt_clz.o(x$fpl$dfltu)
    __aeabi_dmul                             0x08002995   Thumb Code     0  dmul.o(x$fpl$dmul)
    _dmul                                    0x08002995   Thumb Code   332  dmul.o(x$fpl$dmul)
    __fpl_dnaninf                            0x08002ae9   Thumb Code   156  dnaninf.o(x$fpl$dnaninf)
    __fpl_dretinf                            0x08002b85   Thumb Code    12  dretinf.o(x$fpl$dretinf)
    _fp_init                                 0x08002b91   Thumb Code    10  fpinit.o(x$fpl$fpinit)
    __fplib_config_fpu_vfp                   0x08002b99   Thumb Code     0  fpinit.o(x$fpl$fpinit)
    __fplib_config_pureend_doubles           0x08002b99   Thumb Code     0  fpinit.o(x$fpl$fpinit)
    APBAHBPrescTable                         0x08002b9a   Data          16  stm32f4xx_hal_rcc.o(.constdata)
    __I$use$fp                               0x08002b9a   Number         0  usenofp.o(x$fpl$usenofp)
    Region$$Table$$Base                      0x08002be4   Number         0  anon$$obj.o(Region$$Table)
    Region$$Table$$Limit                     0x08002c04   Number         0  anon$$obj.o(Region$$Table)
    SystemCoreClock                          0x20000000   Data           4  system_stm32f4xx.o(.data)
    AHBPrescTable                            0x20000004   Data          16  system_stm32f4xx.o(.data)
    USART_RX_STA                             0x2000001c   Data           2  usart.o(.data)
    __stdout                                 0x20000020   Data           4  usart.o(.data)
    data1                                    0x20000024   Data           1  ad9851.o(.data)
    data2                                    0x20000025   Data           1  ad9851.o(.data)
    data3                                    0x20000026   Data           1  ad9851.o(.data)
    data4                                    0x20000027   Data           1  ad9851.o(.data)
    data5                                    0x20000028   Data           1  ad9851.o(.data)
    ch_num                                   0x20000029   Data           1  ads1256.o(.data)
    USART_RX_BUF                             0x2000002c   Data         200  usart.o(.bss)
    UART1_Handler                            0x200000f4   Data          64  usart.o(.bss)
    Val_Osc                                  0x20000134   Data          16  usart.o(.bss)
    g_tADS1256                               0x20000144   Data          40  ads1256.o(.bss)
    GPIO_Initure                             0x2000016c   Data          20  ads1256.o(.bss)
    TIM3_Handler                             0x20000180   Data          60  timer.o(.bss)
    __libspace_start                         0x200001bc   Data          96  libspace.o(.bss)
    __temporary_stack_top$libspace           0x2000021c   Data           0  libspace.o(.bss)
    ltdc_lcd_framebuf                        0xc0000000   Data       2048000  ltdc.o(.ARM.__AT_0xC0000000)



==============================================================================

Memory Map of the image

  Image Entry point : 0x080001ad

  Load Region LR_IROM1 (Base: 0x08000000, Size: 0x00002c30, Max: 0x00100000, ABSOLUTE)

    Execution Region ER_IROM1 (Exec base: 0x08000000, Load base: 0x08000000, Size: 0x00002c04, Max: 0x00100000, ABSOLUTE)

    Exec Addr    Load Addr    Size         Type   Attr      Idx    E Section Name        Object

    0x08000000   0x08000000   0x000001ac   Data   RO          523    RESET               startup_stm32f429xx.o
    0x080001ac   0x080001ac   0x00000008   Code   RO         5245  * !!!main             c_w.l(__main.o)
    0x080001b4   0x080001b4   0x00000034   Code   RO         5456    !!!scatter          c_w.l(__scatter.o)
    0x080001e8   0x080001e8   0x0000001a   Code   RO         5458    !!handler_copy      c_w.l(__scatter_copy.o)
    0x08000202   0x08000202   0x00000002   PAD
    0x08000204   0x08000204   0x0000001c   Code   RO         5460    !!handler_zi        c_w.l(__scatter_zi.o)
    0x08000220   0x08000220   0x00000000   Code   RO         5240    .ARM.Collect$$_printf_percent$$00000000  c_w.l(_printf_percent.o)
    0x08000220   0x08000220   0x00000006   Code   RO         5239    .ARM.Collect$$_printf_percent$$00000009  c_w.l(_printf_d.o)
    0x08000226   0x08000226   0x00000006   Code   RO         5238    .ARM.Collect$$_printf_percent$$0000000C  c_w.l(_printf_x.o)
    0x0800022c   0x0800022c   0x00000004   Code   RO         5282    .ARM.Collect$$_printf_percent$$00000017  c_w.l(_printf_percent_end.o)
    0x08000230   0x08000230   0x00000002   Code   RO         5326    .ARM.Collect$$libinit$$00000000  c_w.l(libinit.o)
    0x08000232   0x08000232   0x00000004   Code   RO         5336    .ARM.Collect$$libinit$$00000001  c_w.l(libinit2.o)
    0x08000236   0x08000236   0x00000000   Code   RO         5339    .ARM.Collect$$libinit$$00000004  c_w.l(libinit2.o)
    0x08000236   0x08000236   0x00000000   Code   RO         5342    .ARM.Collect$$libinit$$0000000A  c_w.l(libinit2.o)
    0x08000236   0x08000236   0x00000000   Code   RO         5344    .ARM.Collect$$libinit$$0000000C  c_w.l(libinit2.o)
    0x08000236   0x08000236   0x00000000   Code   RO         5346    .ARM.Collect$$libinit$$0000000E  c_w.l(libinit2.o)
    0x08000236   0x08000236   0x00000000   Code   RO         5349    .ARM.Collect$$libinit$$00000011  c_w.l(libinit2.o)
    0x08000236   0x08000236   0x00000000   Code   RO         5351    .ARM.Collect$$libinit$$00000013  c_w.l(libinit2.o)
    0x08000236   0x08000236   0x00000000   Code   RO         5353    .ARM.Collect$$libinit$$00000015  c_w.l(libinit2.o)
    0x08000236   0x08000236   0x00000000   Code   RO         5355    .ARM.Collect$$libinit$$00000017  c_w.l(libinit2.o)
    0x08000236   0x08000236   0x00000000   Code   RO         5357    .ARM.Collect$$libinit$$00000019  c_w.l(libinit2.o)
    0x08000236   0x08000236   0x00000000   Code   RO         5359    .ARM.Collect$$libinit$$0000001B  c_w.l(libinit2.o)
    0x08000236   0x08000236   0x00000000   Code   RO         5361    .ARM.Collect$$libinit$$0000001D  c_w.l(libinit2.o)
    0x08000236   0x08000236   0x00000000   Code   RO         5363    .ARM.Collect$$libinit$$0000001F  c_w.l(libinit2.o)
    0x08000236   0x08000236   0x00000000   Code   RO         5365    .ARM.Collect$$libinit$$00000021  c_w.l(libinit2.o)
    0x08000236   0x08000236   0x00000000   Code   RO         5367    .ARM.Collect$$libinit$$00000023  c_w.l(libinit2.o)
    0x08000236   0x08000236   0x00000000   Code   RO         5369    .ARM.Collect$$libinit$$00000025  c_w.l(libinit2.o)
    0x08000236   0x08000236   0x00000000   Code   RO         5373    .ARM.Collect$$libinit$$0000002C  c_w.l(libinit2.o)
    0x08000236   0x08000236   0x00000000   Code   RO         5375    .ARM.Collect$$libinit$$0000002E  c_w.l(libinit2.o)
    0x08000236   0x08000236   0x00000000   Code   RO         5377    .ARM.Collect$$libinit$$00000030  c_w.l(libinit2.o)
    0x08000236   0x08000236   0x00000000   Code   RO         5379    .ARM.Collect$$libinit$$00000032  c_w.l(libinit2.o)
    0x08000236   0x08000236   0x00000002   Code   RO         5380    .ARM.Collect$$libinit$$00000033  c_w.l(libinit2.o)
    0x08000238   0x08000238   0x00000002   Code   RO         5408    .ARM.Collect$$libshutdown$$00000000  c_w.l(libshutdown.o)
    0x0800023a   0x0800023a   0x00000000   Code   RO         5422    .ARM.Collect$$libshutdown$$00000002  c_w.l(libshutdown2.o)
    0x0800023a   0x0800023a   0x00000000   Code   RO         5424    .ARM.Collect$$libshutdown$$00000004  c_w.l(libshutdown2.o)
    0x0800023a   0x0800023a   0x00000000   Code   RO         5427    .ARM.Collect$$libshutdown$$00000007  c_w.l(libshutdown2.o)
    0x0800023a   0x0800023a   0x00000000   Code   RO         5430    .ARM.Collect$$libshutdown$$0000000A  c_w.l(libshutdown2.o)
    0x0800023a   0x0800023a   0x00000000   Code   RO         5432    .ARM.Collect$$libshutdown$$0000000C  c_w.l(libshutdown2.o)
    0x0800023a   0x0800023a   0x00000000   Code   RO         5435    .ARM.Collect$$libshutdown$$0000000F  c_w.l(libshutdown2.o)
    0x0800023a   0x0800023a   0x00000002   Code   RO         5436    .ARM.Collect$$libshutdown$$00000010  c_w.l(libshutdown2.o)
    0x0800023c   0x0800023c   0x00000000   Code   RO         5275    .ARM.Collect$$rtentry$$00000000  c_w.l(__rtentry.o)
    0x0800023c   0x0800023c   0x00000000   Code   RO         5289    .ARM.Collect$$rtentry$$00000002  c_w.l(__rtentry2.o)
    0x0800023c   0x0800023c   0x00000006   Code   RO         5301    .ARM.Collect$$rtentry$$00000004  c_w.l(__rtentry4.o)
    0x08000242   0x08000242   0x00000000   Code   RO         5291    .ARM.Collect$$rtentry$$00000009  c_w.l(__rtentry2.o)
    0x08000242   0x08000242   0x00000004   Code   RO         5292    .ARM.Collect$$rtentry$$0000000A  c_w.l(__rtentry2.o)
    0x08000246   0x08000246   0x00000000   Code   RO         5294    .ARM.Collect$$rtentry$$0000000C  c_w.l(__rtentry2.o)
    0x08000246   0x08000246   0x00000008   Code   RO         5295    .ARM.Collect$$rtentry$$0000000D  c_w.l(__rtentry2.o)
    0x0800024e   0x0800024e   0x00000002   Code   RO         5330    .ARM.Collect$$rtexit$$00000000  c_w.l(rtexit.o)
    0x08000250   0x08000250   0x00000000   Code   RO         5382    .ARM.Collect$$rtexit$$00000002  c_w.l(rtexit2.o)
    0x08000250   0x08000250   0x00000004   Code   RO         5383    .ARM.Collect$$rtexit$$00000003  c_w.l(rtexit2.o)
    0x08000254   0x08000254   0x00000006   Code   RO         5384    .ARM.Collect$$rtexit$$00000004  c_w.l(rtexit2.o)
    0x0800025a   0x0800025a   0x00000002   PAD
    0x0800025c   0x0800025c   0x00000040   Code   RO          524    .text               startup_stm32f429xx.o
    0x0800029c   0x0800029c   0x00000002   Code   RO         5185    .text               c_w.l(use_no_semi_2.o)
    0x0800029e   0x0800029e   0x00000048   Code   RO         5187    .text               c_w.l(llsdiv.o)
    0x080002e6   0x080002e6   0x00000002   PAD
    0x080002e8   0x080002e8   0x00000018   Code   RO         5191    .text               c_w.l(noretval__2printf.o)
    0x08000300   0x08000300   0x00000068   Code   RO         5193    .text               c_w.l(__printf.o)
    0x08000368   0x08000368   0x00000078   Code   RO         5195    .text               c_w.l(_printf_dec.o)
    0x080003e0   0x080003e0   0x00000058   Code   RO         5200    .text               c_w.l(_printf_hex_int.o)
    0x08000438   0x08000438   0x00000006   Code   RO         5243    .text               c_w.l(heapauxi.o)
    0x0800043e   0x0800043e   0x00000002   Code   RO         5273    .text               c_w.l(use_no_semi.o)
    0x08000440   0x08000440   0x000000ee   Code   RO         5276    .text               c_w.l(lludivv7m.o)
    0x0800052e   0x0800052e   0x000000b2   Code   RO         5278    .text               c_w.l(_printf_intcommon.o)
    0x080005e0   0x080005e0   0x00000024   Code   RO         5280    .text               c_w.l(_printf_char_file.o)
    0x08000604   0x08000604   0x00000030   Code   RO         5307    .text               c_w.l(_printf_char_common.o)
    0x08000634   0x08000634   0x00000008   Code   RO         5309    .text               c_w.l(ferror.o)
    0x0800063c   0x0800063c   0x0000004a   Code   RO         5313    .text               c_w.l(sys_stackheap_outer.o)
    0x08000686   0x08000686   0x00000012   Code   RO         5319    .text               c_w.l(exit.o)
    0x08000698   0x08000698   0x00000008   Code   RO         5327    .text               c_w.l(libspace.o)
    0x080006a0   0x080006a0   0x00000094   Code   RO         5012    i.ADS1256_CfgADC    ads1256.o
    0x08000734   0x08000734   0x0000000c   Code   RO         5013    i.ADS1256_DelaySCLK  ads1256.o
    0x08000740   0x08000740   0x00000024   Code   RO         5014    i.ADS1256_GetAdc    ads1256.o
    0x08000764   0x08000764   0x000000f0   Code   RO         5015    i.ADS1256_ISR       ads1256.o
    0x08000854   0x08000854   0x0000003c   Code   RO         5016    i.ADS1256_ReadChipID  ads1256.o
    0x08000890   0x08000890   0x00000048   Code   RO         5017    i.ADS1256_ReadData  ads1256.o
    0x080008d8   0x080008d8   0x00000054   Code   RO         5018    i.ADS1256_Recive8Bit  ads1256.o
    0x0800092c   0x0800092c   0x00000050   Code   RO         5019    i.ADS1256_Send8Bit  ads1256.o
    0x0800097c   0x0800097c   0x00000074   Code   RO         5020    i.ADS1256_StartScan  ads1256.o
    0x080009f0   0x080009f0   0x00000048   Code   RO         5021    i.ADS1256_StopScan  ads1256.o
    0x08000a38   0x08000a38   0x0000004c   Code   RO         5022    i.ADS1256_WaitDRDY  ads1256.o
    0x08000a84   0x08000a84   0x00000028   Code   RO         5023    i.ADS1256_WriteCmd  ads1256.o
    0x08000aac   0x08000aac   0x00000038   Code   RO         5024    i.ADS1256_WriteReg  ads1256.o
    0x08000ae4   0x08000ae4   0x00000042   Code   RO         4952    i.Ad9850_Init       ad9851.o
    0x08000b26   0x08000b26   0x00000002   Code   RO          310    i.BusFault_Handler  stm32f4xx_it.o
    0x08000b28   0x08000b28   0x00000002   Code   RO          311    i.DebugMon_Handler  stm32f4xx_it.o
    0x08000b2a   0x08000b2a   0x00000006   Code   RO         5025    i.EXTI9_5_IRQHandler  ads1256.o
    0x08000b30   0x08000b30   0x00000098   Code   RO         5026    i.HAL_GPIO_EXTI_Callback  ads1256.o
    0x08000bc8   0x08000bc8   0x00000018   Code   RO          814    i.HAL_GPIO_EXTI_IRQHandler  stm32f4xx_hal_gpio.o
    0x08000be0   0x08000be0   0x000001dc   Code   RO          815    i.HAL_GPIO_Init     stm32f4xx_hal_gpio.o
    0x08000dbc   0x08000dbc   0x00000004   Code   RO          819    i.HAL_GPIO_Write    stm32f4xx_hal_gpio.o
    0x08000dc0   0x08000dc0   0x0000000a   Code   RO          820    i.HAL_GPIO_WritePin  stm32f4xx_hal_gpio.o
    0x08000dca   0x08000dca   0x00000002   PAD
    0x08000dcc   0x08000dcc   0x0000000c   Code   RO          546    i.HAL_GetTick       stm32f4xx_hal.o
    0x08000dd8   0x08000dd8   0x00000010   Code   RO          547    i.HAL_IncTick       stm32f4xx_hal.o
    0x08000de8   0x08000de8   0x00000034   Code   RO          548    i.HAL_Init          stm32f4xx_hal.o
    0x08000e1c   0x08000e1c   0x00000022   Code   RO          549    i.HAL_InitTick      stm32f4xx_hal.o
    0x08000e3e   0x08000e3e   0x00000008   Code   RO          551    i.HAL_MspInit       stm32f4xx_hal.o
    0x08000e46   0x08000e46   0x00000016   Code   RO          691    i.HAL_NVIC_DisableIRQ  stm32f4xx_hal_cortex.o
    0x08000e5c   0x08000e5c   0x00000016   Code   RO          692    i.HAL_NVIC_EnableIRQ  stm32f4xx_hal_cortex.o
    0x08000e72   0x08000e72   0x00000002   PAD
    0x08000e74   0x08000e74   0x00000040   Code   RO          698    i.HAL_NVIC_SetPriority  stm32f4xx_hal_cortex.o
    0x08000eb4   0x08000eb4   0x00000024   Code   RO          699    i.HAL_NVIC_SetPriorityGrouping  stm32f4xx_hal_cortex.o
    0x08000ed8   0x08000ed8   0x00000088   Code   RO         1010    i.HAL_PWREx_EnableOverDrive  stm32f4xx_hal_pwr_ex.o
    0x08000f60   0x08000f60   0x00000208   Code   RO         1077    i.HAL_RCC_ClockConfig  stm32f4xx_hal_rcc.o
    0x08001168   0x08001168   0x00000034   Code   RO         1082    i.HAL_RCC_GetHCLKFreq  stm32f4xx_hal_rcc.o
    0x0800119c   0x0800119c   0x0000002c   Code   RO         1084    i.HAL_RCC_GetPCLK1Freq  stm32f4xx_hal_rcc.o
    0x080011c8   0x080011c8   0x0000002c   Code   RO         1085    i.HAL_RCC_GetPCLK2Freq  stm32f4xx_hal_rcc.o
    0x080011f4   0x080011f4   0x00000074   Code   RO         1086    i.HAL_RCC_GetSysClockFreq  stm32f4xx_hal_rcc.o
    0x08001268   0x08001268   0x0000031c   Code   RO         1089    i.HAL_RCC_OscConfig  stm32f4xx_hal_rcc.o
    0x08001584   0x08001584   0x00000018   Code   RO          701    i.HAL_SYSTICK_CLKSourceConfig  stm32f4xx_hal_cortex.o
    0x0800159c   0x0800159c   0x00000028   Code   RO          703    i.HAL_SYSTICK_Config  stm32f4xx_hal_cortex.o
    0x080015c4   0x080015c4   0x00000002   Code   RO         2427    i.HAL_TIMEx_BreakCallback  stm32f4xx_hal_tim_ex.o
    0x080015c6   0x080015c6   0x00000002   Code   RO         2428    i.HAL_TIMEx_CommutationCallback  stm32f4xx_hal_tim_ex.o
    0x080015c8   0x080015c8   0x00000002   Code   RO         1827    i.HAL_TIM_IC_CaptureCallback  stm32f4xx_hal_tim.o
    0x080015ca   0x080015ca   0x00000166   Code   RO         1840    i.HAL_TIM_IRQHandler  stm32f4xx_hal_tim.o
    0x08001730   0x08001730   0x00000002   Code   RO         1843    i.HAL_TIM_OC_DelayElapsedCallback  stm32f4xx_hal_tim.o
    0x08001732   0x08001732   0x00000002   Code   RO         1870    i.HAL_TIM_PWM_PulseFinishedCallback  stm32f4xx_hal_tim.o
    0x08001734   0x08001734   0x00000002   Code   RO         5139    i.HAL_TIM_PeriodElapsedCallback  timer.o
    0x08001736   0x08001736   0x00000002   Code   RO         1881    i.HAL_TIM_TriggerCallback  stm32f4xx_hal_tim.o
    0x08001738   0x08001738   0x00000002   Code   RO         1229    i.HAL_UART_ErrorCallback  stm32f4xx_hal_uart.o
    0x0800173a   0x0800173a   0x000000f4   Code   RO         1232    i.HAL_UART_IRQHandler  stm32f4xx_hal_uart.o
    0x0800182e   0x0800182e   0x0000005e   Code   RO         1233    i.HAL_UART_Init     stm32f4xx_hal_uart.o
    0x0800188c   0x0800188c   0x00000094   Code   RO         4243    i.HAL_UART_MspInit  usart.o
    0x08001920   0x08001920   0x000000ca   Code   RO         1236    i.HAL_UART_Receive  stm32f4xx_hal_uart.o
    0x080019ea   0x080019ea   0x00000002   Code   RO         1239    i.HAL_UART_RxCpltCallback  stm32f4xx_hal_uart.o
    0x080019ec   0x080019ec   0x000000c8   Code   RO         1241    i.HAL_UART_Transmit  stm32f4xx_hal_uart.o
    0x08001ab4   0x08001ab4   0x00000002   Code   RO         1244    i.HAL_UART_TxCpltCallback  stm32f4xx_hal_uart.o
    0x08001ab6   0x08001ab6   0x00000002   Code   RO          312    i.HardFault_Handler  stm32f4xx_it.o
    0x08001ab8   0x08001ab8   0x00000080   Code   RO         4363    i.KEY_Init          key.o
    0x08001b38   0x08001b38   0x0000004c   Code   RO         4333    i.LED_Init          led.o
    0x08001b84   0x08001b84   0x00000002   Code   RO          313    i.MemManage_Handler  stm32f4xx_it.o
    0x08001b86   0x08001b86   0x0000002e   Code   RO            4    i.Modular_Init      main.o
    0x08001bb4   0x08001bb4   0x00000002   Code   RO          314    i.NMI_Handler       stm32f4xx_it.o
    0x08001bb6   0x08001bb6   0x00000020   Code   RO          705    i.NVIC_SetPriority  stm32f4xx_hal_cortex.o
    0x08001bd6   0x08001bd6   0x00000002   Code   RO          315    i.PendSV_Handler    stm32f4xx_it.o
    0x08001bd8   0x08001bd8   0x0000007c   Code   RO            5    i.Read_ID           main.o
    0x08001c54   0x08001c54   0x00000002   Code   RO          316    i.SVC_Handler       stm32f4xx_it.o
    0x08001c56   0x08001c56   0x00000002   PAD
    0x08001c58   0x08001c58   0x00000084   Code   RO         4216    i.Stm32_Clock_Init  sys.o
    0x08001cdc   0x08001cdc   0x00000004   Code   RO          317    i.SysTick_Handler   stm32f4xx_it.o
    0x08001ce0   0x08001ce0   0x00000054   Code   RO          389    i.SystemInit        system_stm32f4xx.o
    0x08001d34   0x08001d34   0x0000000c   Code   RO         5140    i.TIM3_IRQHandler   timer.o
    0x08001d40   0x08001d40   0x000000a6   Code   RO         1251    i.UART_Receive_IT   stm32f4xx_hal_uart.o
    0x08001de6   0x08001de6   0x00000002   PAD
    0x08001de8   0x08001de8   0x00000174   Code   RO         1252    i.UART_SetConfig    stm32f4xx_hal_uart.o
    0x08001f5c   0x08001f5c   0x00000066   Code   RO         1253    i.UART_Transmit_IT  stm32f4xx_hal_uart.o
    0x08001fc2   0x08001fc2   0x00000092   Code   RO         1254    i.UART_WaitOnFlagUntilTimeout  stm32f4xx_hal_uart.o
    0x08002054   0x08002054   0x0000006c   Code   RO         4244    i.USART1_IRQHandler  usart.o
    0x080020c0   0x080020c0   0x00000002   Code   RO          318    i.UsageFault_Handler  stm32f4xx_it.o
    0x080020c2   0x080020c2   0x00000022   Code   RO         4245    i.Usart_SendArray   usart.o
    0x080020e4   0x080020e4   0x0000000e   Code   RO         4246    i.Usart_SendByte    usart.o
    0x080020f2   0x080020f2   0x00000002   PAD
    0x080020f4   0x080020f4   0x00000054   Code   RO         4247    i.Virtual_Osc       usart.o
    0x08002148   0x08002148   0x00000002   Code   RO         4249    i._sys_exit         usart.o
    0x0800214a   0x0800214a   0x00000002   PAD
    0x0800214c   0x0800214c   0x00000078   Code   RO         4953    i.ad9851_Init       ad9851.o
    0x080021c4   0x080021c4   0x00000020   Code   RO         4954    i.ad9851_reset_parrel  ad9851.o
    0x080021e4   0x080021e4   0x00000038   Code   RO         4955    i.ad9851_reset_serial  ad9851.o
    0x0800221c   0x0800221c   0x000000f8   Code   RO         4956    i.ad9851_wr_parrel  ad9851.o
    0x08002314   0x08002314   0x00000114   Code   RO         4957    i.ad9851_wr_serial  ad9851.o
    0x08002428   0x08002428   0x000000b0   Code   RO         5027    i.bsp_Cfg_ADS1256   ads1256.o
    0x080024d8   0x080024d8   0x00000084   Code   RO         5028    i.bsp_InitADS1256   ads1256.o
    0x0800255c   0x0800255c   0x00000014   Code   RO         4177    i.delay_init        delay.o
    0x08002570   0x08002570   0x0000001a   Code   RO         4178    i.delay_ms          delay.o
    0x0800258a   0x0800258a   0x00000002   PAD
    0x0800258c   0x0800258c   0x00000034   Code   RO         4179    i.delay_us          delay.o
    0x080025c0   0x080025c0   0x00000014   Code   RO         4250    i.fputc             usart.o
    0x080025d4   0x080025d4   0x00000026   Code   RO            7    i.main              main.o
    0x080025fa   0x080025fa   0x00000002   PAD
    0x080025fc   0x080025fc   0x00000024   Code   RO         4251    i.uart_init         usart.o
    0x08002620   0x08002620   0x00000040   Code   RO         4252    i.vcan_sendware     usart.o
    0x08002660   0x08002660   0x000002b0   Code   RO         5254    x$fpl$ddiv          fz_wm.l(ddiv.o)
    0x08002910   0x08002910   0x0000005e   Code   RO         5257    x$fpl$dfix          fz_wm.l(dfix.o)
    0x0800296e   0x0800296e   0x00000026   Code   RO         5265    x$fpl$dfltu         fz_wm.l(dflt_clz.o)
    0x08002994   0x08002994   0x00000154   Code   RO         5271    x$fpl$dmul          fz_wm.l(dmul.o)
    0x08002ae8   0x08002ae8   0x0000009c   Code   RO         5283    x$fpl$dnaninf       fz_wm.l(dnaninf.o)
    0x08002b84   0x08002b84   0x0000000c   Code   RO         5285    x$fpl$dretinf       fz_wm.l(dretinf.o)
    0x08002b90   0x08002b90   0x0000000a   Code   RO         5396    x$fpl$fpinit        fz_wm.l(fpinit.o)
    0x08002b9a   0x08002b9a   0x00000000   Code   RO         5287    x$fpl$usenofp       fz_wm.l(usenofp.o)
    0x08002b9a   0x08002b9a   0x00000010   Data   RO         1090    .constdata          stm32f4xx_hal_rcc.o
    0x08002baa   0x08002baa   0x00000010   Data   RO         5032    .constdata          ads1256.o
    0x08002bba   0x08002bba   0x00000028   Data   RO         5201    .constdata          c_w.l(_printf_hex_int.o)
    0x08002be2   0x08002be2   0x00000002   PAD
    0x08002be4   0x08002be4   0x00000020   Data   RO         5454    Region$$Table       anon$$obj.o


    Execution Region RW_IRAM1 (Exec base: 0x20000000, Load base: 0x08002c04, Size: 0x00000820, Max: 0x00030000, ABSOLUTE)

    Exec Addr    Load Addr    Size         Type   Attr      Idx    E Section Name        Object

    0x20000000   0x08002c04   0x00000014   Data   RW          390    .data               system_stm32f4xx.o
    0x20000014   0x08002c18   0x00000004   Data   RW          554    .data               stm32f4xx_hal.o
    0x20000018   0x08002c1c   0x00000004   Data   RW         4180    .data               delay.o
    0x2000001c   0x08002c20   0x00000002   Data   RW         4254    .data               usart.o
    0x2000001e   0x08002c22   0x00000002   PAD
    0x20000020   0x08002c24   0x00000004   Data   RW         4255    .data               usart.o
    0x20000024   0x08002c28   0x00000005   Data   RW         4958    .data               ad9851.o
    0x20000029   0x08002c2d   0x00000001   Data   RW         5033    .data               ads1256.o
    0x2000002a   0x08002c2e   0x00000002   PAD
    0x2000002c        -       0x00000118   Zero   RW         4253    .bss                usart.o
    0x20000144        -       0x0000003c   Zero   RW         5029    .bss                ads1256.o
    0x20000180        -       0x0000003c   Zero   RW         5142    .bss                timer.o
    0x200001bc        -       0x00000060   Zero   RW         5328    .bss                c_w.l(libspace.o)
    0x2000021c   0x08002c2e   0x00000004   PAD
    0x20000220        -       0x00000200   Zero   RW          522    HEAP                startup_stm32f429xx.o
    0x20000420        -       0x00000400   Zero   RW          521    STACK               startup_stm32f429xx.o



  Load Region LR$$.ARM.__AT_0xC0000000 (Base: 0xc0000000, Size: 0x00000000, Max: 0x001f4000, ABSOLUTE)

    Execution Region ER$$.ARM.__AT_0xC0000000 (Exec base: 0xc0000000, Load base: 0xc0000000, Size: 0x001f4000, Max: 0x001f4000, ABSOLUTE, UNINIT)

    Exec Addr    Load Addr    Size         Type   Attr      Idx    E Section Name        Object

    0xc0000000        -       0x001f4000   Zero   RW         4688    .ARM.__AT_0xC0000000  ltdc.o


==============================================================================

Image component sizes


      Code (inc. data)   RO Data    RW Data    ZI Data      Debug   Object Name

       798         74          0          5          0       4886   ad9851.o
      1558        272         16          1         60      18534   ads1256.o
        98          8          0          4          0       1867   delay.o
       128         18          0          0          0        959   key.o
        76          8          0          0          0        843   led.o
         0          0          0          0    2048000       1922   ltdc.o
       208         84          0          0          0     418524   main.o
        64         26        428          0       1536        816   startup_stm32f429xx.o
       122         16          0          4          0       4068   stm32f4xx_hal.o
       240         14          0          0          0      31475   stm32f4xx_hal_cortex.o
       514         60          0          0          0       3820   stm32f4xx_hal_gpio.o
       136         14          0          0          0       1280   stm32f4xx_hal_pwr_ex.o
      1572         72         16          0          0       6267   stm32f4xx_hal_rcc.o
       366          0          0          0          0       4438   stm32f4xx_hal_tim.o
         4          0          0          0          0       1630   stm32f4xx_hal_tim_ex.o
      1532          8          0          0          0       9774   stm32f4xx_hal_uart.o
        20          0          0          0          0       3890   stm32f4xx_it.o
       132         10          0          0          0       1119   sys.o
        84         18          0         20          0       1001   system_stm32f4xx.o
        14          6          0          0         60       1561   timer.o
       510         56          0          6        280       7670   usart.o

    ----------------------------------------------------------------------
      8192        764        492         44    2049936     526344   Object Totals
         0          0         32          0          0          0   (incl. Generated)
        16          0          0          4          0          0   (incl. Padding)

    ----------------------------------------------------------------------

      Code (inc. data)   RO Data    RW Data    ZI Data      Debug   Library Member Name

         8          0          0          0          0         68   __main.o
       104          0          0          0          0         84   __printf.o
         0          0          0          0          0          0   __rtentry.o
        12          0          0          0          0          0   __rtentry2.o
         6          0          0          0          0          0   __rtentry4.o
        52          8          0          0          0          0   __scatter.o
        26          0          0          0          0          0   __scatter_copy.o
        28          0          0          0          0          0   __scatter_zi.o
        48          6          0          0          0         96   _printf_char_common.o
        36          4          0          0          0         80   _printf_char_file.o
         6          0          0          0          0          0   _printf_d.o
       120         16          0          0          0         92   _printf_dec.o
        88          4         40          0          0         88   _printf_hex_int.o
       178          0          0          0          0         88   _printf_intcommon.o
         0          0          0          0          0          0   _printf_percent.o
         4          0          0          0          0          0   _printf_percent_end.o
         6          0          0          0          0          0   _printf_x.o
        18          0          0          0          0         80   exit.o
         8          0          0          0          0         68   ferror.o
         6          0          0          0          0        152   heapauxi.o
         2          0          0          0          0          0   libinit.o
         6          0          0          0          0          0   libinit2.o
         2          0          0          0          0          0   libshutdown.o
         2          0          0          0          0          0   libshutdown2.o
         8          4          0          0         96         68   libspace.o
        72          0          0          0          0         76   llsdiv.o
       238          0          0          0          0        100   lludivv7m.o
        24          4          0          0          0         84   noretval__2printf.o
         2          0          0          0          0          0   rtexit.o
        10          0          0          0          0          0   rtexit2.o
        74          0          0          0          0         80   sys_stackheap_outer.o
         2          0          0          0          0         68   use_no_semi.o
         2          0          0          0          0         68   use_no_semi_2.o
       688        140          0          0          0        256   ddiv.o
        94          4          0          0          0        140   dfix.o
        38          0          0          0          0        116   dflt_clz.o
       340         12          0          0          0        152   dmul.o
       156          4          0          0          0        140   dnaninf.o
        12          0          0          0          0        116   dretinf.o
        10          0          0          0          0        116   fpinit.o
         0          0          0          0          0          0   usenofp.o

    ----------------------------------------------------------------------
      2542        206         42          0        100       2476   Library Totals
         6          0          2          0          4          0   (incl. Padding)

    ----------------------------------------------------------------------

      Code (inc. data)   RO Data    RW Data    ZI Data      Debug   Library Name

      1198         46         40          0         96       1440   c_w.l
      1338        160          0          0          0       1036   fz_wm.l

    ----------------------------------------------------------------------
      2542        206         42          0        100       2476   Library Totals

    ----------------------------------------------------------------------

==============================================================================


      Code (inc. data)   RO Data    RW Data    ZI Data      Debug   

     10734        970        534         44    2050036     518844   Grand Totals
     10734        970        534         44    2050036     518844   ELF Image Totals
     10734        970        534         44          0          0   ROM Totals

==============================================================================

    Total RO  Size (Code + RO Data)                11268 (  11.00kB)
    Total RW  Size (RW Data + ZI Data)           2050080 (2002.03kB)
    Total ROM Size (Code + RO Data + RW Data)      11312 (  11.05kB)

==============================================================================

